#
# There is insufficient memory for the Java Runtime Environment to continue.
# Native memory allocation (malloc) failed to allocate 736976 bytes. Error detail: Chunk::new
# Possible reasons:
#   The system is out of physical RAM or swap space
#   This process is running with CompressedOops enabled, and the Java Heap may be blocking the growth of the native heap
# Possible solutions:
#   Reduce memory load on the system
#   Increase physical memory or swap space
#   Check if swap backing store is full
#   Decrease Java heap size (-Xmx/-Xms)
#   Decrease number of Java threads
#   Decrease Java thread stack sizes (-Xss)
#   Set larger code cache with -XX:ReservedCodeCacheSize=
#   JVM is running with Unscaled Compressed Oops mode in which the Java heap is
#     placed in the first 4GB address space. The Java Heap base address is the
#     maximum limit for the native heap growth. Please use -XX:HeapBaseMinAddress
#     to set the Java Heap base and to place the Java Heap above 4GB virtual address.
# This output file may be truncated or incomplete.
#
#  Out of Memory Error (arena.cpp:168), pid=24608, tid=41056
#
# JRE version: OpenJDK Runtime Environment Temurin-21.0.12.1+1 (21.0.12.1+1) (build 21.0.12.1+1-LTS)
# Java VM: OpenJDK 64-Bit Server VM Temurin-21.0.12.1+1 (21.0.12.1+1-LTS, mixed mode, sharing, tiered, compressed oops, compressed class ptrs, g1 gc, windows-amd64)
# No core dump will be written. Minidumps are not enabled by default on client versions of Windows
#

---------------  S U M M A R Y ------------

Command Line: --add-opens=java.base/java.util=ALL-UNNAMED --add-opens=java.base/java.lang=ALL-UNNAMED --add-opens=java.base/java.lang.invoke=ALL-UNNAMED --add-opens=java.prefs/java.util.prefs=ALL-UNNAMED --add-exports=jdk.compiler/com.sun.tools.javac.api=ALL-UNNAMED --add-exports=jdk.compiler/com.sun.tools.javac.util=ALL-UNNAMED --add-opens=java.base/java.nio.charset=ALL-UNNAMED --add-opens=java.base/java.net=ALL-UNNAMED --add-opens=java.base/java.util.concurrent.atomic=ALL-UNNAMED -XX:MaxMetaspaceSize=384m -XX:+HeapDumpOnOutOfMemoryError -Xms256m -Xmx512m -Dfile.encoding=utf8 -Duser.country=US -Duser.language=en -Duser.variant -javaagent:C:\Users\Angelina Thennessa\.gradle\wrapper\dists\gradle-8.9-bin\90cnw93cvbtalezasaz0blq0a\gradle-8.9\lib\agents\gradle-instrumentation-agent-8.9.jar org.gradle.launcher.daemon.bootstrap.GradleDaemon 8.9

Host: 13th Gen Intel(R) Core(TM) i5-13420H, 12 cores, 15G,  Windows 11 , 64 bit Build 26100 (10.0.26100.9168)
Time: Sat Sep  5 14:03:09 2026 SE Asia Standard Time elapsed time: 290.527707 seconds (0d 0h 4m 50s)

---------------  T H R E A D  ---------------

Current thread (0x0000017967278ba0):  JavaThread "C2 CompilerThread0" daemon [_thread_in_native, id=41056, stack(0x0000001f52e00000,0x0000001f52f00000) (1024K)]


Current CompileTask:
C2:290527 5817       4       org.gradle.launcher.daemon.context.DefaultDaemonContext$Serializer::read (219 bytes)

Stack: [0x0000001f52e00000,0x0000001f52f00000]
Native frames: (J=compiled Java code, j=interpreted, Vv=VM code, C=native code)
V  [jvm.dll+0x6d83e9]
V  [jvm.dll+0x8b5736]
V  [jvm.dll+0x8b7cee]
V  [jvm.dll+0x8b83d3]
V  [jvm.dll+0x284596]
V  [jvm.dll+0xc685d]
V  [jvm.dll+0xc6da1]
V  [jvm.dll+0x3bf151]
V  [jvm.dll+0x38b6d2]
V  [jvm.dll+0x38ab1a]
V  [jvm.dll+0x24c700]
V  [jvm.dll+0x24bce0]
V  [jvm.dll+0x1cb4ae]
V  [jvm.dll+0x25baad]
V  [jvm.dll+0x25a03a]
V  [jvm.dll+0x3f8aae]
V  [jvm.dll+0x8600cd]
V  [jvm.dll+0x6d6c1d]
C  [ucrtbase.dll+0x2cd30]
C  [KERNEL32.DLL+0x2ccb7]
C  [ntdll.dll+0xaad6c]


---------------  P R O C E S S  ---------------

Threads class SMR info:
_java_thread_list=0x0000017904a44440, length=35, elements={
0x000001795147e360, 0x000001796723bbf0, 0x000001796723c650, 0x000001796723e7e0,
0x0000017967240230, 0x0000017967242300, 0x00000179672408c0, 0x0000017967278ba0,
0x0000017967279250, 0x0000017967241c70, 0x0000017967240f50, 0x00000179672415e0,
0x0000017967242990, 0x000001796723fba0, 0x000001797d7190e0, 0x000001797d7183c0,
0x000001797d719e00, 0x000001797d718a50, 0x000001797d719770, 0x000001797d71ab20,
0x000001797d71a490, 0x000001797d7176a0, 0x000001797d71b1b0, 0x000001797d717d30,
0x000001797d71bed0, 0x000001797d71cbf0, 0x000001797d71d280, 0x000001797d71c560,
0x000001797d71d910, 0x000001797d71dfa0, 0x000001797d71e630, 0x000001797d71b840,
0x000001797dea4000, 0x000001797dea4690, 0x000001797dea60d0
}

Java Threads: ( => current thread )
  0x000001795147e360 JavaThread "main"                              [_thread_blocked, id=45400, stack(0x0000001f52000000,0x0000001f52100000) (1024K)]
  0x000001796723bbf0 JavaThread "Reference Handler"          daemon [_thread_blocked, id=49808, stack(0x0000001f52800000,0x0000001f52900000) (1024K)]
  0x000001796723c650 JavaThread "Finalizer"                  daemon [_thread_blocked, id=37328, stack(0x0000001f52900000,0x0000001f52a00000) (1024K)]
  0x000001796723e7e0 JavaThread "Signal Dispatcher"          daemon [_thread_blocked, id=52068, stack(0x0000001f52a00000,0x0000001f52b00000) (1024K)]
  0x0000017967240230 JavaThread "Attach Listener"            daemon [_thread_blocked, id=38648, stack(0x0000001f52b00000,0x0000001f52c00000) (1024K)]
  0x0000017967242300 JavaThread "Service Thread"             daemon [_thread_blocked, id=37064, stack(0x0000001f52c00000,0x0000001f52d00000) (1024K)]
  0x00000179672408c0 JavaThread "Monitor Deflation Thread"   daemon [_thread_blocked, id=36232, stack(0x0000001f52d00000,0x0000001f52e00000) (1024K)]
=>0x0000017967278ba0 JavaThread "C2 CompilerThread0"         daemon [_thread_in_native, id=41056, stack(0x0000001f52e00000,0x0000001f52f00000) (1024K)]
  0x0000017967279250 JavaThread "C1 CompilerThread0"         daemon [_thread_blocked, id=47344, stack(0x0000001f52f00000,0x0000001f53000000) (1024K)]
  0x0000017967241c70 JavaThread "Common-Cleaner"             daemon [_thread_blocked, id=50964, stack(0x0000001f53000000,0x0000001f53100000) (1024K)]
  0x0000017967240f50 JavaThread "Notification Thread"        daemon [_thread_blocked, id=15892, stack(0x0000001f53100000,0x0000001f53200000) (1024K)]
  0x00000179672415e0 JavaThread "Daemon health stats"               [_thread_blocked, id=52416, stack(0x0000001f53800000,0x0000001f53900000) (1024K)]
  0x0000017967242990 JavaThread "Incoming local TCP Connector on port 54349"        [_thread_in_native, id=50576, stack(0x0000001f53900000,0x0000001f53a00000) (1024K)]
  0x000001796723fba0 JavaThread "Daemon periodic checks"            [_thread_blocked, id=7988, stack(0x0000001f53a00000,0x0000001f53b00000) (1024K)]
  0x000001797d7190e0 JavaThread "Daemon"                            [_thread_blocked, id=53408, stack(0x0000001f53b00000,0x0000001f53c00000) (1024K)]
  0x000001797d7183c0 JavaThread "Handler for socket connection from /127.0.0.1:54349 to /127.0.0.1:58479"        [_thread_in_native, id=33932, stack(0x0000001f53c00000,0x0000001f53d00000) (1024K)]
  0x000001797d719e00 JavaThread "Cancel handler"                    [_thread_blocked, id=48216, stack(0x0000001f53d00000,0x0000001f53e00000) (1024K)]
  0x000001797d718a50 JavaThread "Daemon worker"                     [_thread_in_vm, id=41100, stack(0x0000001f53e00000,0x0000001f53f00000) (1024K)]
  0x000001797d719770 JavaThread "Asynchronous log dispatcher for DefaultDaemonConnection: socket connection from /127.0.0.1:54349 to /127.0.0.1:58479"        [_thread_blocked, id=43784, stack(0x0000001f53f00000,0x0000001f54000000) (1024K)]
  0x000001797d71ab20 JavaThread "Stdin handler"                     [_thread_blocked, id=44892, stack(0x0000001f54000000,0x0000001f54100000) (1024K)]
  0x000001797d71a490 JavaThread "Daemon client event forwarder"        [_thread_blocked, id=48764, stack(0x0000001f54100000,0x0000001f54200000) (1024K)]
  0x000001797d7176a0 JavaThread "Cache worker for journal cache (C:\Users\Angelina Thennessa\.gradle\caches\journal-1)"        [_thread_blocked, id=29760, stack(0x0000001f51d00000,0x0000001f51e00000) (1024K)]
  0x000001797d71b1b0 JavaThread "File lock request listener"        [_thread_in_native, id=39400, stack(0x0000001f54200000,0x0000001f54300000) (1024K)]
  0x000001797d717d30 JavaThread "File lock release action executor"        [_thread_blocked, id=28628, stack(0x0000001f54300000,0x0000001f54400000) (1024K)]
  0x000001797d71bed0 JavaThread "Cache worker for file hash cache (C:\Users\Angelina Thennessa\.gradle\caches\8.9\fileHashes)"        [_thread_blocked, id=28460, stack(0x0000001f54400000,0x0000001f54500000) (1024K)]
  0x000001797d71cbf0 JavaThread "Cache worker for file hash cache (D:\CollageStuff\Semester 5\MobileProgramming\flutter\packages\flutter_tools\gradle\.gradle\8.9\fileHashes)"        [_thread_blocked, id=42944, stack(0x0000001f54800000,0x0000001f54900000) (1024K)]
  0x000001797d71d280 JavaThread "Cache worker for Build Output Cleanup Cache (D:\CollageStuff\Semester 5\MobileProgramming\flutter\packages\flutter_tools\gradle\.gradle\buildOutputCleanup)"        [_thread_blocked, id=42320, stack(0x0000001f54900000,0x0000001f54a00000) (1024K)]
  0x000001797d71c560 JavaThread "File watcher server"        daemon [_thread_in_native, id=51584, stack(0x0000001f54a00000,0x0000001f54b00000) (1024K)]
  0x000001797d71d910 JavaThread "File watcher consumer"      daemon [_thread_blocked, id=51592, stack(0x0000001f54b00000,0x0000001f54c00000) (1024K)]
  0x000001797d71dfa0 JavaThread "Cache worker for checksums cache (D:\CollageStuff\Semester 5\MobileProgramming\flutter\packages\flutter_tools\gradle\.gradle\8.9\checksums)"        [_thread_blocked, id=37228, stack(0x0000001f54c00000,0x0000001f54d00000) (1024K)]
  0x000001797d71e630 JavaThread "Cache worker for file content cache (C:\Users\Angelina Thennessa\.gradle\caches\8.9\fileContent)"        [_thread_blocked, id=43000, stack(0x0000001f54d00000,0x0000001f54e00000) (1024K)]
  0x000001797d71b840 JavaThread "Cache worker for cache directory md-rule (C:\Users\Angelina Thennessa\.gradle\caches\8.9\md-rule)"        [_thread_blocked, id=29944, stack(0x0000001f54e00000,0x0000001f54f00000) (1024K)]
  0x000001797dea4000 JavaThread "Cache worker for cache directory md-supplier (C:\Users\Angelina Thennessa\.gradle\caches\8.9\md-supplier)"        [_thread_blocked, id=51072, stack(0x0000001f54f00000,0x0000001f55000000) (1024K)]
  0x000001797dea4690 JavaThread "jar transforms"                    [_thread_blocked, id=46956, stack(0x0000001f55000000,0x0000001f55100000) (1024K)]
  0x000001797dea60d0 JavaThread "jar transforms Thread 2"           [_thread_blocked, id=8060, stack(0x0000001f55100000,0x0000001f55200000) (1024K)]
Total: 35

Other Threads:
  0x000001796721f990 VMThread "VM Thread"                           [id=39768, stack(0x0000001f52700000,0x0000001f52800000) (1024K)]
  0x00000179673110a0 WatcherThread "VM Periodic Task Thread"        [id=35432, stack(0x0000001f52600000,0x0000001f52700000) (1024K)]
  0x00000179514abe60 WorkerThread "GC Thread#0"                     [id=40988, stack(0x0000001f52100000,0x0000001f52200000) (1024K)]
  0x0000017967d66380 WorkerThread "GC Thread#1"                     [id=33356, stack(0x0000001f53200000,0x0000001f53300000) (1024K)]
  0x0000017967dbf930 WorkerThread "GC Thread#2"                     [id=18184, stack(0x0000001f53300000,0x0000001f53400000) (1024K)]
  0x0000017967dbfce0 WorkerThread "GC Thread#3"                     [id=42508, stack(0x0000001f53400000,0x0000001f53500000) (1024K)]
  0x0000017967e10360 WorkerThread "GC Thread#4"                     [id=38788, stack(0x0000001f53500000,0x0000001f53600000) (1024K)]
  0x0000017967e10710 WorkerThread "GC Thread#5"                     [id=37552, stack(0x0000001f53600000,0x0000001f53700000) (1024K)]
  0x000001796748a7e0 WorkerThread "GC Thread#6"                     [id=3424, stack(0x0000001f53700000,0x0000001f53800000) (1024K)]
  0x000001797df8e5b0 WorkerThread "GC Thread#7"                     [id=34144, stack(0x0000001f51e00000,0x0000001f51f00000) (1024K)]
  0x000001797df8b970 WorkerThread "GC Thread#8"                     [id=17028, stack(0x0000001f51f00000,0x0000001f52000000) (1024K)]
  0x000001797df8d340 WorkerThread "GC Thread#9"                     [id=40876, stack(0x0000001f54500000,0x0000001f54600000) (1024K)]
  0x00000179514b0d50 ConcurrentGCThread "G1 Main Marker"            [id=51668, stack(0x0000001f52200000,0x0000001f52300000) (1024K)]
  0x00000179514b3490 WorkerThread "G1 Conc#0"                       [id=34900, stack(0x0000001f52300000,0x0000001f52400000) (1024K)]
  0x000001797df8bd20 WorkerThread "G1 Conc#1"                       [id=47688, stack(0x0000001f54600000,0x0000001f54700000) (1024K)]
  0x000001797df8c480 WorkerThread "G1 Conc#2"                       [id=30076, stack(0x0000001f54700000,0x0000001f54800000) (1024K)]
  0x000001795153e910 ConcurrentGCThread "G1 Refine#0"               [id=29988, stack(0x0000001f52400000,0x0000001f52500000) (1024K)]
  0x0000017967161a80 ConcurrentGCThread "G1 Service"                [id=51696, stack(0x0000001f52500000,0x0000001f52600000) (1024K)]
Total: 18

Threads with active compile tasks:
C2 CompilerThread0  290558 5817       4       org.gradle.launcher.daemon.context.DefaultDaemonContext$Serializer::read (219 bytes)
Total: 1

VM state: not at safepoint (normal execution)

VM Mutex/Monitor currently owned by a thread: None

Heap address: 0x00000000e0000000, size: 512 MB, Compressed Oops mode: 32-bit

CDS archive(s) mapped at: [0x0000017968000000-0x0000017968ba0000-0x0000017968ba0000), size 12189696, SharedBaseAddress: 0x0000017968000000, ArchiveRelocationMode: 1.
Compressed class space mapped at: 0x0000017969000000-0x000001797d000000, reserved size: 335544320
Narrow klass base: 0x0000017968000000, Narrow klass shift: 0, Narrow klass range: 0x100000000

GC Precious Log:
 CardTable entry size: 512
 Card Set container configuration: InlinePtr #cards 5 size 8 Array Of Cards #cards 12 size 40 Howl #buckets 4 coarsen threshold 1843 Howl Bitmap #cards 512 size 80 coarsen threshold 460 Card regions per heap region 1 cards per card region 2048
 CPUs: 12 total, 12 available
 Memory: 16046M
 Large Page Support: Disabled
 NUMA Support: Disabled
 Compressed Oops: Enabled (32-bit)
 Heap Region Size: 1M
 Heap Min Capacity: 256M
 Heap Initial Capacity: 256M
 Heap Max Capacity: 512M
 Pre-touch: Disabled
 Parallel Workers: 10
 Concurrent Workers: 3
 Concurrent Refinement Workers: 10
 Periodic GC: Disabled

Heap:
 garbage-first heap   total 262144K, used 40083K [0x00000000e0000000, 0x0000000100000000)
  region size 1024K, 16 young (16384K), 14 survivors (14336K)
 Metaspace       used 48191K, committed 49792K, reserved 393216K
  class space    used 7028K, committed 7808K, reserved 327680K

Heap Regions: E=young(eden), S=young(survivor), O=old, HS=humongous(starts), HC=humongous(continues), CS=collection set, F=free, TAMS=top-at-mark-start, PB=parsable bottom
|   0|0x00000000e0000000, 0x00000000e0100000, 0x00000000e0100000|100%|HS|  |TAMS 0x00000000e0000000| PB 0x00000000e0000000| Complete 
|   1|0x00000000e0100000, 0x00000000e0200000, 0x00000000e0200000|100%|HC|  |TAMS 0x00000000e0100000| PB 0x00000000e0100000| Complete 
|   2|0x00000000e0200000, 0x00000000e0300000, 0x00000000e0300000|100%|HC|  |TAMS 0x00000000e0200000| PB 0x00000000e0200000| Complete 
|   3|0x00000000e0300000, 0x00000000e0400000, 0x00000000e0400000|100%|HC|  |TAMS 0x00000000e0300000| PB 0x00000000e0300000| Complete 
|   4|0x00000000e0400000, 0x00000000e0500000, 0x00000000e0500000|100%| O|  |TAMS 0x00000000e0400000| PB 0x00000000e0400000| Untracked 
|   5|0x00000000e0500000, 0x00000000e0600000, 0x00000000e0600000|100%| O|  |TAMS 0x00000000e0500000| PB 0x00000000e0500000| Untracked 
|   6|0x00000000e0600000, 0x00000000e0600000, 0x00000000e0700000|  0%| F|  |TAMS 0x00000000e0600000| PB 0x00000000e0600000| Untracked 
|   7|0x00000000e0700000, 0x00000000e0800000, 0x00000000e0800000|100%| O|  |TAMS 0x00000000e0700000| PB 0x00000000e0700000| Untracked 
|   8|0x00000000e0800000, 0x00000000e0900000, 0x00000000e0900000|100%| O|  |TAMS 0x00000000e0800000| PB 0x00000000e0800000| Untracked 
|   9|0x00000000e0900000, 0x00000000e0a00000, 0x00000000e0a00000|100%| O|  |TAMS 0x00000000e0900000| PB 0x00000000e0900000| Untracked 
|  10|0x00000000e0a00000, 0x00000000e0b00000, 0x00000000e0b00000|100%|HS|  |TAMS 0x00000000e0a00000| PB 0x00000000e0a00000| Complete 
|  11|0x00000000e0b00000, 0x00000000e0c00000, 0x00000000e0c00000|100%| O|  |TAMS 0x00000000e0b00000| PB 0x00000000e0b00000| Untracked 
|  12|0x00000000e0c00000, 0x00000000e0d00000, 0x00000000e0d00000|100%| O|  |TAMS 0x00000000e0c00000| PB 0x00000000e0c00000| Untracked 
|  13|0x00000000e0d00000, 0x00000000e0e00000, 0x00000000e0e00000|100%| O|  |TAMS 0x00000000e0d00000| PB 0x00000000e0d00000| Untracked 
|  14|0x00000000e0e00000, 0x00000000e0f00000, 0x00000000e0f00000|100%| O|  |TAMS 0x00000000e0e00000| PB 0x00000000e0e00000| Untracked 
|  15|0x00000000e0f00000, 0x00000000e1000000, 0x00000000e1000000|100%| O|Cm|TAMS 0x00000000e0f00000| PB 0x00000000e0f00000| Complete 
|  16|0x00000000e1000000, 0x00000000e1100000, 0x00000000e1100000|100%| O|  |TAMS 0x00000000e1000000| PB 0x00000000e1000000| Untracked 
|  17|0x00000000e1100000, 0x00000000e1200000, 0x00000000e1200000|100%| O|  |TAMS 0x00000000e1100000| PB 0x00000000e1100000| Untracked 
|  18|0x00000000e1200000, 0x00000000e1300000, 0x00000000e1300000|100%| O|  |TAMS 0x00000000e1200000| PB 0x00000000e1200000| Untracked 
|  19|0x00000000e1300000, 0x00000000e1400000, 0x00000000e1400000|100%| O|  |TAMS 0x00000000e1300000| PB 0x00000000e1300000| Untracked 
|  20|0x00000000e1400000, 0x00000000e1500000, 0x00000000e1500000|100%| O|  |TAMS 0x00000000e1400000| PB 0x00000000e1400000| Untracked 
|  21|0x00000000e1500000, 0x00000000e1600000, 0x00000000e1600000|100%| O|  |TAMS 0x00000000e1500000| PB 0x00000000e1500000| Untracked 
|  22|0x00000000e1600000, 0x00000000e1700000, 0x00000000e1700000|100%| O|  |TAMS 0x00000000e1600000| PB 0x00000000e1600000| Untracked 
|  23|0x00000000e1700000, 0x00000000e1800000, 0x00000000e1800000|100%| O|  |TAMS 0x00000000e1700000| PB 0x00000000e1700000| Untracked 
|  24|0x00000000e1800000, 0x00000000e1900000, 0x00000000e1900000|100%| O|  |TAMS 0x00000000e1800000| PB 0x00000000e1800000| Untracked 
|  25|0x00000000e1900000, 0x00000000e1934b00, 0x00000000e1a00000| 20%| O|  |TAMS 0x00000000e1900000| PB 0x00000000e1900000| Untracked 
|  26|0x00000000e1a00000, 0x00000000e1a00000, 0x00000000e1b00000|  0%| F|  |TAMS 0x00000000e1a00000| PB 0x00000000e1a00000| Untracked 
|  27|0x00000000e1b00000, 0x00000000e1b00000, 0x00000000e1c00000|  0%| F|  |TAMS 0x00000000e1b00000| PB 0x00000000e1b00000| Untracked 
|  28|0x00000000e1c00000, 0x00000000e1c00000, 0x00000000e1d00000|  0%| F|  |TAMS 0x00000000e1c00000| PB 0x00000000e1c00000| Untracked 
|  29|0x00000000e1d00000, 0x00000000e1d00000, 0x00000000e1e00000|  0%| F|  |TAMS 0x00000000e1d00000| PB 0x00000000e1d00000| Untracked 
|  30|0x00000000e1e00000, 0x00000000e1e00000, 0x00000000e1f00000|  0%| F|  |TAMS 0x00000000e1e00000| PB 0x00000000e1e00000| Untracked 
|  31|0x00000000e1f00000, 0x00000000e1f00000, 0x00000000e2000000|  0%| F|  |TAMS 0x00000000e1f00000| PB 0x00000000e1f00000| Untracked 
|  32|0x00000000e2000000, 0x00000000e2000000, 0x00000000e2100000|  0%| F|  |TAMS 0x00000000e2000000| PB 0x00000000e2000000| Untracked 
|  33|0x00000000e2100000, 0x00000000e2100000, 0x00000000e2200000|  0%| F|  |TAMS 0x00000000e2100000| PB 0x00000000e2100000| Untracked 
|  34|0x00000000e2200000, 0x00000000e2200000, 0x00000000e2300000|  0%| F|  |TAMS 0x00000000e2200000| PB 0x00000000e2200000| Untracked 
|  35|0x00000000e2300000, 0x00000000e2300000, 0x00000000e2400000|  0%| F|  |TAMS 0x00000000e2300000| PB 0x00000000e2300000| Untracked 
|  36|0x00000000e2400000, 0x00000000e2400000, 0x00000000e2500000|  0%| F|  |TAMS 0x00000000e2400000| PB 0x00000000e2400000| Untracked 
|  37|0x00000000e2500000, 0x00000000e2500000, 0x00000000e2600000|  0%| F|  |TAMS 0x00000000e2500000| PB 0x00000000e2500000| Untracked 
|  38|0x00000000e2600000, 0x00000000e2600000, 0x00000000e2700000|  0%| F|  |TAMS 0x00000000e2600000| PB 0x00000000e2600000| Untracked 
|  39|0x00000000e2700000, 0x00000000e2700000, 0x00000000e2800000|  0%| F|  |TAMS 0x00000000e2700000| PB 0x00000000e2700000| Untracked 
|  40|0x00000000e2800000, 0x00000000e2800000, 0x00000000e2900000|  0%| F|  |TAMS 0x00000000e2800000| PB 0x00000000e2800000| Untracked 
|  41|0x00000000e2900000, 0x00000000e2900000, 0x00000000e2a00000|  0%| F|  |TAMS 0x00000000e2900000| PB 0x00000000e2900000| Untracked 
|  42|0x00000000e2a00000, 0x00000000e2a00000, 0x00000000e2b00000|  0%| F|  |TAMS 0x00000000e2a00000| PB 0x00000000e2a00000| Untracked 
|  43|0x00000000e2b00000, 0x00000000e2b00000, 0x00000000e2c00000|  0%| F|  |TAMS 0x00000000e2b00000| PB 0x00000000e2b00000| Untracked 
|  44|0x00000000e2c00000, 0x00000000e2c00000, 0x00000000e2d00000|  0%| F|  |TAMS 0x00000000e2c00000| PB 0x00000000e2c00000| Untracked 
|  45|0x00000000e2d00000, 0x00000000e2d00000, 0x00000000e2e00000|  0%| F|  |TAMS 0x00000000e2d00000| PB 0x00000000e2d00000| Untracked 
|  46|0x00000000e2e00000, 0x00000000e2e00000, 0x00000000e2f00000|  0%| F|  |TAMS 0x00000000e2e00000| PB 0x00000000e2e00000| Untracked 
|  47|0x00000000e2f00000, 0x00000000e2f00000, 0x00000000e3000000|  0%| F|  |TAMS 0x00000000e2f00000| PB 0x00000000e2f00000| Untracked 
|  48|0x00000000e3000000, 0x00000000e3000000, 0x00000000e3100000|  0%| F|  |TAMS 0x00000000e3000000| PB 0x00000000e3000000| Untracked 
|  49|0x00000000e3100000, 0x00000000e3100000, 0x00000000e3200000|  0%| F|  |TAMS 0x00000000e3100000| PB 0x00000000e3100000| Untracked 
|  50|0x00000000e3200000, 0x00000000e3200000, 0x00000000e3300000|  0%| F|  |TAMS 0x00000000e3200000| PB 0x00000000e3200000| Untracked 
|  51|0x00000000e3300000, 0x00000000e3300000, 0x00000000e3400000|  0%| F|  |TAMS 0x00000000e3300000| PB 0x00000000e3300000| Untracked 
|  52|0x00000000e3400000, 0x00000000e3400000, 0x00000000e3500000|  0%| F|  |TAMS 0x00000000e3400000| PB 0x00000000e3400000| Untracked 
|  53|0x00000000e3500000, 0x00000000e3500000, 0x00000000e3600000|  0%| F|  |TAMS 0x00000000e3500000| PB 0x00000000e3500000| Untracked 
|  54|0x00000000e3600000, 0x00000000e3600000, 0x00000000e3700000|  0%| F|  |TAMS 0x00000000e3600000| PB 0x00000000e3600000| Untracked 
|  55|0x00000000e3700000, 0x00000000e3700000, 0x00000000e3800000|  0%| F|  |TAMS 0x00000000e3700000| PB 0x00000000e3700000| Untracked 
|  56|0x00000000e3800000, 0x00000000e3800000, 0x00000000e3900000|  0%| F|  |TAMS 0x00000000e3800000| PB 0x00000000e3800000| Untracked 
|  57|0x00000000e3900000, 0x00000000e3900000, 0x00000000e3a00000|  0%| F|  |TAMS 0x00000000e3900000| PB 0x00000000e3900000| Untracked 
|  58|0x00000000e3a00000, 0x00000000e3a00000, 0x00000000e3b00000|  0%| F|  |TAMS 0x00000000e3a00000| PB 0x00000000e3a00000| Untracked 
|  59|0x00000000e3b00000, 0x00000000e3b00000, 0x00000000e3c00000|  0%| F|  |TAMS 0x00000000e3b00000| PB 0x00000000e3b00000| Untracked 
|  60|0x00000000e3c00000, 0x00000000e3c00000, 0x00000000e3d00000|  0%| F|  |TAMS 0x00000000e3c00000| PB 0x00000000e3c00000| Untracked 
|  61|0x00000000e3d00000, 0x00000000e3d00000, 0x00000000e3e00000|  0%| F|  |TAMS 0x00000000e3d00000| PB 0x00000000e3d00000| Untracked 
|  62|0x00000000e3e00000, 0x00000000e3e00000, 0x00000000e3f00000|  0%| F|  |TAMS 0x00000000e3e00000| PB 0x00000000e3e00000| Untracked 
|  63|0x00000000e3f00000, 0x00000000e3f00000, 0x00000000e4000000|  0%| F|  |TAMS 0x00000000e3f00000| PB 0x00000000e3f00000| Untracked 
|  64|0x00000000e4000000, 0x00000000e4000000, 0x00000000e4100000|  0%| F|  |TAMS 0x00000000e4000000| PB 0x00000000e4000000| Untracked 
|  65|0x00000000e4100000, 0x00000000e4100000, 0x00000000e4200000|  0%| F|  |TAMS 0x00000000e4100000| PB 0x00000000e4100000| Untracked 
|  66|0x00000000e4200000, 0x00000000e4200000, 0x00000000e4300000|  0%| F|  |TAMS 0x00000000e4200000| PB 0x00000000e4200000| Untracked 
|  67|0x00000000e4300000, 0x00000000e4300000, 0x00000000e4400000|  0%| F|  |TAMS 0x00000000e4300000| PB 0x00000000e4300000| Untracked 
|  68|0x00000000e4400000, 0x00000000e4400000, 0x00000000e4500000|  0%| F|  |TAMS 0x00000000e4400000| PB 0x00000000e4400000| Untracked 
|  69|0x00000000e4500000, 0x00000000e4500000, 0x00000000e4600000|  0%| F|  |TAMS 0x00000000e4500000| PB 0x00000000e4500000| Untracked 
|  70|0x00000000e4600000, 0x00000000e4600000, 0x00000000e4700000|  0%| F|  |TAMS 0x00000000e4600000| PB 0x00000000e4600000| Untracked 
|  71|0x00000000e4700000, 0x00000000e4700000, 0x00000000e4800000|  0%| F|  |TAMS 0x00000000e4700000| PB 0x00000000e4700000| Untracked 
|  72|0x00000000e4800000, 0x00000000e4800000, 0x00000000e4900000|  0%| F|  |TAMS 0x00000000e4800000| PB 0x00000000e4800000| Untracked 
|  73|0x00000000e4900000, 0x00000000e4900000, 0x00000000e4a00000|  0%| F|  |TAMS 0x00000000e4900000| PB 0x00000000e4900000| Untracked 
|  74|0x00000000e4a00000, 0x00000000e4a00000, 0x00000000e4b00000|  0%| F|  |TAMS 0x00000000e4a00000| PB 0x00000000e4a00000| Untracked 
|  75|0x00000000e4b00000, 0x00000000e4b00000, 0x00000000e4c00000|  0%| F|  |TAMS 0x00000000e4b00000| PB 0x00000000e4b00000| Untracked 
|  76|0x00000000e4c00000, 0x00000000e4c00000, 0x00000000e4d00000|  0%| F|  |TAMS 0x00000000e4c00000| PB 0x00000000e4c00000| Untracked 
|  77|0x00000000e4d00000, 0x00000000e4d00000, 0x00000000e4e00000|  0%| F|  |TAMS 0x00000000e4d00000| PB 0x00000000e4d00000| Untracked 
|  78|0x00000000e4e00000, 0x00000000e4e00000, 0x00000000e4f00000|  0%| F|  |TAMS 0x00000000e4e00000| PB 0x00000000e4e00000| Untracked 
|  79|0x00000000e4f00000, 0x00000000e4f00000, 0x00000000e5000000|  0%| F|  |TAMS 0x00000000e4f00000| PB 0x00000000e4f00000| Untracked 
|  80|0x00000000e5000000, 0x00000000e5000000, 0x00000000e5100000|  0%| F|  |TAMS 0x00000000e5000000| PB 0x00000000e5000000| Untracked 
|  81|0x00000000e5100000, 0x00000000e5100000, 0x00000000e5200000|  0%| F|  |TAMS 0x00000000e5100000| PB 0x00000000e5100000| Untracked 
|  82|0x00000000e5200000, 0x00000000e5200000, 0x00000000e5300000|  0%| F|  |TAMS 0x00000000e5200000| PB 0x00000000e5200000| Untracked 
|  83|0x00000000e5300000, 0x00000000e5300000, 0x00000000e5400000|  0%| F|  |TAMS 0x00000000e5300000| PB 0x00000000e5300000| Untracked 
|  84|0x00000000e5400000, 0x00000000e5400000, 0x00000000e5500000|  0%| F|  |TAMS 0x00000000e5400000| PB 0x00000000e5400000| Untracked 
|  85|0x00000000e5500000, 0x00000000e5500000, 0x00000000e5600000|  0%| F|  |TAMS 0x00000000e5500000| PB 0x00000000e5500000| Untracked 
|  86|0x00000000e5600000, 0x00000000e5600000, 0x00000000e5700000|  0%| F|  |TAMS 0x00000000e5600000| PB 0x00000000e5600000| Untracked 
|  87|0x00000000e5700000, 0x00000000e5700000, 0x00000000e5800000|  0%| F|  |TAMS 0x00000000e5700000| PB 0x00000000e5700000| Untracked 
|  88|0x00000000e5800000, 0x00000000e5800000, 0x00000000e5900000|  0%| F|  |TAMS 0x00000000e5800000| PB 0x00000000e5800000| Untracked 
|  89|0x00000000e5900000, 0x00000000e59f0110, 0x00000000e5a00000| 93%| S|CS|TAMS 0x00000000e5900000| PB 0x00000000e5900000| Complete 
|  90|0x00000000e5a00000, 0x00000000e5b00000, 0x00000000e5b00000|100%| S|CS|TAMS 0x00000000e5a00000| PB 0x00000000e5a00000| Complete 
|  91|0x00000000e5b00000, 0x00000000e5c00000, 0x00000000e5c00000|100%| S|CS|TAMS 0x00000000e5b00000| PB 0x00000000e5b00000| Complete 
|  92|0x00000000e5c00000, 0x00000000e5d00000, 0x00000000e5d00000|100%| S|CS|TAMS 0x00000000e5c00000| PB 0x00000000e5c00000| Complete 
|  93|0x00000000e5d00000, 0x00000000e5e00000, 0x00000000e5e00000|100%| S|CS|TAMS 0x00000000e5d00000| PB 0x00000000e5d00000| Complete 
|  94|0x00000000e5e00000, 0x00000000e5f00000, 0x00000000e5f00000|100%| S|CS|TAMS 0x00000000e5e00000| PB 0x00000000e5e00000| Complete 
|  95|0x00000000e5f00000, 0x00000000e6000000, 0x00000000e6000000|100%| S|CS|TAMS 0x00000000e5f00000| PB 0x00000000e5f00000| Complete 
|  96|0x00000000e6000000, 0x00000000e6100000, 0x00000000e6100000|100%| S|CS|TAMS 0x00000000e6000000| PB 0x00000000e6000000| Complete 
|  97|0x00000000e6100000, 0x00000000e6200000, 0x00000000e6200000|100%| S|CS|TAMS 0x00000000e6100000| PB 0x00000000e6100000| Complete 
|  98|0x00000000e6200000, 0x00000000e6300000, 0x00000000e6300000|100%| S|CS|TAMS 0x00000000e6200000| PB 0x00000000e6200000| Complete 
|  99|0x00000000e6300000, 0x00000000e6400000, 0x00000000e6400000|100%| S|CS|TAMS 0x00000000e6300000| PB 0x00000000e6300000| Complete 
| 100|0x00000000e6400000, 0x00000000e6500000, 0x00000000e6500000|100%| S|CS|TAMS 0x00000000e6400000| PB 0x00000000e6400000| Complete 
| 101|0x00000000e6500000, 0x00000000e6600000, 0x00000000e6600000|100%| S|CS|TAMS 0x00000000e6500000| PB 0x00000000e6500000| Complete 
| 102|0x00000000e6600000, 0x00000000e6700000, 0x00000000e6700000|100%| S|CS|TAMS 0x00000000e6600000| PB 0x00000000e6600000| Complete 
| 103|0x00000000e6700000, 0x00000000e6700000, 0x00000000e6800000|  0%| F|  |TAMS 0x00000000e6700000| PB 0x00000000e6700000| Untracked 
| 104|0x00000000e6800000, 0x00000000e6800000, 0x00000000e6900000|  0%| F|  |TAMS 0x00000000e6800000| PB 0x00000000e6800000| Untracked 
| 105|0x00000000e6900000, 0x00000000e6900000, 0x00000000e6a00000|  0%| F|  |TAMS 0x00000000e6900000| PB 0x00000000e6900000| Untracked 
| 106|0x00000000e6a00000, 0x00000000e6a00000, 0x00000000e6b00000|  0%| F|  |TAMS 0x00000000e6a00000| PB 0x00000000e6a00000| Untracked 
| 107|0x00000000e6b00000, 0x00000000e6b00000, 0x00000000e6c00000|  0%| F|  |TAMS 0x00000000e6b00000| PB 0x00000000e6b00000| Untracked 
| 108|0x00000000e6c00000, 0x00000000e6c00000, 0x00000000e6d00000|  0%| F|  |TAMS 0x00000000e6c00000| PB 0x00000000e6c00000| Untracked 
| 109|0x00000000e6d00000, 0x00000000e6d00000, 0x00000000e6e00000|  0%| F|  |TAMS 0x00000000e6d00000| PB 0x00000000e6d00000| Untracked 
| 110|0x00000000e6e00000, 0x00000000e6e00000, 0x00000000e6f00000|  0%| F|  |TAMS 0x00000000e6e00000| PB 0x00000000e6e00000| Untracked 
| 111|0x00000000e6f00000, 0x00000000e6f00000, 0x00000000e7000000|  0%| F|  |TAMS 0x00000000e6f00000| PB 0x00000000e6f00000| Untracked 
| 112|0x00000000e7000000, 0x00000000e7000000, 0x00000000e7100000|  0%| F|  |TAMS 0x00000000e7000000| PB 0x00000000e7000000| Untracked 
| 113|0x00000000e7100000, 0x00000000e7100000, 0x00000000e7200000|  0%| F|  |TAMS 0x00000000e7100000| PB 0x00000000e7100000| Untracked 
| 114|0x00000000e7200000, 0x00000000e7200000, 0x00000000e7300000|  0%| F|  |TAMS 0x00000000e7200000| PB 0x00000000e7200000| Untracked 
| 115|0x00000000e7300000, 0x00000000e7300000, 0x00000000e7400000|  0%| F|  |TAMS 0x00000000e7300000| PB 0x00000000e7300000| Untracked 
| 116|0x00000000e7400000, 0x00000000e7400000, 0x00000000e7500000|  0%| F|  |TAMS 0x00000000e7400000| PB 0x00000000e7400000| Untracked 
| 117|0x00000000e7500000, 0x00000000e7500000, 0x00000000e7600000|  0%| F|  |TAMS 0x00000000e7500000| PB 0x00000000e7500000| Untracked 
| 118|0x00000000e7600000, 0x00000000e7600000, 0x00000000e7700000|  0%| F|  |TAMS 0x00000000e7600000| PB 0x00000000e7600000| Untracked 
| 119|0x00000000e7700000, 0x00000000e7700000, 0x00000000e7800000|  0%| F|  |TAMS 0x00000000e7700000| PB 0x00000000e7700000| Untracked 
| 120|0x00000000e7800000, 0x00000000e7800000, 0x00000000e7900000|  0%| F|  |TAMS 0x00000000e7800000| PB 0x00000000e7800000| Untracked 
| 121|0x00000000e7900000, 0x00000000e7900000, 0x00000000e7a00000|  0%| F|  |TAMS 0x00000000e7900000| PB 0x00000000e7900000| Untracked 
| 122|0x00000000e7a00000, 0x00000000e7a00000, 0x00000000e7b00000|  0%| F|  |TAMS 0x00000000e7a00000| PB 0x00000000e7a00000| Untracked 
| 123|0x00000000e7b00000, 0x00000000e7b00000, 0x00000000e7c00000|  0%| F|  |TAMS 0x00000000e7b00000| PB 0x00000000e7b00000| Untracked 
| 124|0x00000000e7c00000, 0x00000000e7c00000, 0x00000000e7d00000|  0%| F|  |TAMS 0x00000000e7c00000| PB 0x00000000e7c00000| Untracked 
| 125|0x00000000e7d00000, 0x00000000e7d00000, 0x00000000e7e00000|  0%| F|  |TAMS 0x00000000e7d00000| PB 0x00000000e7d00000| Untracked 
| 126|0x00000000e7e00000, 0x00000000e7e00000, 0x00000000e7f00000|  0%| F|  |TAMS 0x00000000e7e00000| PB 0x00000000e7e00000| Untracked 
| 127|0x00000000e7f00000, 0x00000000e7f00000, 0x00000000e8000000|  0%| F|  |TAMS 0x00000000e7f00000| PB 0x00000000e7f00000| Untracked 
| 128|0x00000000e8000000, 0x00000000e8000000, 0x00000000e8100000|  0%| F|  |TAMS 0x00000000e8000000| PB 0x00000000e8000000| Untracked 
| 129|0x00000000e8100000, 0x00000000e8100000, 0x00000000e8200000|  0%| F|  |TAMS 0x00000000e8100000| PB 0x00000000e8100000| Untracked 
| 130|0x00000000e8200000, 0x00000000e8200000, 0x00000000e8300000|  0%| F|  |TAMS 0x00000000e8200000| PB 0x00000000e8200000| Untracked 
| 131|0x00000000e8300000, 0x00000000e8300000, 0x00000000e8400000|  0%| F|  |TAMS 0x00000000e8300000| PB 0x00000000e8300000| Untracked 
| 132|0x00000000e8400000, 0x00000000e8400000, 0x00000000e8500000|  0%| F|  |TAMS 0x00000000e8400000| PB 0x00000000e8400000| Untracked 
| 133|0x00000000e8500000, 0x00000000e8500000, 0x00000000e8600000|  0%| F|  |TAMS 0x00000000e8500000| PB 0x00000000e8500000| Untracked 
| 134|0x00000000e8600000, 0x00000000e8600000, 0x00000000e8700000|  0%| F|  |TAMS 0x00000000e8600000| PB 0x00000000e8600000| Untracked 
| 135|0x00000000e8700000, 0x00000000e8700000, 0x00000000e8800000|  0%| F|  |TAMS 0x00000000e8700000| PB 0x00000000e8700000| Untracked 
| 136|0x00000000e8800000, 0x00000000e8800000, 0x00000000e8900000|  0%| F|  |TAMS 0x00000000e8800000| PB 0x00000000e8800000| Untracked 
| 137|0x00000000e8900000, 0x00000000e8900000, 0x00000000e8a00000|  0%| F|  |TAMS 0x00000000e8900000| PB 0x00000000e8900000| Untracked 
| 138|0x00000000e8a00000, 0x00000000e8a00000, 0x00000000e8b00000|  0%| F|  |TAMS 0x00000000e8a00000| PB 0x00000000e8a00000| Untracked 
| 139|0x00000000e8b00000, 0x00000000e8b00000, 0x00000000e8c00000|  0%| F|  |TAMS 0x00000000e8b00000| PB 0x00000000e8b00000| Untracked 
| 140|0x00000000e8c00000, 0x00000000e8c00000, 0x00000000e8d00000|  0%| F|  |TAMS 0x00000000e8c00000| PB 0x00000000e8c00000| Untracked 
| 141|0x00000000e8d00000, 0x00000000e8d00000, 0x00000000e8e00000|  0%| F|  |TAMS 0x00000000e8d00000| PB 0x00000000e8d00000| Untracked 
| 142|0x00000000e8e00000, 0x00000000e8e00000, 0x00000000e8f00000|  0%| F|  |TAMS 0x00000000e8e00000| PB 0x00000000e8e00000| Untracked 
| 143|0x00000000e8f00000, 0x00000000e8f00000, 0x00000000e9000000|  0%| F|  |TAMS 0x00000000e8f00000| PB 0x00000000e8f00000| Untracked 
| 144|0x00000000e9000000, 0x00000000e9000000, 0x00000000e9100000|  0%| F|  |TAMS 0x00000000e9000000| PB 0x00000000e9000000| Untracked 
| 145|0x00000000e9100000, 0x00000000e9100000, 0x00000000e9200000|  0%| F|  |TAMS 0x00000000e9100000| PB 0x00000000e9100000| Untracked 
| 146|0x00000000e9200000, 0x00000000e9200000, 0x00000000e9300000|  0%| F|  |TAMS 0x00000000e9200000| PB 0x00000000e9200000| Untracked 
| 147|0x00000000e9300000, 0x00000000e9300000, 0x00000000e9400000|  0%| F|  |TAMS 0x00000000e9300000| PB 0x00000000e9300000| Untracked 
| 148|0x00000000e9400000, 0x00000000e9400000, 0x00000000e9500000|  0%| F|  |TAMS 0x00000000e9400000| PB 0x00000000e9400000| Untracked 
| 149|0x00000000e9500000, 0x00000000e9500000, 0x00000000e9600000|  0%| F|  |TAMS 0x00000000e9500000| PB 0x00000000e9500000| Untracked 
| 150|0x00000000e9600000, 0x00000000e9600000, 0x00000000e9700000|  0%| F|  |TAMS 0x00000000e9600000| PB 0x00000000e9600000| Untracked 
| 151|0x00000000e9700000, 0x00000000e9700000, 0x00000000e9800000|  0%| F|  |TAMS 0x00000000e9700000| PB 0x00000000e9700000| Untracked 
| 152|0x00000000e9800000, 0x00000000e9800000, 0x00000000e9900000|  0%| F|  |TAMS 0x00000000e9800000| PB 0x00000000e9800000| Untracked 
| 153|0x00000000e9900000, 0x00000000e9900000, 0x00000000e9a00000|  0%| F|  |TAMS 0x00000000e9900000| PB 0x00000000e9900000| Untracked 
| 154|0x00000000e9a00000, 0x00000000e9a00000, 0x00000000e9b00000|  0%| F|  |TAMS 0x00000000e9a00000| PB 0x00000000e9a00000| Untracked 
| 155|0x00000000e9b00000, 0x00000000e9b00000, 0x00000000e9c00000|  0%| F|  |TAMS 0x00000000e9b00000| PB 0x00000000e9b00000| Untracked 
| 156|0x00000000e9c00000, 0x00000000e9c00000, 0x00000000e9d00000|  0%| F|  |TAMS 0x00000000e9c00000| PB 0x00000000e9c00000| Untracked 
| 157|0x00000000e9d00000, 0x00000000e9d00000, 0x00000000e9e00000|  0%| F|  |TAMS 0x00000000e9d00000| PB 0x00000000e9d00000| Untracked 
| 158|0x00000000e9e00000, 0x00000000e9e00000, 0x00000000e9f00000|  0%| F|  |TAMS 0x00000000e9e00000| PB 0x00000000e9e00000| Untracked 
| 159|0x00000000e9f00000, 0x00000000e9f00000, 0x00000000ea000000|  0%| F|  |TAMS 0x00000000e9f00000| PB 0x00000000e9f00000| Untracked 
| 160|0x00000000ea000000, 0x00000000ea000000, 0x00000000ea100000|  0%| F|  |TAMS 0x00000000ea000000| PB 0x00000000ea000000| Untracked 
| 161|0x00000000ea100000, 0x00000000ea100000, 0x00000000ea200000|  0%| F|  |TAMS 0x00000000ea100000| PB 0x00000000ea100000| Untracked 
| 162|0x00000000ea200000, 0x00000000ea200000, 0x00000000ea300000|  0%| F|  |TAMS 0x00000000ea200000| PB 0x00000000ea200000| Untracked 
| 163|0x00000000ea300000, 0x00000000ea300000, 0x00000000ea400000|  0%| F|  |TAMS 0x00000000ea300000| PB 0x00000000ea300000| Untracked 
| 164|0x00000000ea400000, 0x00000000ea400000, 0x00000000ea500000|  0%| F|  |TAMS 0x00000000ea400000| PB 0x00000000ea400000| Untracked 
| 165|0x00000000ea500000, 0x00000000ea500000, 0x00000000ea600000|  0%| F|  |TAMS 0x00000000ea500000| PB 0x00000000ea500000| Untracked 
| 166|0x00000000ea600000, 0x00000000ea600000, 0x00000000ea700000|  0%| F|  |TAMS 0x00000000ea600000| PB 0x00000000ea600000| Untracked 
| 167|0x00000000ea700000, 0x00000000ea700000, 0x00000000ea800000|  0%| F|  |TAMS 0x00000000ea700000| PB 0x00000000ea700000| Untracked 
| 168|0x00000000ea800000, 0x00000000ea800000, 0x00000000ea900000|  0%| F|  |TAMS 0x00000000ea800000| PB 0x00000000ea800000| Untracked 
| 169|0x00000000ea900000, 0x00000000ea900000, 0x00000000eaa00000|  0%| F|  |TAMS 0x00000000ea900000| PB 0x00000000ea900000| Untracked 
| 170|0x00000000eaa00000, 0x00000000eaa00000, 0x00000000eab00000|  0%| F|  |TAMS 0x00000000eaa00000| PB 0x00000000eaa00000| Untracked 
| 171|0x00000000eab00000, 0x00000000eab00000, 0x00000000eac00000|  0%| F|  |TAMS 0x00000000eab00000| PB 0x00000000eab00000| Untracked 
| 172|0x00000000eac00000, 0x00000000eac00000, 0x00000000ead00000|  0%| F|  |TAMS 0x00000000eac00000| PB 0x00000000eac00000| Untracked 
| 173|0x00000000ead00000, 0x00000000ead00000, 0x00000000eae00000|  0%| F|  |TAMS 0x00000000ead00000| PB 0x00000000ead00000| Untracked 
| 174|0x00000000eae00000, 0x00000000eae00000, 0x00000000eaf00000|  0%| F|  |TAMS 0x00000000eae00000| PB 0x00000000eae00000| Untracked 
| 175|0x00000000eaf00000, 0x00000000eaf00000, 0x00000000eb000000|  0%| F|  |TAMS 0x00000000eaf00000| PB 0x00000000eaf00000| Untracked 
| 176|0x00000000eb000000, 0x00000000eb000000, 0x00000000eb100000|  0%| F|  |TAMS 0x00000000eb000000| PB 0x00000000eb000000| Untracked 
| 177|0x00000000eb100000, 0x00000000eb100000, 0x00000000eb200000|  0%| F|  |TAMS 0x00000000eb100000| PB 0x00000000eb100000| Untracked 
| 178|0x00000000eb200000, 0x00000000eb200000, 0x00000000eb300000|  0%| F|  |TAMS 0x00000000eb200000| PB 0x00000000eb200000| Untracked 
| 179|0x00000000eb300000, 0x00000000eb300000, 0x00000000eb400000|  0%| F|  |TAMS 0x00000000eb300000| PB 0x00000000eb300000| Untracked 
| 180|0x00000000eb400000, 0x00000000eb400000, 0x00000000eb500000|  0%| F|  |TAMS 0x00000000eb400000| PB 0x00000000eb400000| Untracked 
| 181|0x00000000eb500000, 0x00000000eb500000, 0x00000000eb600000|  0%| F|  |TAMS 0x00000000eb500000| PB 0x00000000eb500000| Untracked 
| 182|0x00000000eb600000, 0x00000000eb600000, 0x00000000eb700000|  0%| F|  |TAMS 0x00000000eb600000| PB 0x00000000eb600000| Untracked 
| 183|0x00000000eb700000, 0x00000000eb700000, 0x00000000eb800000|  0%| F|  |TAMS 0x00000000eb700000| PB 0x00000000eb700000| Untracked 
| 184|0x00000000eb800000, 0x00000000eb800000, 0x00000000eb900000|  0%| F|  |TAMS 0x00000000eb800000| PB 0x00000000eb800000| Untracked 
| 185|0x00000000eb900000, 0x00000000eb900000, 0x00000000eba00000|  0%| F|  |TAMS 0x00000000eb900000| PB 0x00000000eb900000| Untracked 
| 186|0x00000000eba00000, 0x00000000eba00000, 0x00000000ebb00000|  0%| F|  |TAMS 0x00000000eba00000| PB 0x00000000eba00000| Untracked 
| 187|0x00000000ebb00000, 0x00000000ebb00000, 0x00000000ebc00000|  0%| F|  |TAMS 0x00000000ebb00000| PB 0x00000000ebb00000| Untracked 
| 188|0x00000000ebc00000, 0x00000000ebc00000, 0x00000000ebd00000|  0%| F|  |TAMS 0x00000000ebc00000| PB 0x00000000ebc00000| Untracked 
| 189|0x00000000ebd00000, 0x00000000ebd00000, 0x00000000ebe00000|  0%| F|  |TAMS 0x00000000ebd00000| PB 0x00000000ebd00000| Untracked 
| 190|0x00000000ebe00000, 0x00000000ebe00000, 0x00000000ebf00000|  0%| F|  |TAMS 0x00000000ebe00000| PB 0x00000000ebe00000| Untracked 
| 191|0x00000000ebf00000, 0x00000000ebf00000, 0x00000000ec000000|  0%| F|  |TAMS 0x00000000ebf00000| PB 0x00000000ebf00000| Untracked 
| 192|0x00000000ec000000, 0x00000000ec000000, 0x00000000ec100000|  0%| F|  |TAMS 0x00000000ec000000| PB 0x00000000ec000000| Untracked 
| 193|0x00000000ec100000, 0x00000000ec100000, 0x00000000ec200000|  0%| F|  |TAMS 0x00000000ec100000| PB 0x00000000ec100000| Untracked 
| 194|0x00000000ec200000, 0x00000000ec200000, 0x00000000ec300000|  0%| F|  |TAMS 0x00000000ec200000| PB 0x00000000ec200000| Untracked 
| 195|0x00000000ec300000, 0x00000000ec300000, 0x00000000ec400000|  0%| F|  |TAMS 0x00000000ec300000| PB 0x00000000ec300000| Untracked 
| 196|0x00000000ec400000, 0x00000000ec400000, 0x00000000ec500000|  0%| F|  |TAMS 0x00000000ec400000| PB 0x00000000ec400000| Untracked 
| 197|0x00000000ec500000, 0x00000000ec500000, 0x00000000ec600000|  0%| F|  |TAMS 0x00000000ec500000| PB 0x00000000ec500000| Untracked 
| 198|0x00000000ec600000, 0x00000000ec600000, 0x00000000ec700000|  0%| F|  |TAMS 0x00000000ec600000| PB 0x00000000ec600000| Untracked 
| 199|0x00000000ec700000, 0x00000000ec700000, 0x00000000ec800000|  0%| F|  |TAMS 0x00000000ec700000| PB 0x00000000ec700000| Untracked 
| 200|0x00000000ec800000, 0x00000000ec800000, 0x00000000ec900000|  0%| F|  |TAMS 0x00000000ec800000| PB 0x00000000ec800000| Untracked 
| 201|0x00000000ec900000, 0x00000000ec900000, 0x00000000eca00000|  0%| F|  |TAMS 0x00000000ec900000| PB 0x00000000ec900000| Untracked 
| 202|0x00000000eca00000, 0x00000000eca00000, 0x00000000ecb00000|  0%| F|  |TAMS 0x00000000eca00000| PB 0x00000000eca00000| Untracked 
| 203|0x00000000ecb00000, 0x00000000ecb00000, 0x00000000ecc00000|  0%| F|  |TAMS 0x00000000ecb00000| PB 0x00000000ecb00000| Untracked 
| 204|0x00000000ecc00000, 0x00000000ecc00000, 0x00000000ecd00000|  0%| F|  |TAMS 0x00000000ecc00000| PB 0x00000000ecc00000| Untracked 
| 205|0x00000000ecd00000, 0x00000000ecd00000, 0x00000000ece00000|  0%| F|  |TAMS 0x00000000ecd00000| PB 0x00000000ecd00000| Untracked 
| 206|0x00000000ece00000, 0x00000000ece00000, 0x00000000ecf00000|  0%| F|  |TAMS 0x00000000ece00000| PB 0x00000000ece00000| Untracked 
| 207|0x00000000ecf00000, 0x00000000ecf00000, 0x00000000ed000000|  0%| F|  |TAMS 0x00000000ecf00000| PB 0x00000000ecf00000| Untracked 
| 208|0x00000000ed000000, 0x00000000ed000000, 0x00000000ed100000|  0%| F|  |TAMS 0x00000000ed000000| PB 0x00000000ed000000| Untracked 
| 209|0x00000000ed100000, 0x00000000ed100000, 0x00000000ed200000|  0%| F|  |TAMS 0x00000000ed100000| PB 0x00000000ed100000| Untracked 
| 210|0x00000000ed200000, 0x00000000ed200000, 0x00000000ed300000|  0%| F|  |TAMS 0x00000000ed200000| PB 0x00000000ed200000| Untracked 
| 211|0x00000000ed300000, 0x00000000ed300000, 0x00000000ed400000|  0%| F|  |TAMS 0x00000000ed300000| PB 0x00000000ed300000| Untracked 
| 212|0x00000000ed400000, 0x00000000ed400000, 0x00000000ed500000|  0%| F|  |TAMS 0x00000000ed400000| PB 0x00000000ed400000| Untracked 
| 213|0x00000000ed500000, 0x00000000ed500000, 0x00000000ed600000|  0%| F|  |TAMS 0x00000000ed500000| PB 0x00000000ed500000| Untracked 
| 214|0x00000000ed600000, 0x00000000ed600000, 0x00000000ed700000|  0%| F|  |TAMS 0x00000000ed600000| PB 0x00000000ed600000| Untracked 
| 215|0x00000000ed700000, 0x00000000ed700000, 0x00000000ed800000|  0%| F|  |TAMS 0x00000000ed700000| PB 0x00000000ed700000| Untracked 
| 216|0x00000000ed800000, 0x00000000ed800000, 0x00000000ed900000|  0%| F|  |TAMS 0x00000000ed800000| PB 0x00000000ed800000| Untracked 
| 217|0x00000000ed900000, 0x00000000ed900000, 0x00000000eda00000|  0%| F|  |TAMS 0x00000000ed900000| PB 0x00000000ed900000| Untracked 
| 218|0x00000000eda00000, 0x00000000eda00000, 0x00000000edb00000|  0%| F|  |TAMS 0x00000000eda00000| PB 0x00000000eda00000| Untracked 
| 219|0x00000000edb00000, 0x00000000edb00000, 0x00000000edc00000|  0%| F|  |TAMS 0x00000000edb00000| PB 0x00000000edb00000| Untracked 
| 220|0x00000000edc00000, 0x00000000edc00000, 0x00000000edd00000|  0%| F|  |TAMS 0x00000000edc00000| PB 0x00000000edc00000| Untracked 
| 221|0x00000000edd00000, 0x00000000edd00000, 0x00000000ede00000|  0%| F|  |TAMS 0x00000000edd00000| PB 0x00000000edd00000| Untracked 
| 222|0x00000000ede00000, 0x00000000ede00000, 0x00000000edf00000|  0%| F|  |TAMS 0x00000000ede00000| PB 0x00000000ede00000| Untracked 
| 223|0x00000000edf00000, 0x00000000edf00000, 0x00000000ee000000|  0%| F|  |TAMS 0x00000000edf00000| PB 0x00000000edf00000| Untracked 
| 224|0x00000000ee000000, 0x00000000ee000000, 0x00000000ee100000|  0%| F|  |TAMS 0x00000000ee000000| PB 0x00000000ee000000| Untracked 
| 225|0x00000000ee100000, 0x00000000ee100000, 0x00000000ee200000|  0%| F|  |TAMS 0x00000000ee100000| PB 0x00000000ee100000| Untracked 
| 226|0x00000000ee200000, 0x00000000ee200000, 0x00000000ee300000|  0%| F|  |TAMS 0x00000000ee200000| PB 0x00000000ee200000| Untracked 
| 227|0x00000000ee300000, 0x00000000ee300000, 0x00000000ee400000|  0%| F|  |TAMS 0x00000000ee300000| PB 0x00000000ee300000| Untracked 
| 228|0x00000000ee400000, 0x00000000ee400000, 0x00000000ee500000|  0%| F|  |TAMS 0x00000000ee400000| PB 0x00000000ee400000| Untracked 
| 229|0x00000000ee500000, 0x00000000ee500000, 0x00000000ee600000|  0%| F|  |TAMS 0x00000000ee500000| PB 0x00000000ee500000| Untracked 
| 230|0x00000000ee600000, 0x00000000ee600000, 0x00000000ee700000|  0%| F|  |TAMS 0x00000000ee600000| PB 0x00000000ee600000| Untracked 
| 231|0x00000000ee700000, 0x00000000ee700000, 0x00000000ee800000|  0%| F|  |TAMS 0x00000000ee700000| PB 0x00000000ee700000| Untracked 
| 232|0x00000000ee800000, 0x00000000ee800000, 0x00000000ee900000|  0%| F|  |TAMS 0x00000000ee800000| PB 0x00000000ee800000| Untracked 
| 233|0x00000000ee900000, 0x00000000ee900000, 0x00000000eea00000|  0%| F|  |TAMS 0x00000000ee900000| PB 0x00000000ee900000| Untracked 
| 234|0x00000000eea00000, 0x00000000eea00000, 0x00000000eeb00000|  0%| F|  |TAMS 0x00000000eea00000| PB 0x00000000eea00000| Untracked 
| 235|0x00000000eeb00000, 0x00000000eeb00000, 0x00000000eec00000|  0%| F|  |TAMS 0x00000000eeb00000| PB 0x00000000eeb00000| Untracked 
| 236|0x00000000eec00000, 0x00000000eec00000, 0x00000000eed00000|  0%| F|  |TAMS 0x00000000eec00000| PB 0x00000000eec00000| Untracked 
| 237|0x00000000eed00000, 0x00000000eed00000, 0x00000000eee00000|  0%| F|  |TAMS 0x00000000eed00000| PB 0x00000000eed00000| Untracked 
| 238|0x00000000eee00000, 0x00000000eee00000, 0x00000000eef00000|  0%| F|  |TAMS 0x00000000eee00000| PB 0x00000000eee00000| Untracked 
| 239|0x00000000eef00000, 0x00000000eef00000, 0x00000000ef000000|  0%| F|  |TAMS 0x00000000eef00000| PB 0x00000000eef00000| Untracked 
| 240|0x00000000ef000000, 0x00000000ef000000, 0x00000000ef100000|  0%| F|  |TAMS 0x00000000ef000000| PB 0x00000000ef000000| Untracked 
| 241|0x00000000ef100000, 0x00000000ef100000, 0x00000000ef200000|  0%| F|  |TAMS 0x00000000ef100000| PB 0x00000000ef100000| Untracked 
| 242|0x00000000ef200000, 0x00000000ef200000, 0x00000000ef300000|  0%| F|  |TAMS 0x00000000ef200000| PB 0x00000000ef200000| Untracked 
| 243|0x00000000ef300000, 0x00000000ef300000, 0x00000000ef400000|  0%| F|  |TAMS 0x00000000ef300000| PB 0x00000000ef300000| Untracked 
| 244|0x00000000ef400000, 0x00000000ef400000, 0x00000000ef500000|  0%| F|  |TAMS 0x00000000ef400000| PB 0x00000000ef400000| Untracked 
| 245|0x00000000ef500000, 0x00000000ef500000, 0x00000000ef600000|  0%| F|  |TAMS 0x00000000ef500000| PB 0x00000000ef500000| Untracked 
| 246|0x00000000ef600000, 0x00000000ef600000, 0x00000000ef700000|  0%| F|  |TAMS 0x00000000ef600000| PB 0x00000000ef600000| Untracked 
| 247|0x00000000ef700000, 0x00000000ef700000, 0x00000000ef800000|  0%| F|  |TAMS 0x00000000ef700000| PB 0x00000000ef700000| Untracked 
| 248|0x00000000ef800000, 0x00000000ef800000, 0x00000000ef900000|  0%| F|  |TAMS 0x00000000ef800000| PB 0x00000000ef800000| Untracked 
| 249|0x00000000ef900000, 0x00000000ef900000, 0x00000000efa00000|  0%| F|  |TAMS 0x00000000ef900000| PB 0x00000000ef900000| Untracked 
| 250|0x00000000efa00000, 0x00000000efa00000, 0x00000000efb00000|  0%| F|  |TAMS 0x00000000efa00000| PB 0x00000000efa00000| Untracked 
| 251|0x00000000efb00000, 0x00000000efb00000, 0x00000000efc00000|  0%| F|  |TAMS 0x00000000efb00000| PB 0x00000000efb00000| Untracked 
| 252|0x00000000efc00000, 0x00000000efc00000, 0x00000000efd00000|  0%| F|  |TAMS 0x00000000efc00000| PB 0x00000000efc00000| Untracked 
| 253|0x00000000efd00000, 0x00000000efd00000, 0x00000000efe00000|  0%| F|  |TAMS 0x00000000efd00000| PB 0x00000000efd00000| Untracked 
| 254|0x00000000efe00000, 0x00000000efe9d900, 0x00000000eff00000| 61%| E|  |TAMS 0x00000000efe00000| PB 0x00000000efe00000| Complete 
| 255|0x00000000eff00000, 0x00000000f0000000, 0x00000000f0000000|100%| E|CS|TAMS 0x00000000eff00000| PB 0x00000000eff00000| Complete 

Card table byte_map: [0x0000017963cd0000,0x0000017963dd0000] _byte_map_base: 0x00000179635d0000

Marking Bits: (CMBitMap*) 0x00000179514ac470
 Bits: [0x0000017963dd0000, 0x00000179645d0000)

Polling page: 0x000001794f2b0000

Metaspace:

Usage:
  Non-class:     40.20 MB used.
      Class:      6.86 MB used.
       Both:     47.06 MB used.

Virtual space:
  Non-class space:       64.00 MB reserved,      41.00 MB ( 64%) committed,  1 nodes.
      Class space:      320.00 MB reserved,       7.62 MB (  2%) committed,  1 nodes.
             Both:      384.00 MB reserved,      48.62 MB ( 13%) committed. 

Chunk freelists:
   Non-Class:  6.41 MB
       Class:  8.22 MB
        Both:  14.62 MB

MaxMetaspaceSize: 384.00 MB
CompressedClassSpaceSize: 320.00 MB
Initial GC threshold: 21.00 MB
Current GC threshold: 59.69 MB
CDS: on
 - commit_granule_bytes: 65536.
 - commit_granule_words: 8192.
 - virtual_space_node_default_size: 8388608.
 - enlarge_chunks_in_place: 1.
 - use_allocation_guard: 0.


Internal statistics:

num_allocs_failed_limit: 12.
num_arena_births: 2932.
num_arena_deaths: 0.
num_vsnodes_births: 2.
num_vsnodes_deaths: 0.
num_space_committed: 778.
num_space_uncommitted: 0.
num_chunks_returned_to_freelist: 12.
num_chunks_taken_from_freelist: 5204.
num_chunk_merges: 12.
num_chunk_splits: 3376.
num_chunks_enlarged: 2069.
num_inconsistent_stats: 0.

CodeHeap 'non-profiled nmethods': size=120000Kb used=3330Kb max_used=3330Kb free=116670Kb
 bounds [0x000001795c150000, 0x000001795c4a0000, 0x0000017963680000]
CodeHeap 'profiled nmethods': size=120000Kb used=10339Kb max_used=10339Kb free=109660Kb
 bounds [0x0000017954680000, 0x00000179550a0000, 0x000001795bbb0000]
CodeHeap 'non-nmethods': size=5760Kb used=2591Kb max_used=2613Kb free=3169Kb
 bounds [0x000001795bbb0000, 0x000001795be40000, 0x000001795c150000]
CodeCache: size=245760Kb, used=16260Kb, max_used=16282Kb, free=229499Kb
 total_blobs=6216, nmethods=5357, adapters=764, full_count=0
Compilation: enabled, stopped_count=0, restarted_count=0

Compilation events (20 events):
Event: 288.795 Thread 0x0000017967279250 nmethod 5884 0x000001795c48ea10 code [0x000001795c48eba0, 0x000001795c48ec68]
Event: 288.795 Thread 0x0000017967279250 5885       1       org.gradle.internal.component.external.model.AbstractMutableModuleComponentResolveMetadata$DependencyImpl::getRequestedCapabilities (5 bytes)
Event: 288.795 Thread 0x0000017967279250 nmethod 5885 0x000001795c48ed10 code [0x000001795c48eea0, 0x000001795c48ef68]
Event: 288.795 Thread 0x0000017967279250 5886       1       org.gradle.internal.component.external.model.AbstractMutableModuleComponentResolveMetadata$DependencyImpl::getExcludes (5 bytes)
Event: 288.795 Thread 0x0000017967279250 nmethod 5886 0x000001795c48f010 code [0x000001795c48f1a0, 0x000001795c48f268]
Event: 288.795 Thread 0x0000017967279250 5887       1       org.gradle.internal.component.external.model.AbstractMutableModuleComponentResolveMetadata$DependencyImpl::getDependencyArtifact (5 bytes)
Event: 288.795 Thread 0x0000017967279250 nmethod 5887 0x000001795c48f310 code [0x000001795c48f4a0, 0x000001795c48f568]
Event: 288.795 Thread 0x0000017967279250 5888       1       org.gradle.internal.component.external.model.AbstractMutableModuleComponentResolveMetadata$DependencyImpl::isEndorsingStrictVersions (5 bytes)
Event: 288.795 Thread 0x0000017967279250 nmethod 5888 0x000001795c48f610 code [0x000001795c48f7a0, 0x000001795c48f870]
Event: 288.796 Thread 0x0000017967279250 5889       1       org.gradle.internal.component.external.model.AbstractMutableModuleComponentResolveMetadata$DependencyImpl::getReason (5 bytes)
Event: 288.796 Thread 0x0000017967279250 nmethod 5889 0x000001795c48f910 code [0x000001795c48faa0, 0x000001795c48fb68]
Event: 288.812 Thread 0x0000017967279250 5890       3       java.util.Iterator::forEachRemaining (30 bytes)
Event: 288.812 Thread 0x0000017967279250 nmethod 5890 0x0000017955090110 code [0x0000017955090320, 0x0000017955090890]
Event: 288.812 Thread 0x0000017967279250 5891       1       com.google.common.collect.SingletonImmutableSet::size (2 bytes)
Event: 288.812 Thread 0x0000017967279250 nmethod 5891 0x000001795c48fc10 code [0x000001795c48fda0, 0x000001795c48fe68]
Event: 288.834 Thread 0x0000017967279250 5892       3       com.google.common.collect.ImmutableSet$CachingAsList::asList (21 bytes)
Event: 288.834 Thread 0x0000017967279250 nmethod 5892 0x0000017955090a10 code [0x0000017955090bc0, 0x0000017955090e48]
Event: 288.834 Thread 0x0000017967279250 5893       3       com.google.common.collect.AbstractIterator::<init> (12 bytes)
Event: 288.835 Thread 0x0000017967279250 nmethod 5893 0x0000017955090f10 code [0x00000179550910c0, 0x00000179550912f8]
Event: 290.524 Thread 0x0000017967279250 5894       3       com.google.common.collect.ImmutableList::listIterator (14 bytes)

GC Heap History (16 events):
Event: 1.319 GC heap before
{Heap before GC invocations=0 (full 0):
 garbage-first heap   total 262144K, used 26624K [0x00000000e0000000, 0x0000000100000000)
  region size 1024K, 23 young (23552K), 0 survivors (0K)
 Metaspace       used 1122K, committed 1216K, reserved 393216K
  class space    used 81K, committed 128K, reserved 327680K
}
Event: 1.350 GC heap after
{Heap after GC invocations=1 (full 0):
 garbage-first heap   total 262144K, used 9535K [0x00000000e0000000, 0x0000000100000000)
  region size 1024K, 3 young (3072K), 3 survivors (3072K)
 Metaspace       used 1122K, committed 1216K, reserved 393216K
  class space    used 81K, committed 128K, reserved 327680K
}
Event: 7.047 GC heap before
{Heap before GC invocations=1 (full 0):
 garbage-first heap   total 262144K, used 41279K [0x00000000e0000000, 0x0000000100000000)
  region size 1024K, 34 young (34816K), 3 survivors (3072K)
 Metaspace       used 4301K, committed 4480K, reserved 393216K
  class space    used 546K, committed 640K, reserved 327680K
}
Event: 7.055 GC heap after
{Heap after GC invocations=2 (full 0):
 garbage-first heap   total 262144K, used 12269K [0x00000000e0000000, 0x0000000100000000)
  region size 1024K, 3 young (3072K), 3 survivors (3072K)
 Metaspace       used 4301K, committed 4480K, reserved 393216K
  class space    used 546K, committed 640K, reserved 327680K
}
Event: 30.991 GC heap before
{Heap before GC invocations=2 (full 0):
 garbage-first heap   total 262144K, used 59373K [0x00000000e0000000, 0x0000000100000000)
  region size 1024K, 47 young (48128K), 3 survivors (3072K)
 Metaspace       used 5764K, committed 6016K, reserved 393216K
  class space    used 771K, committed 896K, reserved 327680K
}
Event: 31.016 GC heap after
{Heap after GC invocations=3 (full 0):
 garbage-first heap   total 262144K, used 18297K [0x00000000e0000000, 0x0000000100000000)
  region size 1024K, 6 young (6144K), 6 survivors (6144K)
 Metaspace       used 5764K, committed 6016K, reserved 393216K
  class space    used 771K, committed 896K, reserved 327680K
}
Event: 100.008 GC heap before
{Heap before GC invocations=3 (full 0):
 garbage-first heap   total 262144K, used 107385K [0x00000000e0000000, 0x0000000100000000)
  region size 1024K, 94 young (96256K), 6 survivors (6144K)
 Metaspace       used 20863K, committed 21504K, reserved 393216K
  class space    used 3051K, committed 3328K, reserved 327680K
}
Event: 100.060 GC heap after
{Heap after GC invocations=4 (full 0):
 garbage-first heap   total 262144K, used 25886K [0x00000000e0000000, 0x0000000100000000)
  region size 1024K, 14 young (14336K), 14 survivors (14336K)
 Metaspace       used 20863K, committed 21504K, reserved 393216K
  class space    used 3051K, committed 3328K, reserved 327680K
}
Event: 159.618 GC heap before
{Heap before GC invocations=5 (full 0):
 garbage-first heap   total 262144K, used 119070K [0x00000000e0000000, 0x0000000100000000)
  region size 1024K, 107 young (109568K), 14 survivors (14336K)
 Metaspace       used 34776K, committed 35968K, reserved 393216K
  class space    used 5160K, committed 5760K, reserved 327680K
}
Event: 159.646 GC heap after
{Heap after GC invocations=6 (full 0):
 garbage-first heap   total 262144K, used 32045K [0x00000000e0000000, 0x0000000100000000)
  region size 1024K, 14 young (14336K), 14 survivors (14336K)
 Metaspace       used 34776K, committed 35968K, reserved 393216K
  class space    used 5160K, committed 5760K, reserved 327680K
}
Event: 159.945 GC heap before
{Heap before GC invocations=6 (full 0):
 garbage-first heap   total 262144K, used 32045K [0x00000000e0000000, 0x0000000100000000)
  region size 1024K, 16 young (16384K), 14 survivors (14336K)
 Metaspace       used 35062K, committed 36288K, reserved 393216K
  class space    used 5170K, committed 5760K, reserved 327680K
}
Event: 159.971 GC heap after
{Heap after GC invocations=7 (full 0):
 garbage-first heap   total 262144K, used 31954K [0x00000000e0000000, 0x0000000100000000)
  region size 1024K, 7 young (7168K), 7 survivors (7168K)
 Metaspace       used 35062K, committed 36288K, reserved 393216K
  class space    used 5170K, committed 5760K, reserved 327680K
}
Event: 160.489 GC heap before
{Heap before GC invocations=7 (full 0):
 garbage-first heap   total 262144K, used 32978K [0x00000000e0000000, 0x0000000100000000)
  region size 1024K, 9 young (9216K), 7 survivors (7168K)
 Metaspace       used 35376K, committed 36608K, reserved 393216K
  class space    used 5202K, committed 5824K, reserved 327680K
}
Event: 160.500 GC heap after
{Heap after GC invocations=8 (full 0):
 garbage-first heap   total 262144K, used 31359K [0x00000000e0000000, 0x0000000100000000)
  region size 1024K, 7 young (7168K), 7 survivors (7168K)
 Metaspace       used 35376K, committed 36608K, reserved 393216K
  class space    used 5202K, committed 5824K, reserved 327680K
}
Event: 288.322 GC heap before
{Heap before GC invocations=9 (full 0):
 garbage-first heap   total 262144K, used 187007K [0x00000000e0000000, 0x0000000100000000)
  region size 1024K, 153 young (156672K), 7 survivors (7168K)
 Metaspace       used 48137K, committed 49728K, reserved 393216K
  class space    used 7027K, committed 7808K, reserved 327680K
}
Event: 288.353 GC heap after
{Heap after GC invocations=10 (full 0):
 garbage-first heap   total 262144K, used 39059K [0x00000000e0000000, 0x0000000100000000)
  region size 1024K, 14 young (14336K), 14 survivors (14336K)
 Metaspace       used 48137K, committed 49728K, reserved 393216K
  class space    used 7027K, committed 7808K, reserved 327680K
}

Dll operation events (20 events):
Event: 0.317 Attempting to load shared library C:\Users\Angelina Thennessa\.vscode\extensions\redhat.java-1.56.0-win32-x64\jre\21.0.12.1-win32-x86_64\bin\nio.dll
Event: 0.318 Loaded shared library C:\Users\Angelina Thennessa\.vscode\extensions\redhat.java-1.56.0-win32-x64\jre\21.0.12.1-win32-x86_64\bin\nio.dll
Event: 0.326 Attempting to load shared library C:\Users\Angelina Thennessa\.vscode\extensions\redhat.java-1.56.0-win32-x64\jre\21.0.12.1-win32-x86_64\bin\zip.dll
Event: 0.326 Loaded shared library C:\Users\Angelina Thennessa\.vscode\extensions\redhat.java-1.56.0-win32-x64\jre\21.0.12.1-win32-x86_64\bin\zip.dll
Event: 1.054 Attempting to load shared library C:\Users\Angelina Thennessa\.vscode\extensions\redhat.java-1.56.0-win32-x64\jre\21.0.12.1-win32-x86_64\bin\jimage.dll
Event: 1.054 Loaded shared library C:\Users\Angelina Thennessa\.vscode\extensions\redhat.java-1.56.0-win32-x64\jre\21.0.12.1-win32-x86_64\bin\jimage.dll
Event: 1.405 Attempting to load shared library C:\Users\Angelina Thennessa\.vscode\extensions\redhat.java-1.56.0-win32-x64\jre\21.0.12.1-win32-x86_64\bin\verify.dll
Event: 1.407 Loaded shared library C:\Users\Angelina Thennessa\.vscode\extensions\redhat.java-1.56.0-win32-x64\jre\21.0.12.1-win32-x86_64\bin\verify.dll
Event: 1.738 Attempting to load shared library C:\Users\Angelina Thennessa\.gradle\native\c067742578af261105cb4f569cf0c3c89f3d7b1fecec35dd04571415982c5e48\windows-amd64\native-platform.dll
Event: 1.740 Loaded shared library C:\Users\Angelina Thennessa\.gradle\native\c067742578af261105cb4f569cf0c3c89f3d7b1fecec35dd04571415982c5e48\windows-amd64\native-platform.dll
Event: 1.749 Attempting to load shared library C:\Users\Angelina Thennessa\.gradle\native\100fb08df4bc3b14c8652ba06237920a3bd2aa13389f12d3474272988ae205f9\windows-amd64\native-platform-file-events.dll
Event: 1.823 Loaded shared library C:\Users\Angelina Thennessa\.gradle\native\100fb08df4bc3b14c8652ba06237920a3bd2aa13389f12d3474272988ae205f9\windows-amd64\native-platform-file-events.dll
Event: 34.223 Attempting to load shared library C:\Users\Angelina Thennessa\.vscode\extensions\redhat.java-1.56.0-win32-x64\jre\21.0.12.1-win32-x86_64\bin\management.dll
Event: 34.275 Loaded shared library C:\Users\Angelina Thennessa\.vscode\extensions\redhat.java-1.56.0-win32-x64\jre\21.0.12.1-win32-x86_64\bin\management.dll
Event: 34.445 Attempting to load shared library C:\Users\Angelina Thennessa\.vscode\extensions\redhat.java-1.56.0-win32-x64\jre\21.0.12.1-win32-x86_64\bin\management_ext.dll
Event: 34.478 Loaded shared library C:\Users\Angelina Thennessa\.vscode\extensions\redhat.java-1.56.0-win32-x64\jre\21.0.12.1-win32-x86_64\bin\management_ext.dll
Event: 43.178 Attempting to load shared library C:\Users\Angelina Thennessa\.vscode\extensions\redhat.java-1.56.0-win32-x64\jre\21.0.12.1-win32-x86_64\bin\extnet.dll
Event: 43.197 Loaded shared library C:\Users\Angelina Thennessa\.vscode\extensions\redhat.java-1.56.0-win32-x64\jre\21.0.12.1-win32-x86_64\bin\extnet.dll
Event: 48.669 Attempting to load shared library C:\Users\Angelina Thennessa\.vscode\extensions\redhat.java-1.56.0-win32-x64\jre\21.0.12.1-win32-x86_64\bin\sunmscapi.dll
Event: 48.724 Loaded shared library C:\Users\Angelina Thennessa\.vscode\extensions\redhat.java-1.56.0-win32-x64\jre\21.0.12.1-win32-x86_64\bin\sunmscapi.dll

Deoptimization events (20 events):
Event: 233.805 Thread 0x000001797d718a50 DEOPT UNPACKING pc=0x000001795bc04422 sp=0x0000001f53ef9678 mode 2
Event: 257.827 Thread 0x000001797d718a50 Uncommon trap: trap_request=0xffffffd6 fr.pc=0x000001795c44cb6c relative=0x00000000000003ac
Event: 257.827 Thread 0x000001797d718a50 Uncommon trap: reason=array_check action=maybe_recompile pc=0x000001795c44cb6c method=java.util.LinkedHashMap.keysToArray([Ljava/lang/Object;Z)[Ljava/lang/Object; @ 67 c2
Event: 257.827 Thread 0x000001797d718a50 DEOPT PACKING pc=0x000001795c44cb6c sp=0x0000001f53ef7920
Event: 257.827 Thread 0x000001797d718a50 DEOPT UNPACKING pc=0x000001795bc04422 sp=0x0000001f53ef78c0 mode 2
Event: 258.755 Thread 0x000001797d718a50 Uncommon trap: trap_request=0xffffffde fr.pc=0x000001795c28be94 relative=0x00000000000002b4
Event: 258.755 Thread 0x000001797d718a50 Uncommon trap: reason=class_check action=maybe_recompile pc=0x000001795c28be94 method=java.util.Collections$SetFromMap.remove(Ljava/lang/Object;)Z @ 5 c2
Event: 258.755 Thread 0x000001797d718a50 DEOPT PACKING pc=0x000001795c28be94 sp=0x0000001f53ef8870
Event: 258.755 Thread 0x000001797d718a50 DEOPT UNPACKING pc=0x000001795bc04422 sp=0x0000001f53ef8858 mode 2
Event: 277.977 Thread 0x000001797d718a50 Uncommon trap: trap_request=0xffffffde fr.pc=0x000001795c2537fc relative=0x0000000000000d1c
Event: 277.977 Thread 0x000001797d718a50 Uncommon trap: reason=class_check action=maybe_recompile pc=0x000001795c2537fc method=java.util.HashMap.computeIfAbsent(Ljava/lang/Object;Ljava/util/function/Function;)Ljava/lang/Object; @ 142 c2
Event: 277.977 Thread 0x000001797d718a50 DEOPT PACKING pc=0x000001795c2537fc sp=0x0000001f53ef7ce0
Event: 277.977 Thread 0x000001797d718a50 DEOPT UNPACKING pc=0x000001795bc04422 sp=0x0000001f53ef7ca8 mode 2
Event: 287.000 Thread 0x000001797d718a50 Uncommon trap: trap_request=0xffffffde fr.pc=0x000001795c2537fc relative=0x0000000000000d1c
Event: 287.000 Thread 0x000001797d718a50 Uncommon trap: reason=class_check action=maybe_recompile pc=0x000001795c2537fc method=java.util.HashMap.computeIfAbsent(Ljava/lang/Object;Ljava/util/function/Function;)Ljava/lang/Object; @ 142 c2
Event: 287.000 Thread 0x000001797d718a50 DEOPT PACKING pc=0x000001795c2537fc sp=0x0000001f53ef7ce0
Event: 287.000 Thread 0x000001797d718a50 DEOPT UNPACKING pc=0x000001795bc04422 sp=0x0000001f53ef7ca8 mode 2
Event: 288.908 Thread 0x000001797d718a50 Uncommon trap: trap_request=0xffffff45 fr.pc=0x000001795c220e10 relative=0x0000000000000070
Event: 288.922 Thread 0x000001797d718a50 Uncommon trap: reason=unstable_if action=reinterpret pc=0x000001795c220e10 method=java.lang.ref.ReferenceQueue.poll()Ljava/lang/ref/Reference; @ 4 c2
Event: 288.923 Thread 0x000001797d718a50 DEOPT PACKING pc=0x000001795c220e10 sp=0x0000001f53ef7aa0

Classes loaded (20 events):
Event: 206.344 Loading class javax/net/ssl/TrustManager
Event: 206.393 Loading class javax/net/ssl/TrustManager done
Event: 206.394 Loading class javax/net/ssl/X509TrustManager
Event: 206.394 Loading class javax/net/ssl/X509TrustManager done
Event: 206.481 Loading class javax/net/ssl/SSLException
Event: 206.481 Loading class javax/net/ssl/SSLException done
Event: 206.481 Loading class javax/net/ssl/SSLPeerUnverifiedException
Event: 206.481 Loading class javax/net/ssl/SSLPeerUnverifiedException done
Event: 206.481 Loading class javax/naming/NamingException
Event: 206.482 Loading class javax/naming/NamingException done
Event: 206.482 Loading class javax/naming/InvalidNameException
Event: 206.482 Loading class javax/naming/InvalidNameException done
Event: 206.482 Loading class java/security/cert/CertificateParsingException
Event: 206.482 Loading class java/security/cert/CertificateException
Event: 206.482 Loading class java/security/cert/CertificateException done
Event: 206.482 Loading class java/security/cert/CertificateParsingException done
Event: 238.092 Loading class java/io/DeleteOnExitHook
Event: 238.093 Loading class java/io/DeleteOnExitHook done
Event: 238.093 Loading class java/io/DeleteOnExitHook$1
Event: 238.093 Loading class java/io/DeleteOnExitHook$1 done

Classes unloaded (0 events):
No events

Classes redefined (0 events):
No events

Internal exceptions (20 events):
Event: 224.337 Thread 0x000001797d718a50 Exception <a 'java/lang/NoSuchMethodError'{0x00000000e8be1ff0}: 'int java.lang.invoke.DirectMethodHandle$Holder.invokeInterface(java.lang.Object, java.lang.Object, java.lang.Object, java.lang.Object)'> (0x00000000e8be1ff0) 
thrown [s\src\hotspot\share\interpreter\linkResolver.cpp, line 773]
Event: 225.664 Thread 0x000001797d718a50 Exception <a 'java/lang/NoSuchMethodError'{0x00000000e89d27b0}: 'java.lang.Object java.lang.invoke.DirectMethodHandle$Holder.invokeStatic(java.lang.Object, long, java.lang.Object)'> (0x00000000e89d27b0) 
thrown [s\src\hotspot\share\interpreter\linkResolver.cpp, line 773]
Event: 225.665 Thread 0x000001797d718a50 Exception <a 'java/lang/NoSuchMethodError'{0x00000000e89d9c58}: 'java.lang.Object java.lang.invoke.DirectMethodHandle$Holder.newInvokeSpecial(java.lang.Object, long)'> (0x00000000e89d9c58) 
thrown [s\src\hotspot\share\interpreter\linkResolver.cpp, line 773]
Event: 225.937 Thread 0x000001797d718a50 Exception <a 'java/lang/NoSuchMethodError'{0x00000000e8834a40}: 'java.lang.Object java.lang.invoke.DirectMethodHandle$Holder.newInvokeSpecial(java.lang.Object, java.lang.Object, java.lang.Object, java.lang.Object, java.lang.Object, long)'> (0x00000000e8834a40) 
thrown [s\src\hotspot\share\interpreter\linkResolver.cpp, line 773]
Event: 225.937 Thread 0x000001797d718a50 Exception <a 'java/lang/NoSuchMethodError'{0x00000000e8839b40}: 'java.lang.Object java.lang.invoke.DirectMethodHandle$Holder.invokeSpecial(java.lang.Object, java.lang.Object, java.lang.Object, java.lang.Object, java.lang.Object, java.lang.Object, long)'> (0x00000000e8839b40) 
thrown [s\src\hotspot\share\interpreter\linkResolver.cpp, line 773]
Event: 225.976 Thread 0x000001797d718a50 Exception <a 'java/lang/NoSuchMethodError'{0x00000000e883e3d0}: 'java.lang.Object java.lang.invoke.Invokers$Holder.linkToTargetMethod(java.lang.Object, java.lang.Object, java.lang.Object, java.lang.Object, long, java.lang.Object)'> (0x00000000e883e3d0) 
thrown [s\src\hotspot\share\interpreter\linkResolver.cpp, line 773]
Event: 226.244 Thread 0x000001797d718a50 Exception <a 'java/lang/NoSuchMethodError'{0x00000000e8886e78}: 'java.lang.Object java.lang.invoke.DirectMethodHandle$Holder.newInvokeSpecial(java.lang.Object, java.lang.Object, java.lang.Object, long)'> (0x00000000e8886e78) 
thrown [s\src\hotspot\share\interpreter\linkResolver.cpp, line 773]
Event: 226.324 Thread 0x000001797d718a50 Exception <a 'java/lang/NoSuchMethodError'{0x00000000e888bb48}: 'java.lang.Object java.lang.invoke.DirectMethodHandle$Holder.invokeSpecial(java.lang.Object, java.lang.Object, java.lang.Object, java.lang.Object, long)'> (0x00000000e888bb48) 
thrown [s\src\hotspot\share\interpreter\linkResolver.cpp, line 773]
Event: 226.326 Thread 0x000001797d718a50 Exception <a 'java/lang/NoSuchMethodError'{0x00000000e888ffb8}: 'java.lang.Object java.lang.invoke.Invokers$Holder.linkToTargetMethod(java.lang.Object, java.lang.Object, long, java.lang.Object)'> (0x00000000e888ffb8) 
thrown [s\src\hotspot\share\interpreter\linkResolver.cpp, line 773]
Event: 229.350 Thread 0x000001797d718a50 Exception <a 'java/lang/NoSuchMethodError'{0x00000000e86d2ee0}: 'java.lang.Object java.lang.invoke.DirectMethodHandle$Holder.newInvokeSpecial(java.lang.Object, java.lang.Object, java.lang.Object, java.lang.Object, java.lang.Object, java.lang.Object, java.lang.Object, java.lang.Object, java.lang.Object, java.lang.Object, java.lang.Object, java.lang.Object, java.lang.Object, java.lang.Object, java.lang.Object, java.lang.Object, java.lang.Object, java.lang.Object, java.lang.Object, java.lang.Object, java.lang
Event: 229.351 Thread 0x000001797d718a50 Exception <a 'java/lang/NoSuchMethodError'{0x00000000e86dace0}: 'java.lang.Object java.lang.invoke.DirectMethodHandle$Holder.invokeSpecial(java.lang.Object, java.lang.Object, java.lang.Object, java.lang.Object, java.lang.Object, java.lang.Object, java.lang.Object, java.lang.Object, java.lang.Object, java.lang.Object, java.lang.Object, java.lang.Object, java.lang.Object, java.lang.Object, java.lang.Object, java.lang.Object, java.lang.Object, java.lang.Object, java.lang.Object, java.lang.Object, java.lang.Ob
Event: 229.352 Thread 0x000001797d718a50 Exception <a 'java/lang/NoSuchMethodError'{0x00000000e86e1220}: 'java.lang.Object java.lang.invoke.DelegatingMethodHandle$Holder.reinvoke_L(java.lang.Object, java.lang.Object, java.lang.Object, java.lang.Object, java.lang.Object, java.lang.Object, java.lang.Object, java.lang.Object, java.lang.Object, java.lang.Object, java.lang.Object, java.lang.Object, java.lang.Object, java.lang.Object, java.lang.Object, java.lang.Object, java.lang.Object, java.lang.Object, java.lang.Object, java.lang.Object, java.lang.O
Event: 241.874 Thread 0x000001797d718a50 Exception <a 'java/lang/NoSuchMethodError'{0x00000000e7c2c8e0}: 'java.lang.Object java.lang.invoke.DirectMethodHandle$Holder.newInvokeSpecial(java.lang.Object, int, java.lang.Object)'> (0x00000000e7c2c8e0) 
thrown [s\src\hotspot\share\interpreter\linkResolver.cpp, line 773]
Event: 248.626 Thread 0x000001797d718a50 Exception <a 'java/lang/NoSuchMethodError'{0x00000000e7648ce0}: 'java.lang.Object java.lang.invoke.DirectMethodHandle$Holder.newInvokeSpecial(java.lang.Object, java.lang.Object, java.lang.Object, int)'> (0x00000000e7648ce0) 
thrown [s\src\hotspot\share\interpreter\linkResolver.cpp, line 773]
Event: 248.742 Thread 0x000001797d718a50 Exception <a 'java/lang/NoSuchMethodError'{0x00000000e764da70}: 'java.lang.Object java.lang.invoke.DirectMethodHandle$Holder.invokeSpecial(java.lang.Object, java.lang.Object, java.lang.Object, java.lang.Object, int)'> (0x00000000e764da70) 
thrown [s\src\hotspot\share\interpreter\linkResolver.cpp, line 773]
Event: 248.744 Thread 0x000001797d718a50 Exception <a 'java/lang/NoSuchMethodError'{0x00000000e7652188}: 'java.lang.Object java.lang.invoke.Invokers$Holder.linkToTargetMethod(java.lang.Object, java.lang.Object, int, java.lang.Object)'> (0x00000000e7652188) 
thrown [s\src\hotspot\share\interpreter\linkResolver.cpp, line 773]
Event: 254.198 Thread 0x000001797d718a50 Exception <a 'java/lang/NoSuchMethodError'{0x00000000e74fd950}: 'int java.lang.invoke.DirectMethodHandle$Holder.invokeSpecialIFC(java.lang.Object, java.lang.Object, java.lang.Object)'> (0x00000000e74fd950) 
thrown [s\src\hotspot\share\interpreter\linkResolver.cpp, line 773]
Event: 258.163 Thread 0x000001797d718a50 Exception <a 'java/lang/NoSuchMethodError'{0x00000000e70cc4f8}: 'java.lang.Object java.lang.invoke.DirectMethodHandle$Holder.invokeSpecial(java.lang.Object, java.lang.Object, java.lang.Object, java.lang.Object, java.lang.Object, long)'> (0x00000000e70cc4f8) 
thrown [s\src\hotspot\share\interpreter\linkResolver.cpp, line 773]
Event: 258.204 Thread 0x000001797d718a50 Exception <a 'java/lang/NoSuchMethodError'{0x00000000e70f1600}: 'void java.lang.invoke.DirectMethodHandle$Holder.invokeStatic(java.lang.Object, java.lang.Object, java.lang.Object, int, java.lang.Object)'> (0x00000000e70f1600) 
thrown [s\src\hotspot\share\interpreter\linkResolver.cpp, line 773]
Event: 275.923 Thread 0x000001797d718a50 Exception <a 'java/lang/NoSuchMethodError'{0x00000000e6a98578}: 'java.lang.Object java.lang.invoke.DirectMethodHandle$Holder.invokeSpecial(java.lang.Object, java.lang.Object, long, java.lang.Object, java.lang.Object)'> (0x00000000e6a98578) 
thrown [s\src\hotspot\share\interpreter\linkResolver.cpp, line 773]

ZGC Phase Switch (0 events):
No events

VM Operations (20 events):
Event: 256.238 Executing safepoint VM operation: Cleanup done
Event: 258.265 Executing safepoint VM operation: Cleanup
Event: 258.265 Executing safepoint VM operation: Cleanup done
Event: 269.367 Executing safepoint VM operation: Cleanup
Event: 269.367 Executing safepoint VM operation: Cleanup done
Event: 272.376 Executing safepoint VM operation: Cleanup
Event: 272.376 Executing safepoint VM operation: Cleanup done
Event: 275.381 Executing safepoint VM operation: Cleanup
Event: 275.413 Executing safepoint VM operation: Cleanup done
Event: 276.425 Executing safepoint VM operation: Cleanup
Event: 276.425 Executing safepoint VM operation: Cleanup done
Event: 277.434 Executing safepoint VM operation: Cleanup
Event: 277.498 Executing safepoint VM operation: Cleanup done
Event: 278.509 Executing safepoint VM operation: Cleanup
Event: 278.509 Executing safepoint VM operation: Cleanup done
Event: 287.569 Executing safepoint VM operation: Cleanup
Event: 287.570 Executing safepoint VM operation: Cleanup done
Event: 288.322 Executing safepoint VM operation: G1CollectForAllocation (G1 Evacuation Pause)
Event: 288.353 Executing safepoint VM operation: G1CollectForAllocation (G1 Evacuation Pause) done
Event: 289.356 Executing safepoint VM operation: Cleanup

Memory protections (0 events):
No events

Nmethod flushes (20 events):
Event: 160.551 Thread 0x000001796721f990 flushing  nmethod 0x00000179547f3010
Event: 160.551 Thread 0x000001796721f990 flushing  nmethod 0x00000179547f7190
Event: 160.551 Thread 0x000001796721f990 flushing  nmethod 0x00000179547f7e90
Event: 160.551 Thread 0x000001796721f990 flushing  nmethod 0x0000017954817a10
Event: 160.551 Thread 0x000001796721f990 flushing  nmethod 0x0000017954818390
Event: 160.551 Thread 0x000001796721f990 flushing  nmethod 0x000001795481b010
Event: 160.551 Thread 0x000001796721f990 flushing  nmethod 0x000001795481e790
Event: 160.551 Thread 0x000001796721f990 flushing  nmethod 0x000001795481ff10
Event: 160.551 Thread 0x000001796721f990 flushing  nmethod 0x0000017954821610
Event: 160.551 Thread 0x000001796721f990 flushing  nmethod 0x0000017954823510
Event: 160.551 Thread 0x000001796721f990 flushing  nmethod 0x000001795484c290
Event: 160.551 Thread 0x000001796721f990 flushing  nmethod 0x0000017954875f10
Event: 160.551 Thread 0x000001796721f990 flushing  nmethod 0x0000017954877f10
Event: 160.551 Thread 0x000001796721f990 flushing  nmethod 0x0000017954884c10
Event: 160.551 Thread 0x000001796721f990 flushing  nmethod 0x000001795496f690
Event: 160.551 Thread 0x000001796721f990 flushing  nmethod 0x0000017954974490
Event: 160.551 Thread 0x000001796721f990 flushing  nmethod 0x0000017954b2fa10
Event: 160.551 Thread 0x000001796721f990 flushing  nmethod 0x0000017954b96990
Event: 160.551 Thread 0x000001796721f990 flushing  nmethod 0x0000017954cfaa10
Event: 160.551 Thread 0x000001796721f990 flushing  nmethod 0x0000017954cfb910

Events (20 events):
Event: 49.800 Thread 0x000001797d7190e0 Thread added: 0x000001797d7183c0
Event: 51.824 Thread 0x000001797d7190e0 Thread added: 0x000001797d719e00
Event: 52.940 Thread 0x000001797d7190e0 Thread added: 0x000001797d718a50
Event: 53.178 Thread 0x000001797d718a50 Thread added: 0x000001797d719770
Event: 53.253 Thread 0x000001797d718a50 Thread added: 0x000001797d71ab20
Event: 53.303 Thread 0x000001797d718a50 Thread added: 0x000001797d71a490
Event: 69.777 Thread 0x000001797d718a50 Thread added: 0x000001797d7176a0
Event: 70.460 Thread 0x000001797d718a50 Thread added: 0x000001797d71b1b0
Event: 70.898 Thread 0x000001797d71b1b0 Thread added: 0x000001797d717d30
Event: 71.775 Thread 0x000001797d718a50 Thread added: 0x000001797d71bed0
Event: 100.709 Thread 0x000001797d718a50 Thread added: 0x000001797d71cbf0
Event: 101.195 Thread 0x000001797d718a50 Thread added: 0x000001797d71d280
Event: 109.002 Thread 0x000001797d718a50 Thread added: 0x000001797d71c560
Event: 109.157 Thread 0x000001797d718a50 Thread added: 0x000001797d71d910
Event: 114.945 Thread 0x000001797d718a50 Thread added: 0x000001797d71dfa0
Event: 116.844 Thread 0x000001797d718a50 Thread added: 0x000001797d71e630
Event: 121.318 Thread 0x000001797d718a50 Thread added: 0x000001797d71b840
Event: 126.646 Thread 0x000001797d718a50 Thread added: 0x000001797dea4000
Event: 133.965 Thread 0x000001797d718a50 Thread added: 0x000001797dea4690
Event: 141.824 Thread 0x000001797d718a50 Thread added: 0x000001797dea60d0


Dynamic libraries:
0x00007ff64eb40000 - 0x00007ff64eb4e000 	C:\Users\Angelina Thennessa\.vscode\extensions\redhat.java-1.56.0-win32-x64\jre\21.0.12.1-win32-x86_64\bin\java.exe
0x00007ffe5d260000 - 0x00007ffe5d4c6000 	C:\Windows\SYSTEM32\ntdll.dll
0x00007ffe5bcd0000 - 0x00007ffe5bd99000 	C:\Windows\System32\KERNEL32.DLL
0x00007ffe5a720000 - 0x00007ffe5ab1f000 	C:\Windows\System32\KERNELBASE.dll
0x00007ffe5ae30000 - 0x00007ffe5af7c000 	C:\Windows\System32\ucrtbase.dll
0x00007ffe43960000 - 0x00007ffe43978000 	C:\Users\Angelina Thennessa\.vscode\extensions\redhat.java-1.56.0-win32-x64\jre\21.0.12.1-win32-x86_64\bin\jli.dll
0x00007ffe442f0000 - 0x00007ffe4430e000 	C:\Users\Angelina Thennessa\.vscode\extensions\redhat.java-1.56.0-win32-x64\jre\21.0.12.1-win32-x86_64\bin\VCRUNTIME140.dll
0x00007ffe5b640000 - 0x00007ffe5b806000 	C:\Windows\System32\USER32.dll
0x00007ffe38b20000 - 0x00007ffe38db1000 	C:\Windows\WinSxS\amd64_microsoft.windows.common-controls_6595b64144ccf1df_6.0.26100.8972_none_3e0da176e32f9d4b\COMCTL32.dll
0x00007ffe5a6f0000 - 0x00007ffe5a717000 	C:\Windows\System32\win32u.dll
0x00007ffe5bc20000 - 0x00007ffe5bcc9000 	C:\Windows\System32\msvcrt.dll
0x00007ffe5ba70000 - 0x00007ffe5ba9b000 	C:\Windows\System32\GDI32.dll
0x00007ffe5a470000 - 0x00007ffe5a599000 	C:\Windows\System32\gdi32full.dll
0x00007ffe5acc0000 - 0x00007ffe5ad63000 	C:\Windows\System32\msvcp_win.dll
0x00007ffe5b530000 - 0x00007ffe5b562000 	C:\Windows\System32\IMM32.DLL
0x00007ffe442e0000 - 0x00007ffe442ec000 	C:\Users\Angelina Thennessa\.vscode\extensions\redhat.java-1.56.0-win32-x64\jre\21.0.12.1-win32-x86_64\bin\vcruntime140_1.dll
0x00007ffe3d620000 - 0x00007ffe3d6ad000 	C:\Users\Angelina Thennessa\.vscode\extensions\redhat.java-1.56.0-win32-x64\jre\21.0.12.1-win32-x86_64\bin\msvcp140.dll
0x00007ffde1940000 - 0x00007ffde26e2000 	C:\Users\Angelina Thennessa\.vscode\extensions\redhat.java-1.56.0-win32-x64\jre\21.0.12.1-win32-x86_64\bin\server\jvm.dll
0x00007ffe5baa0000 - 0x00007ffe5bb5c000 	C:\Windows\System32\ADVAPI32.dll
0x00007ffe5bb70000 - 0x00007ffe5bc1a000 	C:\Windows\System32\sechost.dll
0x00007ffe5bea0000 - 0x00007ffe5bfb8000 	C:\Windows\System32\RPCRT4.dll
0x00007ffe5cd10000 - 0x00007ffe5cd92000 	C:\Windows\System32\WS2_32.dll
0x00007ffe5a2d0000 - 0x00007ffe5a32e000 	C:\Windows\SYSTEM32\POWRPROF.dll
0x00007ffe4d570000 - 0x00007ffe4d57b000 	C:\Windows\SYSTEM32\VERSION.dll
0x00007ffe4e610000 - 0x00007ffe4e646000 	C:\Windows\SYSTEM32\WINMM.dll
0x00007ffe5a2b0000 - 0x00007ffe5a2c5000 	C:\Windows\SYSTEM32\UMPDC.dll
0x00007ffe59160000 - 0x00007ffe5917b000 	C:\Windows\SYSTEM32\kernel.appcore.dll
0x00007ffe438f0000 - 0x00007ffe438fa000 	C:\Users\Angelina Thennessa\.vscode\extensions\redhat.java-1.56.0-win32-x64\jre\21.0.12.1-win32-x86_64\bin\jimage.dll
0x00007ffe57900000 - 0x00007ffe57b42000 	C:\Windows\SYSTEM32\DBGHELP.DLL
0x00007ffe5af90000 - 0x00007ffe5b315000 	C:\Windows\System32\combase.dll
0x00007ffe5b810000 - 0x00007ffe5b8e9000 	C:\Windows\System32\OLEAUT32.dll
0x00007ffe3aee0000 - 0x00007ffe3af1b000 	C:\Windows\SYSTEM32\dbgcore.DLL
0x00007ffe5a630000 - 0x00007ffe5a6dc000 	C:\Windows\System32\bcryptPrimitives.dll
0x00007ffe438e0000 - 0x00007ffe438ef000 	C:\Users\Angelina Thennessa\.vscode\extensions\redhat.java-1.56.0-win32-x64\jre\21.0.12.1-win32-x86_64\bin\instrument.dll
0x00007ffe43940000 - 0x00007ffe43960000 	C:\Users\Angelina Thennessa\.vscode\extensions\redhat.java-1.56.0-win32-x64\jre\21.0.12.1-win32-x86_64\bin\java.dll
0x00007ffe5bfc0000 - 0x00007ffe5c748000 	C:\Windows\System32\SHELL32.dll
0x00007ffe57f20000 - 0x00007ffe587bb000 	C:\Windows\SYSTEM32\windows.storage.dll
0x00007ffe5bda0000 - 0x00007ffe5be99000 	C:\Windows\System32\SHCORE.dll
0x00007ffe5b320000 - 0x00007ffe5b386000 	C:\Windows\System32\shlwapi.dll
0x00007ffe5a390000 - 0x00007ffe5a3b9000 	C:\Windows\SYSTEM32\profapi.dll
0x00007ffe3e0c0000 - 0x00007ffe3e0d8000 	C:\Users\Angelina Thennessa\.vscode\extensions\redhat.java-1.56.0-win32-x64\jre\21.0.12.1-win32-x86_64\bin\zip.dll
0x00007ffe43900000 - 0x00007ffe43910000 	C:\Users\Angelina Thennessa\.vscode\extensions\redhat.java-1.56.0-win32-x64\jre\21.0.12.1-win32-x86_64\bin\net.dll
0x00007ffe504f0000 - 0x00007ffe50618000 	C:\Windows\SYSTEM32\WINHTTP.dll
0x00007ffe59710000 - 0x00007ffe5977c000 	C:\Windows\system32\mswsock.dll
0x00007ffe3d420000 - 0x00007ffe3d436000 	C:\Users\Angelina Thennessa\.vscode\extensions\redhat.java-1.56.0-win32-x64\jre\21.0.12.1-win32-x86_64\bin\nio.dll
0x00007ffe43910000 - 0x00007ffe43920000 	C:\Users\Angelina Thennessa\.vscode\extensions\redhat.java-1.56.0-win32-x64\jre\21.0.12.1-win32-x86_64\bin\verify.dll
0x00007ffe41d70000 - 0x00007ffe41d97000 	C:\Users\Angelina Thennessa\.gradle\native\c067742578af261105cb4f569cf0c3c89f3d7b1fecec35dd04571415982c5e48\windows-amd64\native-platform.dll
0x00007ffddeff0000 - 0x00007ffddf134000 	C:\Users\Angelina Thennessa\.gradle\native\100fb08df4bc3b14c8652ba06237920a3bd2aa13389f12d3474272988ae205f9\windows-amd64\native-platform-file-events.dll
0x00007ffe3e0e0000 - 0x00007ffe3e0ea000 	C:\Users\Angelina Thennessa\.vscode\extensions\redhat.java-1.56.0-win32-x64\jre\21.0.12.1-win32-x86_64\bin\management.dll
0x00007ffe3dcc0000 - 0x00007ffe3dccc000 	C:\Users\Angelina Thennessa\.vscode\extensions\redhat.java-1.56.0-win32-x64\jre\21.0.12.1-win32-x86_64\bin\management_ext.dll
0x00007ffe5b630000 - 0x00007ffe5b638000 	C:\Windows\System32\PSAPI.DLL
0x00007ffe59a00000 - 0x00007ffe59a1b000 	C:\Windows\SYSTEM32\CRYPTSP.dll
0x00007ffe590c0000 - 0x00007ffe590f9000 	C:\Windows\system32\rsaenh.dll
0x00007ffe597c0000 - 0x00007ffe597f2000 	C:\Windows\SYSTEM32\USERENV.dll
0x00007ffe5a360000 - 0x00007ffe5a38a000 	C:\Windows\SYSTEM32\bcrypt.dll
0x00007ffe59a20000 - 0x00007ffe59a2c000 	C:\Windows\SYSTEM32\CRYPTBASE.dll
0x00007ffe58bc0000 - 0x00007ffe58bf3000 	C:\Windows\SYSTEM32\IPHLPAPI.DLL
0x00007ffe5c750000 - 0x00007ffe5c75a000 	C:\Windows\System32\NSI.dll
0x00007ffe43920000 - 0x00007ffe43929000 	C:\Users\Angelina Thennessa\.vscode\extensions\redhat.java-1.56.0-win32-x64\jre\21.0.12.1-win32-x86_64\bin\extnet.dll
0x00007ffe43930000 - 0x00007ffe4393e000 	C:\Users\Angelina Thennessa\.vscode\extensions\redhat.java-1.56.0-win32-x64\jre\21.0.12.1-win32-x86_64\bin\sunmscapi.dll
0x00007ffe5ab30000 - 0x00007ffe5acae000 	C:\Windows\System32\CRYPT32.dll
0x00007ffe59c40000 - 0x00007ffe59c70000 	C:\Windows\SYSTEM32\ncrypt.dll
0x00007ffe59bf0000 - 0x00007ffe59c2f000 	C:\Windows\SYSTEM32\NTASN1.dll
0x00007ffe12720000 - 0x00007ffe12728000 	C:\Windows\system32\wshunix.dll

JVMTI agents:
C:\Users\Angelina Thennessa\.gradle\wrapper\dists\gradle-8.9-bin\90cnw93cvbtalezasaz0blq0a\gradle-8.9\lib\agents\gradle-instrumentation-agent-8.9.jar path:C:\Users\Angelina Thennessa\.vscode\extensions\redhat.java-1.56.0-win32-x64\jre\21.0.12.1-win32-x86_64\bin\instrument.dll, loaded, initialized, instrumentlib options:none

dbghelp: loaded successfully - version: 4.0.5 - missing functions: none
symbol engine: initialized successfully - sym options: 0x614 - pdb path: .;C:\Users\Angelina Thennessa\.vscode\extensions\redhat.java-1.56.0-win32-x64\jre\21.0.12.1-win32-x86_64\bin;C:\Windows\SYSTEM32;C:\Windows\WinSxS\amd64_microsoft.windows.common-controls_6595b64144ccf1df_6.0.26100.8972_none_3e0da176e32f9d4b;C:\Users\Angelina Thennessa\.vscode\extensions\redhat.java-1.56.0-win32-x64\jre\21.0.12.1-win32-x86_64\bin\server;C:\Users\Angelina Thennessa\.gradle\native\c067742578af261105cb4f569cf0c3c89f3d7b1fecec35dd04571415982c5e48\windows-amd64;C:\Users\Angelina Thennessa\.gradle\native\100fb08df4bc3b14c8652ba06237920a3bd2aa13389f12d3474272988ae205f9\windows-amd64

VM Arguments:
jvm_args: --add-opens=java.base/java.util=ALL-UNNAMED --add-opens=java.base/java.lang=ALL-UNNAMED --add-opens=java.base/java.lang.invoke=ALL-UNNAMED --add-opens=java.prefs/java.util.prefs=ALL-UNNAMED --add-exports=jdk.compiler/com.sun.tools.javac.api=ALL-UNNAMED --add-exports=jdk.compiler/com.sun.tools.javac.util=ALL-UNNAMED --add-opens=java.base/java.nio.charset=ALL-UNNAMED --add-opens=java.base/java.net=ALL-UNNAMED --add-opens=java.base/java.util.concurrent.atomic=ALL-UNNAMED -XX:MaxMetaspaceSize=384m -XX:+HeapDumpOnOutOfMemoryError -Xms256m -Xmx512m -Dfile.encoding=utf8 -Duser.country=US -Duser.language=en -Duser.variant -javaagent:C:\Users\Angelina Thennessa\.gradle\wrapper\dists\gradle-8.9-bin\90cnw93cvbtalezasaz0blq0a\gradle-8.9\lib\agents\gradle-instrumentation-agent-8.9.jar 
java_command: org.gradle.launcher.daemon.bootstrap.GradleDaemon 8.9
java_class_path (initial): C:\Users\Angelina Thennessa\.gradle\wrapper\dists\gradle-8.9-bin\90cnw93cvbtalezasaz0blq0a\gradle-8.9\lib\gradle-daemon-main-8.9.jar
Launcher Type: SUN_STANDARD

[Global flags]
     intx CICompilerCount                          = 4                                         {product} {ergonomic}
   size_t CompressedClassSpaceSize                 = 335544320                                 {product} {ergonomic}
     uint ConcGCThreads                            = 3                                         {product} {ergonomic}
     uint G1ConcRefinementThreads                  = 10                                        {product} {ergonomic}
   size_t G1HeapRegionSize                         = 1048576                                   {product} {ergonomic}
    uintx GCDrainStackTargetSize                   = 64                                        {product} {ergonomic}
     bool HeapDumpOnOutOfMemoryError               = true                                   {manageable} {command line}
   size_t InitialHeapSize                          = 268435456                                 {product} {command line}
   size_t MarkStackSize                            = 4194304                                   {product} {ergonomic}
   size_t MaxHeapSize                              = 536870912                                 {product} {command line}
   size_t MaxMetaspaceSize                         = 402653184                                 {product} {command line}
   size_t MaxNewSize                               = 321912832                                 {product} {ergonomic}
   size_t MinHeapDeltaBytes                        = 1048576                                   {product} {ergonomic}
   size_t MinHeapSize                              = 268435456                                 {product} {command line}
    uintx NonNMethodCodeHeapSize                   = 5839372                                {pd product} {ergonomic}
    uintx NonProfiledCodeHeapSize                  = 122909434                              {pd product} {ergonomic}
    uintx ProfiledCodeHeapSize                     = 122909434                              {pd product} {ergonomic}
    uintx ReservedCodeCacheSize                    = 251658240                              {pd product} {ergonomic}
     bool SegmentedCodeCache                       = true                                      {product} {ergonomic}
   size_t SoftMaxHeapSize                          = 536870912                              {manageable} {ergonomic}
     bool UseCompressedOops                        = true                           {product lp64_product} {ergonomic}
     bool UseG1GC                                  = true                                      {product} {ergonomic}
     bool UseLargePagesIndividualAllocation        = false                                  {pd product} {ergonomic}

Logging:
Log output configuration:
 #0: stdout all=warning uptime,level,tags foldmultilines=false
 #1: stderr all=off uptime,level,tags foldmultilines=false

Release file:
JAVA_VERSION="21.0.12.1" 
MODULES="java.base java.compiler java.datatransfer java.xml java.prefs java.desktop java.instrument java.logging java.management java.security.sasl java.naming java.rmi java.management.rmi java.net.http java.scripting java.security.jgss java.transaction.xa java.sql java.sql.rowset java.xml.crypto java.se java.smartcardio jdk.accessibility jdk.internal.jvmstat jdk.attach jdk.charsets jdk.internal.opt jdk.zipfs jdk.compiler jdk.crypto.ec jdk.crypto.cryptoki jdk.crypto.mscapi jdk.dynalink jdk.internal.ed jdk.editpad jdk.hotspot.agent jdk.httpserver jdk.internal.le jdk.internal.vm.ci jdk.internal.vm.compiler jdk.internal.vm.compiler.management jdk.jartool jdk.javadoc jdk.jcmd jdk.management jdk.management.agent jdk.jconsole jdk.jdeps jdk.jdwp.agent jdk.jdi jdk.jfr jdk.jshell jdk.jsobject jdk.jstatd jdk.localedata jdk.management.jfr jdk.naming.dns jdk.naming.rmi jdk.net jdk.nio.mapmode jdk.random jdk.sctp jdk.security.auth jdk.security.jgss jdk.unsupported jdk.unsupported.desktop jdk.xml.dom" 

Environment Variables:
PATH=C:\laragon\bin\composer;C:\laragon\bin\git\bin;C:\laragon\bin\git\cmd;C:\laragon\bin\git\mingw64\bin;C:\laragon\bin\git\usr\bin;C:\laragon\bin\mysql\mysql-8.4.3-winx64\bin;C:\laragon\bin\ngrok;C:\laragon\bin\nodejs\node-v22;C:\laragon\bin\php\php-8.3.30-Win32-vs16-x64;C:\laragon\bin\python\python-3.13;C:\laragon\bin\python\python-3.13\Scripts;C:\laragon\usr\bin;C:\Users\Angelina Thennessa\AppData\Local\Yarn\config\global\node_modules\.bin;C:\Users\Angelina Thennessa\AppData\Roaming\Composer\vendor\bin;C:\Users\Angelina Thennessa\AppData\Roaming\npm;C:\Users\Angelina Thennessa\.local\bin;C:\Users\Angelina Thennessa\.config\herd-lite\bin;C:\Users\Angelina Thennessa\AppData\Local\Microsoft\WindowsApps;C:\Users\Angelina Thennessa\AppData\Local\Programs\Microsoft VS Code\bin;D:\CollageStuff\Semester 5\MobileProgramming\flutter\bin;C:\Program Files\Git\cmd;C:\Windows\System32;C:\Android\Sdk;C:\laragon\bin\composer;C:\laragon\bin\git\bin;C:\laragon\bin\git\cmd;C:\laragon\bin\git\mingw64\bin;C:\laragon\bin\git\usr\bin;C:\laragon\bin\mysql\mysql-8.4.3-winx64\bin;C:\laragon\bin\ngrok;C:\laragon\bin\nodejs\node-v22;C:\laragon\bin\php\php-8.3.30-Win32-vs16-x64;C:\laragon\bin\python\python-3.13;C:\laragon\bin\python\python-3.13\Scripts;C:\laragon\usr\bin;C:\Users\Angelina Thennessa\AppData\Local\Yarn\config\global\node_modules\.bin;C:\Users\Angelina Thennessa\AppData\Roaming\Composer\vendor\bin;C:\Users\Angelina Thennessa\AppData\Roaming\npm;C:\Users\Angelina Thennessa\.local\bin;C:\Users\Angelina Thennessa\.config\herd-lite\bin;C:\Users\Angelina Thennessa\AppData\Local\Microsoft\WindowsApps;C:\Users\Angelina Thennessa\AppData\Local\Programs\Microsoft VS Code\bin;C:\src\flutter\bin;
USERNAME=Angelina Thennessa
OS=Windows_NT
PROCESSOR_IDENTIFIER=Intel64 Family 6 Model 186 Stepping 2, GenuineIntel
TMP=C:\Users\ANGELI~1\AppData\Local\Temp
TEMP=C:\Users\ANGELI~1\AppData\Local\Temp




Periodic native trim disabled

---------------  S Y S T E M  ---------------

OS:
 Windows 11 , 64 bit Build 26100 (10.0.26100.9168)
OS uptime: 0 days 22:56 hours
Hyper-V role detected

CPU: total 12 (initial active 12) (6 cores per cpu, 2 threads per core) family 6 model 186 stepping 2 microcode 0x5105, cx8, cmov, fxsr, ht, mmx, 3dnowpref, sse, sse2, sse3, ssse3, sse4.1, sse4.2, popcnt, lzcnt, tsc, tscinvbit, avx, avx2, aes, erms, clmul, bmi1, bmi2, adx, sha, fma, vzeroupper, clflush, clflushopt, clwb, hv, serialize, rdtscp, rdpid, fsrm, f16c, cet_ibt, cet_ss
Processor Information for processor 0
  Max Mhz: 2100, Current Mhz: 2100, Mhz Limit: 2100
Processor Information for processor 1
  Max Mhz: 2100, Current Mhz: 2100, Mhz Limit: 2100
Processor Information for processor 2
  Max Mhz: 2100, Current Mhz: 2100, Mhz Limit: 2100
Processor Information for processor 3
  Max Mhz: 2100, Current Mhz: 2100, Mhz Limit: 2100
Processor Information for processor 4
  Max Mhz: 2100, Current Mhz: 2100, Mhz Limit: 2100
Processor Information for processor 5
  Max Mhz: 2100, Current Mhz: 2100, Mhz Limit: 2100
Processor Information for processor 6
  Max Mhz: 2100, Current Mhz: 2100, Mhz Limit: 2100
Processor Information for processor 7
  Max Mhz: 2100, Current Mhz: 2100, Mhz Limit: 2100
Processor Information for processor 8
  Max Mhz: 2100, Current Mhz: 1500, Mhz Limit: 1491
Processor Information for processor 9
  Max Mhz: 2100, Current Mhz: 1500, Mhz Limit: 1491
Processor Information for processor 10
  Max Mhz: 2100, Current Mhz: 1500, Mhz Limit: 1491
Processor Information for processor 11
  Max Mhz: 2100, Current Mhz: 1500, Mhz Limit: 1491

Memory: 4k page, system-wide physical 16046M (249M free)
TotalPageFile size 41497M (AvailPageFile size 5M)
current process WorkingSet (physical memory assigned to process): 307M, peak: 307M
current process commit charge ("private bytes"): 454M, peak: 460M

vm_info: OpenJDK 64-Bit Server VM (21.0.12.1+1-LTS) for windows-amd64 JRE (21.0.12.1+1-LTS), built on 2026-08-18T00:00:00Z by "admin" with MS VC++ 17.12 (VS2022)

END.
