#
# There is insufficient memory for the Java Runtime Environment to continue.
# Native memory allocation (malloc) failed to allocate 1301712 bytes. Error detail: Chunk::new
# Possible reasons:
#   The system is out of physical RAM or swap space
#   This process is running with CompressedOops enabled, and the Java Heap may be blocking the growth of the native heap
# Possible solutions:
#   Reduce memory load on the system
#   Increase physical memory or swap space
#   Check if swap backing store is full
#   Decrease Java heap size (-Xmx/-Xms)
#   Decrease number of Java threads
#   Decrease Java thread stack sizes (-Xss)
#   Set larger code cache with -XX:ReservedCodeCacheSize=
#   JVM is running with Zero Based Compressed Oops mode in which the Java heap is
#     placed in the first 32GB address space. The Java Heap base address is the
#     maximum limit for the native heap growth. Please use -XX:HeapBaseMinAddress
#     to set the Java Heap base and to place the Java Heap above 32GB virtual address.
# This output file may be truncated or incomplete.
#
#  Out of Memory Error (arena.cpp:168), pid=37744, tid=53760
#
# JRE version: OpenJDK Runtime Environment Temurin-21.0.12.1+1 (21.0.12.1+1) (build 21.0.12.1+1-LTS)
# Java VM: OpenJDK 64-Bit Server VM Temurin-21.0.12.1+1 (21.0.12.1+1-LTS, mixed mode, sharing, tiered, compressed oops, compressed class ptrs, g1 gc, windows-amd64)
# No core dump will be written. Minidumps are not enabled by default on client versions of Windows
#

---------------  S U M M A R Y ------------

Command Line: --add-opens=java.base/java.lang=ALL-UNNAMED --add-opens=java.base/java.lang.invoke=ALL-UNNAMED --add-opens=java.base/java.util=ALL-UNNAMED --add-opens=java.prefs/java.util.prefs=ALL-UNNAMED --add-exports=jdk.compiler/com.sun.tools.javac.api=ALL-UNNAMED --add-exports=jdk.compiler/com.sun.tools.javac.util=ALL-UNNAMED --add-opens=java.base/java.util=ALL-UNNAMED --add-opens=java.prefs/java.util.prefs=ALL-UNNAMED --add-opens=java.base/java.nio.charset=ALL-UNNAMED --add-opens=java.base/java.net=ALL-UNNAMED --add-opens=java.base/java.util.concurrent=ALL-UNNAMED --add-opens=java.base/java.util.concurrent.atomic=ALL-UNNAMED --add-opens=java.xml/javax.xml.namespace=ALL-UNNAMED --add-opens=java.base/java.time=ALL-UNNAMED -XX:MaxMetaspaceSize=4G -XX:ReservedCodeCacheSize=512m -XX:+HeapDumpOnOutOfMemoryError -Xmx8G -Dfile.encoding=UTF-8 -Duser.country=US -Duser.language=en -Duser.variant -javaagent:C:\Users\Angelina Thennessa\.gradle\wrapper\dists\gradle-9.3.1-all\9ot9r568e8zfvvd4mn8rbu1j0\gradle-9.3.1\lib\agents\gradle-instrumentation-agent-9.3.1.jar org.gradle.launcher.daemon.bootstrap.GradleDaemon 9.3.1

Host: 13th Gen Intel(R) Core(TM) i5-13420H, 12 cores, 15G,  Windows 11 , 64 bit Build 26100 (10.0.26100.9168)
Time: Sat Sep  5 14:03:02 2026 SE Asia Standard Time elapsed time: 1338.051614 seconds (0d 0h 22m 18s)

---------------  T H R E A D  ---------------

Current thread (0x000001c9c43a5c80):  JavaThread "C2 CompilerThread0" daemon [_thread_in_native, id=53760, stack(0x000000a62f700000,0x000000a62f800000) (1024K)]


Current CompileTask:
C2:1338051 9155       4       org.gradle.internal.time.ExponentialBackoff::retryUntil (65 bytes)

Stack: [0x000000a62f700000,0x000000a62f800000]
Native frames: (J=compiled Java code, j=interpreted, Vv=VM code, C=native code)
V  [jvm.dll+0x6d83e9]
V  [jvm.dll+0x8b5736]
V  [jvm.dll+0x8b7cee]
V  [jvm.dll+0x8b83d3]
V  [jvm.dll+0x284596]
V  [jvm.dll+0xc685d]
V  [jvm.dll+0xc6da1]
V  [jvm.dll+0x3bf18b]
V  [jvm.dll+0x1e3f42]
V  [jvm.dll+0x24c853]
V  [jvm.dll+0x24bce0]
V  [jvm.dll+0x1cb4ae]
V  [jvm.dll+0x25baad]
V  [jvm.dll+0x25a03a]
V  [jvm.dll+0x3f8aae]
V  [jvm.dll+0x8600cd]
V  [jvm.dll+0x6d6c1d]
C  [ucrtbase.dll+0x2cd30]
C  [KERNEL32.DLL+0x2ccb7]
C  [ntdll.dll+0xaad6c]


---------------  P R O C E S S  ---------------

Threads class SMR info:
_java_thread_list=0x000001ca0e0cf400, length=37, elements={
0x000001c993d8f300, 0x000001c9c18f6630, 0x000001c9c18f7090, 0x000001c9c18fc9f0,
0x000001c9c18fe130, 0x000001c9c43a0080, 0x000001c9c43a0ae0, 0x000001c9c43a5c80,
0x000001c9c43a3680, 0x000001c9c45b3fc0, 0x000001c9c4601120, 0x000001c9c4412900,
0x000001c9c450efc0, 0x000001c9c4497290, 0x000001c9c471c180, 0x000001c9c471a0b0,
0x000001c9c471a740, 0x000001c9c4719390, 0x000001ca0b59ff00, 0x000001ca0b5a1fd0,
0x000001ca0b5a2660, 0x000001ca0dab0f30, 0x000001ca0d5fa2a0, 0x000001ca0d5f74b0,
0x000001ca0d5f8860, 0x000001ca0d5f7b40, 0x000001ca0d5f9580, 0x000001ca0d5fb650,
0x000001ca0d5f4030, 0x000001ca0d5f9c10, 0x000001ca0d5f81d0, 0x000001ca0d5fafc0,
0x000001ca0e1647e0, 0x000001ca0e1668b0, 0x000001ca0e164e70, 0x000001ca0e165b90,
0x000001ca0e166220
}

Java Threads: ( => current thread )
  0x000001c993d8f300 JavaThread "main"                              [_thread_blocked, id=47744, stack(0x000000a62e900000,0x000000a62ea00000) (1024K)]
  0x000001c9c18f6630 JavaThread "Reference Handler"          daemon [_thread_blocked, id=42704, stack(0x000000a62f100000,0x000000a62f200000) (1024K)]
  0x000001c9c18f7090 JavaThread "Finalizer"                  daemon [_thread_blocked, id=50852, stack(0x000000a62f200000,0x000000a62f300000) (1024K)]
  0x000001c9c18fc9f0 JavaThread "Signal Dispatcher"          daemon [_thread_blocked, id=50880, stack(0x000000a62f300000,0x000000a62f400000) (1024K)]
  0x000001c9c18fe130 JavaThread "Attach Listener"            daemon [_thread_blocked, id=31328, stack(0x000000a62f400000,0x000000a62f500000) (1024K)]
  0x000001c9c43a0080 JavaThread "Service Thread"             daemon [_thread_blocked, id=53084, stack(0x000000a62f500000,0x000000a62f600000) (1024K)]
  0x000001c9c43a0ae0 JavaThread "Monitor Deflation Thread"   daemon [_thread_blocked, id=39488, stack(0x000000a62f600000,0x000000a62f700000) (1024K)]
=>0x000001c9c43a5c80 JavaThread "C2 CompilerThread0"         daemon [_thread_in_native, id=53760, stack(0x000000a62f700000,0x000000a62f800000) (1024K)]
  0x000001c9c43a3680 JavaThread "C1 CompilerThread0"         daemon [_thread_blocked, id=50856, stack(0x000000a62f800000,0x000000a62f900000) (1024K)]
  0x000001c9c45b3fc0 JavaThread "Common-Cleaner"             daemon [_thread_blocked, id=50868, stack(0x000000a62f900000,0x000000a62fa00000) (1024K)]
  0x000001c9c4601120 JavaThread "Notification Thread"        daemon [_thread_blocked, id=53004, stack(0x000000a62fa00000,0x000000a62fb00000) (1024K)]
  0x000001c9c4412900 JavaThread "Daemon health stats"               [_thread_blocked, id=26792, stack(0x000000a630000000,0x000000a630100000) (1024K)]
  0x000001c9c450efc0 JavaThread "Incoming local TCP Connector on port 53754"        [_thread_in_native, id=49620, stack(0x000000a630100000,0x000000a630200000) (1024K)]
  0x000001c9c4497290 JavaThread "Daemon periodic checks"            [_thread_blocked, id=49664, stack(0x000000a630200000,0x000000a630300000) (1024K)]
  0x000001c9c471c180 JavaThread "Daemon worker"                     [_thread_blocked, id=37460, stack(0x000000a630600000,0x000000a630700000) (1024K)]
  0x000001c9c471a0b0 JavaThread "Cache worker for journal cache (C:\Users\Angelina Thennessa\.gradle\caches\journal-1)"        [_thread_blocked, id=52276, stack(0x000000a62e700000,0x000000a62e800000) (1024K)]
  0x000001c9c471a740 JavaThread "File lock request listener"        [_thread_in_native, id=52236, stack(0x000000a630a00000,0x000000a630b00000) (1024K)]
  0x000001c9c4719390 JavaThread "Cache worker for file hash cache (C:\Users\Angelina Thennessa\.gradle\caches\9.3.1\fileHashes)"        [_thread_blocked, id=3032, stack(0x000000a630c00000,0x000000a630d00000) (1024K)]
  0x000001ca0b59ff00 JavaThread "File watcher server"        daemon [_thread_in_native, id=28436, stack(0x000000a631300000,0x000000a631400000) (1024K)]
  0x000001ca0b5a1fd0 JavaThread "File watcher consumer"      daemon [_thread_blocked, id=47416, stack(0x000000a631400000,0x000000a631500000) (1024K)]
  0x000001ca0b5a2660 JavaThread "Cache worker for file content cache (C:\Users\Angelina Thennessa\.gradle\caches\9.3.1\fileContent)"        [_thread_blocked, id=31348, stack(0x000000a631600000,0x000000a631700000) (1024K)]
  0x000001ca0dab0f30 JavaThread "Memory manager"                    [_thread_blocked, id=53400, stack(0x000000a633b00000,0x000000a633c00000) (1024K)]
  0x000001ca0d5fa2a0 JavaThread "File lock release action executor Thread 11"        [_thread_blocked, id=26540, stack(0x000000a634000000,0x000000a634100000) (1024K)]
  0x000001ca0d5f74b0 JavaThread "Daemon Thread 2"                   [_thread_blocked, id=38408, stack(0x000000a62e600000,0x000000a62e700000) (1024K)]
  0x000001ca0d5f8860 JavaThread "Daemon Thread 3"                   [_thread_blocked, id=53812, stack(0x000000a630800000,0x000000a630900000) (1024K)]
  0x000001ca0d5f7b40 JavaThread "Handler for socket connection from /127.0.0.1:53754 to /127.0.0.1:63779"        [_thread_in_native, id=23528, stack(0x000000a630900000,0x000000a630a00000) (1024K)]
  0x000001ca0d5f9580 JavaThread "VFS cleanup"                       [_thread_blocked, id=9676, stack(0x000000a631100000,0x000000a631200000) (1024K)]
  0x000001ca0d5fb650 JavaThread "Cancel handler"                    [_thread_blocked, id=51832, stack(0x000000a631200000,0x000000a631300000) (1024K)]
  0x000001ca0d5f4030 JavaThread "Asynchronous log dispatcher for DefaultDaemonConnection: socket connection from /127.0.0.1:53754 to /127.0.0.1:63779"        [_thread_blocked, id=48056, stack(0x000000a630400000,0x000000a630500000) (1024K)]
  0x000001ca0d5f9c10 JavaThread "Stdin handler"                     [_thread_blocked, id=44376, stack(0x000000a630500000,0x000000a630600000) (1024K)]
  0x000001ca0d5f81d0 JavaThread "Daemon client event forwarder"        [_thread_blocked, id=26844, stack(0x000000a630700000,0x000000a630800000) (1024K)]
  0x000001ca0d5fafc0 JavaThread "Cache worker for file hash cache (D:\CollageStuff\Semester 5\MobileProgramming\244107020076-mobile-course\01-week-1-mobile-development-ecosystem-flutter-refresh\myfirstapp\android\.gradle\9.3.1\fileHashes)"        [_thread_blocked, id=30780, stack(0x000000a631500000,0x000000a631600000) (1024K)]
  0x000001ca0e1647e0 JavaThread "Cache worker for Build Output Cleanup Cache (D:\CollageStuff\Semester 5\MobileProgramming\244107020076-mobile-course\01-week-1-mobile-development-ecosystem-flutter-refresh\myfirstapp\android\.gradle\buildOutputCleanup)"        [_thread_blocked, id=33436, stack(0x000000a631700000,0x000000a631800000) (1024K)]
  0x000001ca0e1668b0 JavaThread "Cache worker for checksums cache (D:\CollageStuff\Semester 5\MobileProgramming\244107020076-mobile-course\01-week-1-mobile-development-ecosystem-flutter-refresh\myfirstapp\android\.gradle\9.3.1\checksums)"        [_thread_blocked, id=37756, stack(0x000000a631800000,0x000000a631900000) (1024K)]
  0x000001ca0e164e70 JavaThread "Cache worker for cache directory md-supplier (C:\Users\Angelina Thennessa\.gradle\caches\9.3.1\md-supplier)"        [_thread_blocked, id=49232, stack(0x000000a631900000,0x000000a631a00000) (1024K)]
  0x000001ca0e165b90 JavaThread "Cache worker for cache directory md-rule (C:\Users\Angelina Thennessa\.gradle\caches\9.3.1\md-rule)"        [_thread_blocked, id=34056, stack(0x000000a631a00000,0x000000a631b00000) (1024K)]
  0x000001ca0e166220 JavaThread "jar transforms"                    [_thread_blocked, id=53108, stack(0x000000a631b00000,0x000000a631c00000) (1024K)]
Total: 37

Other Threads:
  0x000001c9c18d9580 VMThread "VM Thread"                           [id=50884, stack(0x000000a62f000000,0x000000a62f100000) (1024K)]
  0x000001c9c18ca1c0 WatcherThread "VM Periodic Task Thread"        [id=49008, stack(0x000000a62ef00000,0x000000a62f000000) (1024K)]
  0x000001c993e3b650 WorkerThread "GC Thread#0"                     [id=36156, stack(0x000000a62ea00000,0x000000a62eb00000) (1024K)]
  0x000001c9c4786aa0 WorkerThread "GC Thread#1"                     [id=46596, stack(0x000000a62fb00000,0x000000a62fc00000) (1024K)]
  0x000001c9c46d0e50 WorkerThread "GC Thread#2"                     [id=47404, stack(0x000000a62fc00000,0x000000a62fd00000) (1024K)]
  0x000001c9c46d1200 WorkerThread "GC Thread#3"                     [id=45280, stack(0x000000a62fd00000,0x000000a62fe00000) (1024K)]
  0x000001c9c46d15b0 WorkerThread "GC Thread#4"                     [id=45084, stack(0x000000a62fe00000,0x000000a62ff00000) (1024K)]
  0x000001c9c46d1960 WorkerThread "GC Thread#5"                     [id=27656, stack(0x000000a62ff00000,0x000000a630000000) (1024K)]
  0x000001ca0a2e09d0 WorkerThread "GC Thread#6"                     [id=25416, stack(0x000000a62e800000,0x000000a62e900000) (1024K)]
  0x000001ca0a2e0d80 WorkerThread "GC Thread#7"                     [id=54056, stack(0x000000a630b00000,0x000000a630c00000) (1024K)]
  0x000001ca0a2e1130 WorkerThread "GC Thread#8"                     [id=28580, stack(0x000000a630d00000,0x000000a630e00000) (1024K)]
  0x000001ca0a2e14e0 WorkerThread "GC Thread#9"                     [id=44036, stack(0x000000a630e00000,0x000000a630f00000) (1024K)]
  0x000001c993e4c450 ConcurrentGCThread "G1 Main Marker"            [id=39044, stack(0x000000a62eb00000,0x000000a62ec00000) (1024K)]
  0x000001c993e4ec00 WorkerThread "G1 Conc#0"                       [id=17388, stack(0x000000a62ec00000,0x000000a62ed00000) (1024K)]
  0x000001ca0ad47520 WorkerThread "G1 Conc#1"                       [id=13964, stack(0x000000a630f00000,0x000000a631000000) (1024K)]
  0x000001ca0ad45f00 WorkerThread "G1 Conc#2"                       [id=37212, stack(0x000000a631000000,0x000000a631100000) (1024K)]
  0x000001c9c1792a10 ConcurrentGCThread "G1 Refine#0"               [id=50932, stack(0x000000a62ed00000,0x000000a62ee00000) (1024K)]
  0x000001c9c1794250 ConcurrentGCThread "G1 Service"                [id=19692, stack(0x000000a62ee00000,0x000000a62ef00000) (1024K)]
Total: 18

Threads with active compile tasks:
C2 CompilerThread0  1338103 9155       4       org.gradle.internal.time.ExponentialBackoff::retryUntil (65 bytes)
Total: 1

VM state: not at safepoint (normal execution)

VM Mutex/Monitor currently owned by a thread: None

Heap address: 0x0000000600000000, size: 8192 MB, Compressed Oops mode: Zero based, Oop shift amount: 3

CDS archive(s) mapped at: [0x000001c9c5000000-0x000001c9c5ba0000-0x000001c9c5ba0000), size 12189696, SharedBaseAddress: 0x000001c9c5000000, ArchiveRelocationMode: 1.
Compressed class space mapped at: 0x000001c9c6000000-0x000001ca06000000, reserved size: 1073741824
Narrow klass base: 0x000001c9c5000000, Narrow klass shift: 0, Narrow klass range: 0x100000000

GC Precious Log:
 CardTable entry size: 512
 Card Set container configuration: InlinePtr #cards 4 size 8 Array Of Cards #cards 32 size 80 Howl #buckets 8 coarsen threshold 7372 Howl Bitmap #cards 1024 size 144 coarsen threshold 921 Card regions per heap region 1 cards per card region 8192
 CPUs: 12 total, 12 available
 Memory: 16046M
 Large Page Support: Disabled
 NUMA Support: Disabled
 Compressed Oops: Enabled (Zero based)
 Heap Region Size: 4M
 Heap Min Capacity: 8M
 Heap Initial Capacity: 252M
 Heap Max Capacity: 8G
 Pre-touch: Disabled
 Parallel Workers: 10
 Concurrent Workers: 3
 Concurrent Refinement Workers: 10
 Periodic GC: Disabled

Heap:
 garbage-first heap   total 114688K, used 89694K [0x0000000600000000, 0x0000000800000000)
  region size 4096K, 12 young (49152K), 2 survivors (8192K)
 Metaspace       used 68903K, committed 71040K, reserved 1114112K
  class space    used 10126K, committed 11200K, reserved 1048576K

Heap Regions: E=young(eden), S=young(survivor), O=old, HS=humongous(starts), HC=humongous(continues), CS=collection set, F=free, TAMS=top-at-mark-start, PB=parsable bottom
|   0|0x0000000600000000, 0x0000000600400000, 0x0000000600400000|100%|HS|  |TAMS 0x0000000600000000| PB 0x0000000600000000| Complete 
|   1|0x0000000600400000, 0x0000000600800000, 0x0000000600800000|100%| O|  |TAMS 0x0000000600400000| PB 0x0000000600400000| Untracked 
|   2|0x0000000600800000, 0x0000000600c00000, 0x0000000600c00000|100%| O|  |TAMS 0x0000000600800000| PB 0x0000000600800000| Untracked 
|   3|0x0000000600c00000, 0x0000000601000000, 0x0000000601000000|100%| O|  |TAMS 0x0000000600c00000| PB 0x0000000600c00000| Untracked 
|   4|0x0000000601000000, 0x0000000601400000, 0x0000000601400000|100%| O|  |TAMS 0x0000000601000000| PB 0x0000000601000000| Untracked 
|   5|0x0000000601400000, 0x0000000601800000, 0x0000000601800000|100%| O|  |TAMS 0x0000000601400000| PB 0x0000000601400000| Untracked 
|   6|0x0000000601800000, 0x0000000601c00000, 0x0000000601c00000|100%| O|  |TAMS 0x0000000601800000| PB 0x0000000601800000| Untracked 
|   7|0x0000000601c00000, 0x0000000602000000, 0x0000000602000000|100%| O|  |TAMS 0x0000000601c00000| PB 0x0000000601c00000| Untracked 
|   8|0x0000000602000000, 0x0000000602400000, 0x0000000602400000|100%| O|  |TAMS 0x0000000602000000| PB 0x0000000602000000| Untracked 
|   9|0x0000000602400000, 0x0000000602400000, 0x0000000602800000|  0%| F|  |TAMS 0x0000000602400000| PB 0x0000000602400000| Untracked 
|  10|0x0000000602800000, 0x0000000602800000, 0x0000000602c00000|  0%| F|  |TAMS 0x0000000602800000| PB 0x0000000602800000| Untracked 
|  11|0x0000000602c00000, 0x0000000603000000, 0x0000000603000000|100%| O|  |TAMS 0x0000000602c00000| PB 0x0000000602c00000| Untracked 
|  12|0x0000000603000000, 0x0000000603400000, 0x0000000603400000|100%| O|  |TAMS 0x0000000603000000| PB 0x0000000603000000| Untracked 
|  13|0x0000000603400000, 0x00000006034eeac0, 0x0000000603800000| 23%| O|  |TAMS 0x0000000603400000| PB 0x0000000603400000| Untracked 
|  14|0x0000000603800000, 0x0000000603c00000, 0x0000000603c00000|100%| S|CS|TAMS 0x0000000603800000| PB 0x0000000603800000| Complete 
|  15|0x0000000603c00000, 0x0000000603c00000, 0x0000000604000000|  0%| F|  |TAMS 0x0000000603c00000| PB 0x0000000603c00000| Untracked 
|  16|0x0000000604000000, 0x0000000604000000, 0x0000000604400000|  0%| F|  |TAMS 0x0000000604000000| PB 0x0000000604000000| Untracked 
|  17|0x0000000604400000, 0x000000060466d600, 0x0000000604800000| 60%| E|  |TAMS 0x0000000604400000| PB 0x0000000604400000| Complete 
|  18|0x0000000604800000, 0x0000000604c00000, 0x0000000604c00000|100%| E|CS|TAMS 0x0000000604800000| PB 0x0000000604800000| Complete 
|  19|0x0000000604c00000, 0x0000000605000000, 0x0000000605000000|100%| E|CS|TAMS 0x0000000604c00000| PB 0x0000000604c00000| Complete 
|  20|0x0000000605000000, 0x0000000605400000, 0x0000000605400000|100%| E|CS|TAMS 0x0000000605000000| PB 0x0000000605000000| Complete 
|  21|0x0000000605400000, 0x0000000605800000, 0x0000000605800000|100%| E|CS|TAMS 0x0000000605400000| PB 0x0000000605400000| Complete 
|  22|0x0000000605800000, 0x0000000605c00000, 0x0000000605c00000|100%| E|CS|TAMS 0x0000000605800000| PB 0x0000000605800000| Complete 
|  23|0x0000000605c00000, 0x0000000606000000, 0x0000000606000000|100%| E|CS|TAMS 0x0000000605c00000| PB 0x0000000605c00000| Complete 
|  24|0x0000000606000000, 0x00000006062a8df0, 0x0000000606400000| 66%| S|CS|TAMS 0x0000000606000000| PB 0x0000000606000000| Complete 
|  56|0x000000060e000000, 0x000000060e400000, 0x000000060e400000|100%| E|CS|TAMS 0x000000060e000000| PB 0x000000060e000000| Complete 
|  62|0x000000060f800000, 0x000000060fc00000, 0x000000060fc00000|100%| E|CS|TAMS 0x000000060f800000| PB 0x000000060f800000| Complete 
|2047|0x00000007ffc00000, 0x0000000800000000, 0x0000000800000000|100%| E|CS|TAMS 0x00000007ffc00000| PB 0x00000007ffc00000| Complete 

Card table byte_map: [0x000001c9b8700000,0x000001c9b9700000] _byte_map_base: 0x000001c9b5700000

Marking Bits: (CMBitMap*) 0x000001c993e3bb70
 Bits: [0x000001c9b9700000, 0x000001c9c1700000)

Polling page: 0x000001c991960000

Metaspace:

Usage:
  Non-class:     57.40 MB used.
      Class:      9.89 MB used.
       Both:     67.29 MB used.

Virtual space:
  Non-class space:       64.00 MB reserved,      58.44 MB ( 91%) committed,  1 nodes.
      Class space:        1.00 GB reserved,      10.94 MB (  1%) committed,  1 nodes.
             Both:        1.06 GB reserved,      69.38 MB (  6%) committed. 

Chunk freelists:
   Non-Class:  4.94 MB
       Class:  5.04 MB
        Both:  9.99 MB

MaxMetaspaceSize: 4.00 GB
CompressedClassSpaceSize: 1.00 GB
Initial GC threshold: 21.00 MB
Current GC threshold: 98.75 MB
CDS: on
 - commit_granule_bytes: 65536.
 - commit_granule_words: 8192.
 - virtual_space_node_default_size: 8388608.
 - enlarge_chunks_in_place: 1.
 - use_allocation_guard: 0.


Internal statistics:

num_allocs_failed_limit: 12.
num_arena_births: 3850.
num_arena_deaths: 2.
num_vsnodes_births: 2.
num_vsnodes_deaths: 0.
num_space_committed: 1110.
num_space_uncommitted: 0.
num_chunks_returned_to_freelist: 14.
num_chunks_taken_from_freelist: 7253.
num_chunk_merges: 9.
num_chunk_splits: 4678.
num_chunks_enlarged: 2814.
num_inconsistent_stats: 0.

CodeHeap 'non-profiled nmethods': size=259264Kb used=5565Kb max_used=5565Kb free=253699Kb
 bounds [0x000001c9a7260000, 0x000001c9a77d0000, 0x000001c9b6f90000]
CodeHeap 'profiled nmethods': size=259264Kb used=15796Kb max_used=15796Kb free=243467Kb
 bounds [0x000001c996f90000, 0x000001c997f00000, 0x000001c9a6cc0000]
CodeHeap 'non-nmethods': size=5760Kb used=1931Kb max_used=1978Kb free=3828Kb
 bounds [0x000001c9a6cc0000, 0x000001c9a6f30000, 0x000001c9a7260000]
CodeCache: size=524288Kb, used=23292Kb, max_used=23339Kb, free=500994Kb
 total_blobs=9158, nmethods=8361, adapters=701, full_count=0
Compilation: enabled, stopped_count=0, restarted_count=0

Compilation events (20 events):
Event: 1313.333 Thread 0x000001c9c43a5c80 nmethod 9143 0x000001c9a77cd890 code [0x000001c9a77cda60, 0x000001c9a77cdc48]
Event: 1321.574 Thread 0x000001c9c43a3680 9144       1       org.gradle.launcher.daemon.server.Daemon::getDaemonContext (5 bytes)
Event: 1321.574 Thread 0x000001c9c43a3680 nmethod 9144 0x000001c9a77cde10 code [0x000001c9a77cdfa0, 0x000001c9a77ce070]
Event: 1321.574 Thread 0x000001c9c43a3680 9145       1       org.gradle.launcher.daemon.registry.DaemonDir::getRegistry (5 bytes)
Event: 1321.575 Thread 0x000001c9c43a3680 nmethod 9145 0x000001c9a77ce110 code [0x000001c9a77ce2a0, 0x000001c9a77ce370]
Event: 1325.762 Thread 0x000001c9c43a3680 9146       3       org.gradle.internal.serialize.AbstractEncoder::<init> (5 bytes)
Event: 1325.762 Thread 0x000001c9c43a3680 nmethod 9146 0x000001c997ef9290 code [0x000001c997ef9440, 0x000001c997ef95a8]
Event: 1325.996 Thread 0x000001c9c43a3680 9147       3       com.google.common.base.Equivalence::equals (4 bytes)
Event: 1325.996 Thread 0x000001c9c43a3680 nmethod 9147 0x000001c997ef9690 code [0x000001c997ef9820, 0x000001c997ef9918]
Event: 1326.011 Thread 0x000001c9c43a5c80 9148       4       org.gradle.cache.internal.DefaultFileLockManager$DefaultFileLock$$Lambda/0x000001c9c612c790::run (12 bytes)
Event: 1326.020 Thread 0x000001c9c43a5c80 nmethod 9148 0x000001c9a77ce410 code [0x000001c9a77ce600, 0x000001c9a77ce980]
Event: 1329.816 Thread 0x000001c9c43a5c80 9150       4       org.gradle.internal.time.DefaultCountdownTimer::hasExpired (15 bytes)
Event: 1329.821 Thread 0x000001c9c43a5c80 nmethod 9150 0x000001c9a77cef90 code [0x000001c9a77cf120, 0x000001c9a77cf2b0]
Event: 1331.008 Thread 0x000001c9c43a3680 9151   !   3       org.gradle.launcher.daemon.registry.PersistentDaemonRegistry::getDaemonsMatching (104 bytes)
Event: 1331.009 Thread 0x000001c9c43a3680 nmethod 9151 0x000001c997ef9990 code [0x000001c997ef9c20, 0x000001c997efa8a8]
Event: 1331.558 Thread 0x000001c9c43a3680 9152       3       org.gradle.launcher.daemon.server.expiry.AllDaemonExpirationStrategy::checkExpiration (129 bytes)
Event: 1331.562 Thread 0x000001c9c43a3680 nmethod 9152 0x000001c997efae10 code [0x000001c997efb140, 0x000001c997efc6e8]
Event: 1332.220 Thread 0x000001c9c43a3680 9154       3       org.gradle.launcher.daemon.server.Daemon::access$200 (4 bytes)
Event: 1332.221 Thread 0x000001c9c43a3680 nmethod 9154 0x000001c997efce90 code [0x000001c997efd020, 0x000001c997efd118]
Event: 1335.605 Thread 0x000001c9c43a5c80 9155       4       org.gradle.internal.time.ExponentialBackoff::retryUntil (65 bytes)

GC Heap History (20 events):
Event: 454.086 GC heap before
{Heap before GC invocations=9 (full 0):
 garbage-first heap   total 106496K, used 87381K [0x0000000600000000, 0x0000000800000000)
  region size 4096K, 15 young (61440K), 1 survivors (4096K)
 Metaspace       used 37539K, committed 39040K, reserved 1114112K
  class space    used 5403K, committed 6144K, reserved 1048576K
}
Event: 454.134 GC heap after
{Heap after GC invocations=10 (full 0):
 garbage-first heap   total 106496K, used 31567K [0x0000000600000000, 0x0000000800000000)
  region size 4096K, 2 young (8192K), 2 survivors (8192K)
 Metaspace       used 37539K, committed 39040K, reserved 1114112K
  class space    used 5403K, committed 6144K, reserved 1048576K
}
Event: 547.684 GC heap before
{Heap before GC invocations=10 (full 0):
 garbage-first heap   total 106496K, used 84815K [0x0000000600000000, 0x0000000800000000)
  region size 4096K, 15 young (61440K), 2 survivors (8192K)
 Metaspace       used 40643K, committed 42304K, reserved 1114112K
  class space    used 5926K, committed 6720K, reserved 1048576K
}
Event: 547.710 GC heap after
{Heap after GC invocations=11 (full 0):
 garbage-first heap   total 106496K, used 33112K [0x0000000600000000, 0x0000000800000000)
  region size 4096K, 1 young (4096K), 1 survivors (4096K)
 Metaspace       used 40643K, committed 42304K, reserved 1114112K
  class space    used 5926K, committed 6720K, reserved 1048576K
}
Event: 744.773 GC heap before
{Heap before GC invocations=11 (full 0):
 garbage-first heap   total 106496K, used 90456K [0x0000000600000000, 0x0000000800000000)
  region size 4096K, 15 young (61440K), 1 survivors (4096K)
 Metaspace       used 44714K, committed 46464K, reserved 1114112K
  class space    used 6613K, committed 7488K, reserved 1048576K
}
Event: 744.859 GC heap after
{Heap after GC invocations=12 (full 0):
 garbage-first heap   total 106496K, used 35071K [0x0000000600000000, 0x0000000800000000)
  region size 4096K, 2 young (8192K), 2 survivors (8192K)
 Metaspace       used 44714K, committed 46464K, reserved 1114112K
  class space    used 6613K, committed 7488K, reserved 1048576K
}
Event: 857.490 GC heap before
{Heap before GC invocations=12 (full 0):
 garbage-first heap   total 106496K, used 88319K [0x0000000600000000, 0x0000000800000000)
  region size 4096K, 15 young (61440K), 2 survivors (8192K)
 Metaspace       used 47967K, committed 49728K, reserved 1114112K
  class space    used 7070K, committed 7936K, reserved 1048576K
}
Event: 857.523 GC heap after
{Heap after GC invocations=13 (full 0):
 garbage-first heap   total 106496K, used 38219K [0x0000000600000000, 0x0000000800000000)
  region size 4096K, 2 young (8192K), 2 survivors (8192K)
 Metaspace       used 47967K, committed 49728K, reserved 1114112K
  class space    used 7070K, committed 7936K, reserved 1048576K
}
Event: 915.544 GC heap before
{Heap before GC invocations=13 (full 0):
 garbage-first heap   total 106496K, used 91467K [0x0000000600000000, 0x0000000800000000)
  region size 4096K, 15 young (61440K), 2 survivors (8192K)
 Metaspace       used 51489K, committed 53440K, reserved 1114112K
  class space    used 7669K, committed 8640K, reserved 1048576K
}
Event: 915.598 GC heap after
{Heap after GC invocations=14 (full 0):
 garbage-first heap   total 110592K, used 45226K [0x0000000600000000, 0x0000000800000000)
  region size 4096K, 2 young (8192K), 2 survivors (8192K)
 Metaspace       used 51489K, committed 53440K, reserved 1114112K
  class space    used 7669K, committed 8640K, reserved 1048576K
}
Event: 958.934 GC heap before
{Heap before GC invocations=14 (full 0):
 garbage-first heap   total 110592K, used 94378K [0x0000000600000000, 0x0000000800000000)
  region size 4096K, 14 young (57344K), 2 survivors (8192K)
 Metaspace       used 57378K, committed 59328K, reserved 1114112K
  class space    used 8423K, committed 9408K, reserved 1048576K
}
Event: 958.956 GC heap after
{Heap after GC invocations=15 (full 0):
 garbage-first heap   total 110592K, used 47420K [0x0000000600000000, 0x0000000800000000)
  region size 4096K, 1 young (4096K), 1 survivors (4096K)
 Metaspace       used 57378K, committed 59328K, reserved 1114112K
  class space    used 8423K, committed 9408K, reserved 1048576K
}
Event: 974.035 GC heap before
{Heap before GC invocations=15 (full 0):
 garbage-first heap   total 110592K, used 63804K [0x0000000600000000, 0x0000000800000000)
  region size 4096K, 6 young (24576K), 1 survivors (4096K)
 Metaspace       used 58662K, committed 60608K, reserved 1114112K
  class space    used 8626K, committed 9600K, reserved 1048576K
}
Event: 974.056 GC heap after
{Heap after GC invocations=16 (full 0):
 garbage-first heap   total 110592K, used 47733K [0x0000000600000000, 0x0000000800000000)
  region size 4096K, 1 young (4096K), 1 survivors (4096K)
 Metaspace       used 58662K, committed 60608K, reserved 1114112K
  class space    used 8626K, committed 9600K, reserved 1048576K
}
Event: 999.288 GC heap before
{Heap before GC invocations=17 (full 0):
 garbage-first heap   total 110592K, used 92789K [0x0000000600000000, 0x0000000800000000)
  region size 4096K, 12 young (49152K), 1 survivors (4096K)
 Metaspace       used 61543K, committed 63552K, reserved 1114112K
  class space    used 9045K, committed 10048K, reserved 1048576K
}
Event: 999.294 GC heap after
{Heap after GC invocations=18 (full 0):
 garbage-first heap   total 110592K, used 48765K [0x0000000600000000, 0x0000000800000000)
  region size 4096K, 1 young (4096K), 1 survivors (4096K)
 Metaspace       used 61543K, committed 63552K, reserved 1114112K
  class space    used 9045K, committed 10048K, reserved 1048576K
}
Event: 1041.791 GC heap before
{Heap before GC invocations=18 (full 0):
 garbage-first heap   total 110592K, used 97917K [0x0000000600000000, 0x0000000800000000)
  region size 4096K, 13 young (53248K), 1 survivors (4096K)
 Metaspace       used 64431K, committed 66432K, reserved 1114112K
  class space    used 9459K, committed 10432K, reserved 1048576K
}
Event: 1041.818 GC heap after
{Heap after GC invocations=19 (full 0):
 garbage-first heap   total 110592K, used 50514K [0x0000000600000000, 0x0000000800000000)
  region size 4096K, 2 young (8192K), 2 survivors (8192K)
 Metaspace       used 64431K, committed 66432K, reserved 1114112K
  class space    used 9459K, committed 10432K, reserved 1048576K
}
Event: 1138.812 GC heap before
{Heap before GC invocations=19 (full 0):
 garbage-first heap   total 110592K, used 95570K [0x0000000600000000, 0x0000000800000000)
  region size 4096K, 14 young (57344K), 2 survivors (8192K)
 Metaspace       used 67327K, committed 69376K, reserved 1114112K
  class space    used 9891K, committed 10880K, reserved 1048576K
}
Event: 1138.862 GC heap after
{Heap after GC invocations=20 (full 0):
 garbage-first heap   total 114688K, used 52830K [0x0000000600000000, 0x0000000800000000)
  region size 4096K, 2 young (8192K), 2 survivors (8192K)
 Metaspace       used 67327K, committed 69376K, reserved 1114112K
  class space    used 9891K, committed 10880K, reserved 1048576K
}

Dll operation events (20 events):
Event: 0.210 Attempting to load shared library C:\Users\Angelina Thennessa\.vscode\extensions\redhat.java-1.56.0-win32-x64\jre\21.0.12.1-win32-x86_64\bin\nio.dll
Event: 0.211 Loaded shared library C:\Users\Angelina Thennessa\.vscode\extensions\redhat.java-1.56.0-win32-x64\jre\21.0.12.1-win32-x86_64\bin\nio.dll
Event: 0.216 Attempting to load shared library C:\Users\Angelina Thennessa\.vscode\extensions\redhat.java-1.56.0-win32-x64\jre\21.0.12.1-win32-x86_64\bin\zip.dll
Event: 0.216 Loaded shared library C:\Users\Angelina Thennessa\.vscode\extensions\redhat.java-1.56.0-win32-x64\jre\21.0.12.1-win32-x86_64\bin\zip.dll
Event: 1.013 Attempting to load shared library C:\Users\Angelina Thennessa\.vscode\extensions\redhat.java-1.56.0-win32-x64\jre\21.0.12.1-win32-x86_64\bin\jimage.dll
Event: 1.013 Loaded shared library C:\Users\Angelina Thennessa\.vscode\extensions\redhat.java-1.56.0-win32-x64\jre\21.0.12.1-win32-x86_64\bin\jimage.dll
Event: 1.520 Attempting to load shared library C:\Users\Angelina Thennessa\.vscode\extensions\redhat.java-1.56.0-win32-x64\jre\21.0.12.1-win32-x86_64\bin\verify.dll
Event: 1.521 Loaded shared library C:\Users\Angelina Thennessa\.vscode\extensions\redhat.java-1.56.0-win32-x64\jre\21.0.12.1-win32-x86_64\bin\verify.dll
Event: 1.588 Attempting to load shared library C:\Users\Angelina Thennessa\.gradle\native\660c5614fbf4a5f2a75b1949f50a0caf5cd603558e7d8a26e50b933a0cfb79d1\windows-amd64\native-platform.dll
Event: 1.591 Loaded shared library C:\Users\Angelina Thennessa\.gradle\native\660c5614fbf4a5f2a75b1949f50a0caf5cd603558e7d8a26e50b933a0cfb79d1\windows-amd64\native-platform.dll
Event: 1.614 Attempting to load shared library C:\Users\Angelina Thennessa\.gradle\native\0.2.8\x86_64-windows-gnu\gradle-fileevents.dll
Event: 1.616 Loaded shared library C:\Users\Angelina Thennessa\.gradle\native\0.2.8\x86_64-windows-gnu\gradle-fileevents.dll
Event: 32.967 Attempting to load shared library C:\Users\Angelina Thennessa\.vscode\extensions\redhat.java-1.56.0-win32-x64\jre\21.0.12.1-win32-x86_64\bin\management.dll
Event: 33.001 Loaded shared library C:\Users\Angelina Thennessa\.vscode\extensions\redhat.java-1.56.0-win32-x64\jre\21.0.12.1-win32-x86_64\bin\management.dll
Event: 33.090 Attempting to load shared library C:\Users\Angelina Thennessa\.vscode\extensions\redhat.java-1.56.0-win32-x64\jre\21.0.12.1-win32-x86_64\bin\management_ext.dll
Event: 33.188 Loaded shared library C:\Users\Angelina Thennessa\.vscode\extensions\redhat.java-1.56.0-win32-x64\jre\21.0.12.1-win32-x86_64\bin\management_ext.dll
Event: 41.530 Attempting to load shared library C:\Users\Angelina Thennessa\.vscode\extensions\redhat.java-1.56.0-win32-x64\jre\21.0.12.1-win32-x86_64\bin\extnet.dll
Event: 41.591 Loaded shared library C:\Users\Angelina Thennessa\.vscode\extensions\redhat.java-1.56.0-win32-x64\jre\21.0.12.1-win32-x86_64\bin\extnet.dll
Event: 52.547 Attempting to load shared library C:\Users\Angelina Thennessa\.vscode\extensions\redhat.java-1.56.0-win32-x64\jre\21.0.12.1-win32-x86_64\bin\sunmscapi.dll
Event: 52.763 Loaded shared library C:\Users\Angelina Thennessa\.vscode\extensions\redhat.java-1.56.0-win32-x64\jre\21.0.12.1-win32-x86_64\bin\sunmscapi.dll

Deoptimization events (20 events):
Event: 1299.463 Thread 0x000001c9c471c180 Uncommon trap: trap_request=0xffffff3d fr.pc=0x000001c9a7326728 relative=0x0000000000000088
Event: 1299.463 Thread 0x000001c9c471c180 Uncommon trap: reason=unstable_fused_if action=reinterpret pc=0x000001c9a7326728 method=java.io.WinNTFileSystem.isLetter(C)Z @ 15 c2
Event: 1299.463 Thread 0x000001c9c471c180 DEOPT PACKING pc=0x000001c9a7326728 sp=0x000000a6306f9e50
Event: 1299.463 Thread 0x000001c9c471c180 DEOPT UNPACKING pc=0x000001c9a6d14422 sp=0x000000a6306f9dd8 mode 2
Event: 1301.772 Thread 0x000001c9c471c180 Uncommon trap: trap_request=0xffffffbe fr.pc=0x000001c9a77c0998 relative=0x0000000000005038
Event: 1301.772 Thread 0x000001c9c471c180 Uncommon trap: reason=profile_predicate action=maybe_recompile pc=0x000001c9a77c0998 method=org.gradle.internal.time.ExponentialBackoff.retryUntil(Lorg/gradle/internal/time/ExponentialBackoff$Query;)Ljava/lang/Object; @ 13 c2
Event: 1301.772 Thread 0x000001c9c471c180 DEOPT PACKING pc=0x000001c9a77c0998 sp=0x000000a6306f92e0
Event: 1301.772 Thread 0x000001c9c471c180 DEOPT UNPACKING pc=0x000001c9a6d14422 sp=0x000000a6306f9328 mode 2
Event: 1307.303 Thread 0x000001ca0d5fa2a0 Uncommon trap: trap_request=0xffffffbe fr.pc=0x000001c9a77c0998 relative=0x0000000000005038
Event: 1307.303 Thread 0x000001ca0d5fa2a0 Uncommon trap: reason=profile_predicate action=maybe_recompile pc=0x000001c9a77c0998 method=org.gradle.internal.time.ExponentialBackoff.retryUntil(Lorg/gradle/internal/time/ExponentialBackoff$Query;)Ljava/lang/Object; @ 13 c2
Event: 1307.303 Thread 0x000001ca0d5fa2a0 DEOPT PACKING pc=0x000001c9a77c0998 sp=0x000000a6340fe7e0
Event: 1307.303 Thread 0x000001ca0d5fa2a0 DEOPT UNPACKING pc=0x000001c9a6d14422 sp=0x000000a6340fe828 mode 2
Event: 1309.600 Thread 0x000001ca0d5fa2a0 Uncommon trap: trap_request=0xffffffbe fr.pc=0x000001c9a77c0998 relative=0x0000000000005038
Event: 1309.600 Thread 0x000001ca0d5fa2a0 Uncommon trap: reason=profile_predicate action=maybe_recompile pc=0x000001c9a77c0998 method=org.gradle.internal.time.ExponentialBackoff.retryUntil(Lorg/gradle/internal/time/ExponentialBackoff$Query;)Ljava/lang/Object; @ 13 c2
Event: 1309.600 Thread 0x000001ca0d5fa2a0 DEOPT PACKING pc=0x000001c9a77c0998 sp=0x000000a6340fe7e0
Event: 1309.600 Thread 0x000001ca0d5fa2a0 DEOPT UNPACKING pc=0x000001c9a6d14422 sp=0x000000a6340fe828 mode 2
Event: 1321.337 Thread 0x000001c9c471c180 Uncommon trap: trap_request=0xffffffbe fr.pc=0x000001c9a77c0998 relative=0x0000000000005038
Event: 1321.337 Thread 0x000001c9c471c180 Uncommon trap: reason=profile_predicate action=maybe_recompile pc=0x000001c9a77c0998 method=org.gradle.internal.time.ExponentialBackoff.retryUntil(Lorg/gradle/internal/time/ExponentialBackoff$Query;)Ljava/lang/Object; @ 13 c2
Event: 1321.337 Thread 0x000001c9c471c180 DEOPT PACKING pc=0x000001c9a77c0998 sp=0x000000a6306f9710
Event: 1321.337 Thread 0x000001c9c471c180 DEOPT UNPACKING pc=0x000001c9a6d14422 sp=0x000000a6306f9758 mode 2

Classes loaded (20 events):
Event: 1270.850 Loading class java/util/AbstractList$ListItr
Event: 1270.851 Loading class java/util/AbstractList$ListItr done
Event: 1271.492 Loading class java/util/Collections$EmptyListIterator
Event: 1271.584 Loading class java/util/Collections$EmptyListIterator done
Event: 1273.201 Loading class java/io/CharArrayWriter
Event: 1273.225 Loading class java/io/CharArrayWriter done
Event: 1274.168 Loading class java/time/Instant$1
Event: 1274.168 Loading class java/time/Instant$1 done
Event: 1276.840 Loading class java/net/UrlDeserializedState
Event: 1276.855 Loading class java/net/UrlDeserializedState done
Event: 1276.912 Loading class java/net/Proxy
Event: 1276.913 Loading class java/net/Proxy done
Event: 1277.275 Loading class java/util/concurrent/CompletableFuture$AsyncRun
Event: 1277.342 Loading class java/util/concurrent/CompletableFuture$AsyncRun done
Event: 1277.438 Loading class java/util/concurrent/CompletableFuture$Signaller
Event: 1277.569 Loading class java/util/concurrent/CompletableFuture$Signaller done
Event: 1278.757 Loading class jdk/internal/math/FormattedFPDecimal
Event: 1278.799 Loading class jdk/internal/math/FormattedFPDecimal done
Event: 1306.887 Loading class java/math/MutableBigInteger
Event: 1307.055 Loading class java/math/MutableBigInteger done

Classes unloaded (1 events):
Event: 974.642 Thread 0x000001c9c18d9580 Unloading class 0x000001c9c67a8400 'java/lang/invoke/LambdaForm$DMH+0x000001c9c67a8400'

Classes redefined (0 events):
No events

Internal exceptions (20 events):
Event: 1023.874 Thread 0x000001c9c471c180 Exception <a 'java/lang/NoSuchMethodError'{0x000000060462ecd8}: 'long java.lang.invoke.DirectMethodHandle$Holder.invokeStatic(java.lang.Object, java.lang.Object)'> (0x000000060462ecd8) 
thrown [s\src\hotspot\share\interpreter\linkResolver.cpp, line 773]
Event: 1056.333 Thread 0x000001c9c471c180 Exception <a 'java/lang/NoSuchMethodError'{0x00000006055ba3d8}: 'void java.lang.invoke.DirectMethodHandle$Holder.invokeInterface(java.lang.Object, java.lang.Object, java.lang.Object, java.lang.Object)'> (0x00000006055ba3d8) 
thrown [s\src\hotspot\share\interpreter\linkResolver.cpp, line 773]
Event: 1136.422 Thread 0x000001c9c471c180 Exception <a 'java/lang/NoSuchMethodError'{0x0000000603e39af0}: 'void java.lang.invoke.DirectMethodHandle$Holder.invokeStatic(java.lang.Object, int, java.lang.Object)'> (0x0000000603e39af0) 
thrown [s\src\hotspot\share\interpreter\linkResolver.cpp, line 773]
Event: 1213.937 Thread 0x000001c9c471c180 Implicit null exception at 0x000001c9a7523467 to 0x000001c9a7523518
Event: 1214.139 Thread 0x000001c9c471c180 Exception <a 'java/lang/NoSuchMethodError'{0x000000060e0159d0}: 'long java.lang.invoke.DelegatingMethodHandle$Holder.reinvoke_L(java.lang.Object, java.lang.Object)'> (0x000000060e0159d0) 
thrown [s\src\hotspot\share\interpreter\linkResolver.cpp, line 773]
Event: 1257.857 Thread 0x000001c9c471c180 Exception <a 'java/lang/NoSuchMethodError'{0x0000000605461310}: 'void java.lang.invoke.DirectMethodHandle$Holder.invokeInterface(java.lang.Object, java.lang.Object, java.lang.Object, int)'> (0x0000000605461310) 
thrown [s\src\hotspot\share\interpreter\linkResolver.cpp, line 773]
Event: 1257.887 Thread 0x000001c9c471c180 Exception <a 'java/lang/IncompatibleClassChangeError'{0x0000000605464e88}: Found class java.lang.Object, but interface was expected> (0x0000000605464e88) 
thrown [s\src\hotspot\share\interpreter\linkResolver.cpp, line 840]
Event: 1257.947 Thread 0x000001c9c471c180 Exception <a 'java/lang/NoSuchMethodError'{0x00000006054692c8}: 'void java.lang.invoke.DelegatingMethodHandle$Holder.reinvoke_L(java.lang.Object, java.lang.Object, java.lang.Object, int)'> (0x00000006054692c8) 
thrown [s\src\hotspot\share\interpreter\linkResolver.cpp, line 773]
Event: 1258.517 Thread 0x000001c9c471c180 Exception <a 'sun/nio/fs/WindowsException'{0x0000000605487bb0}> (0x0000000605487bb0) 
thrown [s\src\hotspot\share\prims\jni.cpp, line 520]
Event: 1258.701 Thread 0x000001c9c471c180 Implicit null exception at 0x000001c9a75b267c to 0x000001c9a75b26ac
Event: 1264.851 Thread 0x000001c9c471c180 Exception <a 'java/lang/IncompatibleClassChangeError'{0x00000006055b80c8}: Found class java.lang.Object, but interface was expected> (0x00000006055b80c8) 
thrown [s\src\hotspot\share\interpreter\linkResolver.cpp, line 840]
Event: 1264.939 Thread 0x000001c9c471c180 Exception <a 'java/lang/IncompatibleClassChangeError'{0x00000006055b9690}: Found class java.lang.Object, but interface was expected> (0x00000006055b9690) 
thrown [s\src\hotspot\share\interpreter\linkResolver.cpp, line 840]
Event: 1268.213 Thread 0x000001c9c471c180 Exception <a 'java/lang/IncompatibleClassChangeError'{0x000000060561f4b0}: Found class java.lang.Object, but interface was expected> (0x000000060561f4b0) 
thrown [s\src\hotspot\share\interpreter\linkResolver.cpp, line 840]
Event: 1276.462 Thread 0x000001ca0ada4170 Exception <a 'java/lang/NoSuchMethodError'{0x00000006053d21b8}: static Lorg/gradle/tooling/internal/provider/serialization/ClassLoaderDetails;.<clinit>()V> (0x00000006053d21b8) 
thrown [s\src\hotspot\share\prims\jni.cpp, line 1111]
Event: 1276.577 Thread 0x000001ca0ada4170 Exception <a 'java/lang/NoSuchMethodError'{0x00000006053e5018}: static Lorg/gradle/tooling/internal/provider/serialization/WellKnownClassLoaderRegistry$KnownClassLoaderSpec;.<clinit>()V> (0x00000006053e5018) 
thrown [s\src\hotspot\share\prims\jni.cpp, line 1111]
Event: 1276.611 Thread 0x000001ca0ada4170 Exception <a 'java/lang/NoSuchMethodError'{0x00000006053e6860}: static Lorg/gradle/internal/classloader/ClassLoaderSpec;.<clinit>()V> (0x00000006053e6860) 
thrown [s\src\hotspot\share\prims\jni.cpp, line 1111]
Event: 1276.705 Thread 0x000001ca0ada4170 Exception <a 'java/lang/NoSuchMethodError'{0x0000000604c081b8}: static Lorg/gradle/internal/classloader/ClassLoaderSpec;.<clinit>()V> (0x0000000604c081b8) 
thrown [s\src\hotspot\share\prims\jni.cpp, line 1111]
Event: 1276.730 Thread 0x000001ca0ada4170 Exception <a 'java/lang/NoSuchMethodError'{0x0000000604c14570}: static Lorg/gradle/internal/classloader/VisitableURLClassLoader$Spec;.<clinit>()V> (0x0000000604c14570) 
thrown [s\src\hotspot\share\prims\jni.cpp, line 1111]
Event: 1296.644 Thread 0x000001c9c471c180 Implicit null exception at 0x000001c9a732da57 to 0x000001c9a732eaec
Event: 1327.548 Thread 0x000001c9c471c180 Exception <a 'java/lang/NoSuchMethodError'{0x000000060447bb30}: 'java.lang.Object java.lang.invoke.DirectMethodHandle$Holder.newInvokeSpecial(java.lang.Object, java.lang.Object, int, java.lang.Object)'> (0x000000060447bb30) 
thrown [s\src\hotspot\share\interpreter\linkResolver.cpp, line 773]

ZGC Phase Switch (0 events):
No events

VM Operations (20 events):
Event: 1297.961 Executing safepoint VM operation: Cleanup
Event: 1298.009 Executing safepoint VM operation: Cleanup done
Event: 1299.011 Executing safepoint VM operation: Cleanup
Event: 1299.011 Executing safepoint VM operation: Cleanup done
Event: 1301.034 Executing safepoint VM operation: Cleanup
Event: 1301.080 Executing safepoint VM operation: Cleanup done
Event: 1303.101 Executing safepoint VM operation: Cleanup
Event: 1303.149 Executing safepoint VM operation: Cleanup done
Event: 1308.200 Executing safepoint VM operation: Cleanup
Event: 1308.200 Executing safepoint VM operation: Cleanup done
Event: 1323.111 Executing non-safepoint VM operation: HandshakeAllThreads (HandshakeForDeflation)
Event: 1323.112 Executing non-safepoint VM operation: HandshakeAllThreads (HandshakeForDeflation) done
Event: 1323.112 Executing non-safepoint VM operation: RendezvousGCThreads
Event: 1323.112 Executing non-safepoint VM operation: RendezvousGCThreads done
Event: 1326.122 Executing safepoint VM operation: Cleanup
Event: 1326.123 Executing safepoint VM operation: Cleanup done
Event: 1327.127 Executing safepoint VM operation: Cleanup
Event: 1327.127 Executing safepoint VM operation: Cleanup done
Event: 1328.131 Executing safepoint VM operation: Cleanup
Event: 1328.131 Executing safepoint VM operation: Cleanup done

Memory protections (0 events):
No events

Nmethod flushes (20 events):
Event: 974.937 Thread 0x000001c9c18d9580 flushing  nmethod 0x000001c9971e5890
Event: 974.937 Thread 0x000001c9c18d9580 flushing  nmethod 0x000001c997216610
Event: 974.937 Thread 0x000001c9c18d9580 flushing  nmethod 0x000001c9975e5b90
Event: 974.937 Thread 0x000001c9c18d9580 flushing  nmethod 0x000001c9975e6890
Event: 974.937 Thread 0x000001c9c18d9580 flushing  nmethod 0x000001c99766b410
Event: 974.937 Thread 0x000001c9c18d9580 flushing  nmethod 0x000001c99766da10
Event: 974.937 Thread 0x000001c9c18d9580 flushing  nmethod 0x000001c997718110
Event: 974.937 Thread 0x000001c9c18d9580 flushing  nmethod 0x000001c997066190
Event: 974.937 Thread 0x000001c9c18d9580 flushing  nmethod 0x000001c997066a90
Event: 974.937 Thread 0x000001c9c18d9580 flushing  nmethod 0x000001c997070490
Event: 974.937 Thread 0x000001c9c18d9580 flushing  nmethod 0x000001c9973da190
Event: 974.937 Thread 0x000001c9c18d9580 flushing  nmethod 0x000001c9973dd590
Event: 974.937 Thread 0x000001c9c18d9580 flushing  nmethod 0x000001c9973ddb90
Event: 974.937 Thread 0x000001c9c18d9580 flushing  nmethod 0x000001c9974b3c90
Event: 974.937 Thread 0x000001c9c18d9580 flushing  nmethod 0x000001c9974b4210
Event: 974.937 Thread 0x000001c9c18d9580 flushing  nmethod 0x000001c9974b4610
Event: 974.937 Thread 0x000001c9c18d9580 flushing  nmethod 0x000001c99768ce90
Event: 974.937 Thread 0x000001c9c18d9580 flushing  nmethod 0x000001c99768d390
Event: 974.937 Thread 0x000001c9c18d9580 flushing  nmethod 0x000001c997697010
Event: 974.937 Thread 0x000001c9c18d9580 flushing  nmethod 0x000001c997765390

Events (20 events):
Event: 1277.344 Thread 0x000001ca0ada4170 Thread added: 0x000001ca0d5f9580
Event: 1277.376 Thread 0x000001ca0d5f8860 Thread added: 0x000001ca0d5fb650
Event: 1277.385 Thread 0x000001c9c471baf0 Thread exited: 0x000001c9c471baf0
Event: 1277.437 Thread 0x000001ca0d5f74b0 Thread added: 0x000001ca0d5f81d0
Event: 1277.519 Thread 0x000001ca0a13e180 Thread exited: 0x000001ca0a13e180
Event: 1278.494 Thread 0x000001ca0d5f81d0 Thread exited: 0x000001ca0d5f81d0
Event: 1278.534 Thread 0x000001ca0d5f4030 Thread exited: 0x000001ca0d5f4030
Event: 1278.602 Thread 0x000001c9c471c180 Thread added: 0x000001ca0d5f4030
Event: 1278.972 Thread 0x000001c9c471c180 Thread added: 0x000001ca0d5f9c10
Event: 1279.016 Thread 0x000001c9c471c180 Thread added: 0x000001ca0d5f81d0
Event: 1286.271 Thread 0x000001ca0d5fafc0 Thread exited: 0x000001ca0d5fafc0
Event: 1287.285 Thread 0x000001c9c471c180 Thread added: 0x000001ca0d5fafc0
Event: 1288.138 Thread 0x000001c9c471c180 Thread added: 0x000001ca0e1647e0
Event: 1295.667 Thread 0x000001ca0d5f8ef0 Thread exited: 0x000001ca0d5f8ef0
Event: 1295.668 Thread 0x000001ca0d5fa930 Thread exited: 0x000001ca0d5fa930
Event: 1297.803 Thread 0x000001c9c471c180 Thread added: 0x000001ca0e1668b0
Event: 1301.274 Thread 0x000001c9c471c180 Thread added: 0x000001ca0e164e70
Event: 1302.041 Thread 0x000001c9c471c180 Thread added: 0x000001ca0e165b90
Event: 1327.675 Thread 0x000001c9c471c180 Thread added: 0x000001ca0e166220
Event: 1337.522 Thread 0x000001ca0ada4170 Thread exited: 0x000001ca0ada4170


Dynamic libraries:
0x00007ff64eb40000 - 0x00007ff64eb4e000 	C:\Users\Angelina Thennessa\.vscode\extensions\redhat.java-1.56.0-win32-x64\jre\21.0.12.1-win32-x86_64\bin\java.exe
0x00007ffe5d260000 - 0x00007ffe5d4c6000 	C:\Windows\SYSTEM32\ntdll.dll
0x00007ffe5bcd0000 - 0x00007ffe5bd99000 	C:\Windows\System32\KERNEL32.DLL
0x00007ffe5a720000 - 0x00007ffe5ab1f000 	C:\Windows\System32\KERNELBASE.dll
0x00007ffe5ae30000 - 0x00007ffe5af7c000 	C:\Windows\System32\ucrtbase.dll
0x00007ffe442f0000 - 0x00007ffe4430e000 	C:\Users\Angelina Thennessa\.vscode\extensions\redhat.java-1.56.0-win32-x64\jre\21.0.12.1-win32-x86_64\bin\VCRUNTIME140.dll
0x00007ffe43960000 - 0x00007ffe43978000 	C:\Users\Angelina Thennessa\.vscode\extensions\redhat.java-1.56.0-win32-x64\jre\21.0.12.1-win32-x86_64\bin\jli.dll
0x00007ffe5b640000 - 0x00007ffe5b806000 	C:\Windows\System32\USER32.dll
0x00007ffe5a6f0000 - 0x00007ffe5a717000 	C:\Windows\System32\win32u.dll
0x00007ffe5ba70000 - 0x00007ffe5ba9b000 	C:\Windows\System32\GDI32.dll
0x00007ffe5a470000 - 0x00007ffe5a599000 	C:\Windows\System32\gdi32full.dll
0x00007ffe38b20000 - 0x00007ffe38db1000 	C:\Windows\WinSxS\amd64_microsoft.windows.common-controls_6595b64144ccf1df_6.0.26100.8972_none_3e0da176e32f9d4b\COMCTL32.dll
0x00007ffe5bc20000 - 0x00007ffe5bcc9000 	C:\Windows\System32\msvcrt.dll
0x00007ffe5acc0000 - 0x00007ffe5ad63000 	C:\Windows\System32\msvcp_win.dll
0x00007ffe5b530000 - 0x00007ffe5b562000 	C:\Windows\System32\IMM32.DLL
0x00007ffe442e0000 - 0x00007ffe442ec000 	C:\Users\Angelina Thennessa\.vscode\extensions\redhat.java-1.56.0-win32-x64\jre\21.0.12.1-win32-x86_64\bin\vcruntime140_1.dll
0x00007ffe3d620000 - 0x00007ffe3d6ad000 	C:\Users\Angelina Thennessa\.vscode\extensions\redhat.java-1.56.0-win32-x64\jre\21.0.12.1-win32-x86_64\bin\msvcp140.dll
0x00007ffde1940000 - 0x00007ffde26e2000 	C:\Users\Angelina Thennessa\.vscode\extensions\redhat.java-1.56.0-win32-x64\jre\21.0.12.1-win32-x86_64\bin\server\jvm.dll
0x00007ffe5baa0000 - 0x00007ffe5bb5c000 	C:\Windows\System32\ADVAPI32.dll
0x00007ffe5bb70000 - 0x00007ffe5bc1a000 	C:\Windows\System32\sechost.dll
0x00007ffe5bea0000 - 0x00007ffe5bfb8000 	C:\Windows\System32\RPCRT4.dll
0x00007ffe5cd10000 - 0x00007ffe5cd92000 	C:\Windows\System32\WS2_32.dll
0x00007ffe4e610000 - 0x00007ffe4e646000 	C:\Windows\SYSTEM32\WINMM.dll
0x00007ffe5a2d0000 - 0x00007ffe5a32e000 	C:\Windows\SYSTEM32\POWRPROF.dll
0x00007ffe4d570000 - 0x00007ffe4d57b000 	C:\Windows\SYSTEM32\VERSION.dll
0x00007ffe5a2b0000 - 0x00007ffe5a2c5000 	C:\Windows\SYSTEM32\UMPDC.dll
0x00007ffe59160000 - 0x00007ffe5917b000 	C:\Windows\SYSTEM32\kernel.appcore.dll
0x00007ffe438f0000 - 0x00007ffe438fa000 	C:\Users\Angelina Thennessa\.vscode\extensions\redhat.java-1.56.0-win32-x64\jre\21.0.12.1-win32-x86_64\bin\jimage.dll
0x00007ffe57900000 - 0x00007ffe57b42000 	C:\Windows\SYSTEM32\DBGHELP.DLL
0x00007ffe5af90000 - 0x00007ffe5b315000 	C:\Windows\System32\combase.dll
0x00007ffe5b810000 - 0x00007ffe5b8e9000 	C:\Windows\System32\OLEAUT32.dll
0x00007ffe3aee0000 - 0x00007ffe3af1b000 	C:\Windows\SYSTEM32\dbgcore.DLL
0x00007ffe5a630000 - 0x00007ffe5a6dc000 	C:\Windows\System32\bcryptPrimitives.dll
0x00007ffe438e0000 - 0x00007ffe438ef000 	C:\Users\Angelina Thennessa\.vscode\extensions\redhat.java-1.56.0-win32-x64\jre\21.0.12.1-win32-x86_64\bin\instrument.dll
0x00007ffe43940000 - 0x00007ffe43960000 	C:\Users\Angelina Thennessa\.vscode\extensions\redhat.java-1.56.0-win32-x64\jre\21.0.12.1-win32-x86_64\bin\java.dll
0x00007ffe5bfc0000 - 0x00007ffe5c748000 	C:\Windows\System32\SHELL32.dll
0x00007ffe57f20000 - 0x00007ffe587bb000 	C:\Windows\SYSTEM32\windows.storage.dll
0x00007ffe5bda0000 - 0x00007ffe5be99000 	C:\Windows\System32\SHCORE.dll
0x00007ffe5b320000 - 0x00007ffe5b386000 	C:\Windows\System32\shlwapi.dll
0x00007ffe5a390000 - 0x00007ffe5a3b9000 	C:\Windows\SYSTEM32\profapi.dll
0x00007ffe3e0c0000 - 0x00007ffe3e0d8000 	C:\Users\Angelina Thennessa\.vscode\extensions\redhat.java-1.56.0-win32-x64\jre\21.0.12.1-win32-x86_64\bin\zip.dll
0x00007ffe43900000 - 0x00007ffe43910000 	C:\Users\Angelina Thennessa\.vscode\extensions\redhat.java-1.56.0-win32-x64\jre\21.0.12.1-win32-x86_64\bin\net.dll
0x00007ffe504f0000 - 0x00007ffe50618000 	C:\Windows\SYSTEM32\WINHTTP.dll
0x00007ffe59710000 - 0x00007ffe5977c000 	C:\Windows\system32\mswsock.dll
0x00007ffe3d420000 - 0x00007ffe3d436000 	C:\Users\Angelina Thennessa\.vscode\extensions\redhat.java-1.56.0-win32-x64\jre\21.0.12.1-win32-x86_64\bin\nio.dll
0x00007ffe43910000 - 0x00007ffe43920000 	C:\Users\Angelina Thennessa\.vscode\extensions\redhat.java-1.56.0-win32-x64\jre\21.0.12.1-win32-x86_64\bin\verify.dll
0x00007ffe3cb60000 - 0x00007ffe3cb87000 	C:\Users\Angelina Thennessa\.gradle\native\660c5614fbf4a5f2a75b1949f50a0caf5cd603558e7d8a26e50b933a0cfb79d1\windows-amd64\native-platform.dll
0x00007ffde2db0000 - 0x00007ffde2e27000 	C:\Users\Angelina Thennessa\.gradle\native\0.2.8\x86_64-windows-gnu\gradle-fileevents.dll
0x00007ffe3e0e0000 - 0x00007ffe3e0ea000 	C:\Users\Angelina Thennessa\.vscode\extensions\redhat.java-1.56.0-win32-x64\jre\21.0.12.1-win32-x86_64\bin\management.dll
0x00007ffe3dcc0000 - 0x00007ffe3dccc000 	C:\Users\Angelina Thennessa\.vscode\extensions\redhat.java-1.56.0-win32-x64\jre\21.0.12.1-win32-x86_64\bin\management_ext.dll
0x00007ffe5b630000 - 0x00007ffe5b638000 	C:\Windows\System32\PSAPI.DLL
0x00007ffe58bc0000 - 0x00007ffe58bf3000 	C:\Windows\SYSTEM32\IPHLPAPI.DLL
0x00007ffe5c750000 - 0x00007ffe5c75a000 	C:\Windows\System32\NSI.dll
0x00007ffe43920000 - 0x00007ffe43929000 	C:\Users\Angelina Thennessa\.vscode\extensions\redhat.java-1.56.0-win32-x64\jre\21.0.12.1-win32-x86_64\bin\extnet.dll
0x00007ffe59a00000 - 0x00007ffe59a1b000 	C:\Windows\SYSTEM32\CRYPTSP.dll
0x00007ffe590c0000 - 0x00007ffe590f9000 	C:\Windows\system32\rsaenh.dll
0x00007ffe597c0000 - 0x00007ffe597f2000 	C:\Windows\SYSTEM32\USERENV.dll
0x00007ffe5a360000 - 0x00007ffe5a38a000 	C:\Windows\SYSTEM32\bcrypt.dll
0x00007ffe59a20000 - 0x00007ffe59a2c000 	C:\Windows\SYSTEM32\CRYPTBASE.dll
0x00007ffe43930000 - 0x00007ffe4393e000 	C:\Users\Angelina Thennessa\.vscode\extensions\redhat.java-1.56.0-win32-x64\jre\21.0.12.1-win32-x86_64\bin\sunmscapi.dll
0x00007ffe5ab30000 - 0x00007ffe5acae000 	C:\Windows\System32\CRYPT32.dll
0x00007ffe59c40000 - 0x00007ffe59c70000 	C:\Windows\SYSTEM32\ncrypt.dll
0x00007ffe59bf0000 - 0x00007ffe59c2f000 	C:\Windows\SYSTEM32\NTASN1.dll
0x00007ffe12720000 - 0x00007ffe12728000 	C:\Windows\system32\wshunix.dll

JVMTI agents:
C:\Users\Angelina Thennessa\.gradle\wrapper\dists\gradle-9.3.1-all\9ot9r568e8zfvvd4mn8rbu1j0\gradle-9.3.1\lib\agents\gradle-instrumentation-agent-9.3.1.jar path:C:\Users\Angelina Thennessa\.vscode\extensions\redhat.java-1.56.0-win32-x64\jre\21.0.12.1-win32-x86_64\bin\instrument.dll, loaded, initialized, instrumentlib options:none

dbghelp: loaded successfully - version: 4.0.5 - missing functions: none
symbol engine: initialized successfully - sym options: 0x614 - pdb path: .;C:\Users\Angelina Thennessa\.vscode\extensions\redhat.java-1.56.0-win32-x64\jre\21.0.12.1-win32-x86_64\bin;C:\Windows\SYSTEM32;C:\Windows\WinSxS\amd64_microsoft.windows.common-controls_6595b64144ccf1df_6.0.26100.8972_none_3e0da176e32f9d4b;C:\Users\Angelina Thennessa\.vscode\extensions\redhat.java-1.56.0-win32-x64\jre\21.0.12.1-win32-x86_64\bin\server;C:\Users\Angelina Thennessa\.gradle\native\660c5614fbf4a5f2a75b1949f50a0caf5cd603558e7d8a26e50b933a0cfb79d1\windows-amd64;C:\Users\Angelina Thennessa\.gradle\native\0.2.8\x86_64-windows-gnu

VM Arguments:
jvm_args: --add-opens=java.base/java.lang=ALL-UNNAMED --add-opens=java.base/java.lang.invoke=ALL-UNNAMED --add-opens=java.base/java.util=ALL-UNNAMED --add-opens=java.prefs/java.util.prefs=ALL-UNNAMED --add-exports=jdk.compiler/com.sun.tools.javac.api=ALL-UNNAMED --add-exports=jdk.compiler/com.sun.tools.javac.util=ALL-UNNAMED --add-opens=java.base/java.util=ALL-UNNAMED --add-opens=java.prefs/java.util.prefs=ALL-UNNAMED --add-opens=java.base/java.nio.charset=ALL-UNNAMED --add-opens=java.base/java.net=ALL-UNNAMED --add-opens=java.base/java.util.concurrent=ALL-UNNAMED --add-opens=java.base/java.util.concurrent.atomic=ALL-UNNAMED --add-opens=java.xml/javax.xml.namespace=ALL-UNNAMED --add-opens=java.base/java.time=ALL-UNNAMED -XX:MaxMetaspaceSize=4G -XX:ReservedCodeCacheSize=512m -XX:+HeapDumpOnOutOfMemoryError -Xmx8G -Dfile.encoding=UTF-8 -Duser.country=US -Duser.language=en -Duser.variant -javaagent:C:\Users\Angelina Thennessa\.gradle\wrapper\dists\gradle-9.3.1-all\9ot9r568e8zfvvd4mn8rbu1j0\gradle-9.3.1\lib\agents\gradle-instrumentation-agent-9.3.1.jar 
java_command: org.gradle.launcher.daemon.bootstrap.GradleDaemon 9.3.1
java_class_path (initial): C:\Users\Angelina Thennessa\.gradle\wrapper\dists\gradle-9.3.1-all\9ot9r568e8zfvvd4mn8rbu1j0\gradle-9.3.1\lib\gradle-daemon-main-9.3.1.jar
Launcher Type: SUN_STANDARD

[Global flags]
     intx CICompilerCount                          = 4                                         {product} {ergonomic}
     uint ConcGCThreads                            = 3                                         {product} {ergonomic}
     uint G1ConcRefinementThreads                  = 10                                        {product} {ergonomic}
   size_t G1HeapRegionSize                         = 4194304                                   {product} {ergonomic}
    uintx GCDrainStackTargetSize                   = 64                                        {product} {ergonomic}
     bool HeapDumpOnOutOfMemoryError               = true                                   {manageable} {command line}
   size_t InitialHeapSize                          = 264241152                                 {product} {ergonomic}
   size_t MarkStackSize                            = 4194304                                   {product} {ergonomic}
   size_t MaxHeapSize                              = 8589934592                                {product} {command line}
   size_t MaxMetaspaceSize                         = 4294967296                                {product} {command line}
   size_t MaxNewSize                               = 5150605312                                {product} {ergonomic}
   size_t MinHeapDeltaBytes                        = 4194304                                   {product} {ergonomic}
   size_t MinHeapSize                              = 8388608                                   {product} {ergonomic}
    uintx NonNMethodCodeHeapSize                   = 5839372                                {pd product} {ergonomic}
    uintx NonProfiledCodeHeapSize                  = 265515770                              {pd product} {ergonomic}
    uintx ProfiledCodeHeapSize                     = 265515770                              {pd product} {ergonomic}
    uintx ReservedCodeCacheSize                    = 536870912                              {pd product} {command line}
     bool SegmentedCodeCache                       = true                                      {product} {ergonomic}
   size_t SoftMaxHeapSize                          = 8589934592                             {manageable} {ergonomic}
     bool UseCompressedOops                        = true                           {product lp64_product} {ergonomic}
     bool UseG1GC                                  = true                                      {product} {ergonomic}
     bool UseLargePagesIndividualAllocation        = false                                  {pd product} {ergonomic}

Logging:
Log output configuration:
 #0: stdout all=warning uptime,level,tags foldmultilines=false
 #1: stderr all=off uptime,level,tags foldmultilines=false

Release file:
JAVA_VERSION="21.0.12.1" 
MODULES="java.base java.compiler java.datatransfer java.xml java.prefs java.desktop java.instrument java.logging java.management java.security.sasl java.naming java.rmi java.management.rmi java.net.http java.scripting java.security.jgss java.transaction.xa java.sql java.sql.rowset java.xml.crypto java.se java.smartcardio jdk.accessibility jdk.internal.jvmstat jdk.attach jdk.charsets jdk.internal.opt jdk.zipfs jdk.compiler jdk.crypto.ec jdk.crypto.cryptoki jdk.crypto.mscapi jdk.dynalink jdk.internal.ed jdk.editpad jdk.hotspot.agent jdk.httpserver jdk.internal.le jdk.internal.vm.ci jdk.internal.vm.compiler jdk.internal.vm.compiler.management jdk.jartool jdk.javadoc jdk.jcmd jdk.management jdk.management.agent jdk.jconsole jdk.jdeps jdk.jdwp.agent jdk.jdi jdk.jfr jdk.jshell jdk.jsobject jdk.jstatd jdk.localedata jdk.management.jfr jdk.naming.dns jdk.naming.rmi jdk.net jdk.nio.mapmode jdk.random jdk.sctp jdk.security.auth jdk.security.jgss jdk.unsupported jdk.unsupported.desktop jdk.xml.dom" 

Environment Variables:
PATH=C:\laragon\bin\composer;C:\laragon\bin\git\bin;C:\laragon\bin\git\cmd;C:\laragon\bin\git\mingw64\bin;C:\laragon\bin\git\usr\bin;C:\laragon\bin\mysql\mysql-8.4.3-winx64\bin;C:\laragon\bin\ngrok;C:\laragon\bin\nodejs\node-v22;C:\laragon\bin\php\php-8.3.30-Win32-vs16-x64;C:\laragon\bin\python\python-3.13;C:\laragon\bin\python\python-3.13\Scripts;C:\laragon\usr\bin;C:\Users\Angelina Thennessa\AppData\Local\Yarn\config\global\node_modules\.bin;C:\Users\Angelina Thennessa\AppData\Roaming\Composer\vendor\bin;C:\Users\Angelina Thennessa\AppData\Roaming\npm;C:\Users\Angelina Thennessa\.local\bin;C:\Users\Angelina Thennessa\.config\herd-lite\bin;C:\Users\Angelina Thennessa\AppData\Local\Microsoft\WindowsApps;C:\Users\Angelina Thennessa\AppData\Local\Programs\Microsoft VS Code\bin;D:\CollageStuff\Semester 5\MobileProgramming\flutter\bin;C:\Program Files\Git\cmd;C:\Windows\System32;C:\Android\Sdk;C:\laragon\bin\composer;C:\laragon\bin\git\bin;C:\laragon\bin\git\cmd;C:\laragon\bin\git\mingw64\bin;C:\laragon\bin\git\usr\bin;C:\laragon\bin\mysql\mysql-8.4.3-winx64\bin;C:\laragon\bin\ngrok;C:\laragon\bin\nodejs\node-v22;C:\laragon\bin\php\php-8.3.30-Win32-vs16-x64;C:\laragon\bin\python\python-3.13;C:\laragon\bin\python\python-3.13\Scripts;C:\laragon\usr\bin;C:\Users\Angelina Thennessa\AppData\Local\Yarn\config\global\node_modules\.bin;C:\Users\Angelina Thennessa\AppData\Roaming\Composer\vendor\bin;C:\Users\Angelina Thennessa\AppData\Roaming\npm;C:\Users\Angelina Thennessa\.local\bin;C:\Users\Angelina Thennessa\.config\herd-lite\bin;C:\Users\Angelina Thennessa\AppData\Local\Microsoft\WindowsApps;C:\Users\Angelina Thennessa\AppData\Local\Programs\Microsoft VS Code\bin;C:\src\flutter\bin;
USERNAME=Angelina Thennessa
OS=Windows_NT
PROCESSOR_IDENTIFIER=Intel64 Family 6 Model 186 Stepping 2, GenuineIntel
TMP=C:\Users\ANGELI~1\AppData\Local\Temp
TEMP=C:\Users\ANGELI~1\AppData\Local\Temp




Periodic native trim disabled

---------------  S Y S T E M  ---------------

OS:
 Windows 11 , 64 bit Build 26100 (10.0.26100.9168)
OS uptime: 0 days 22:56 hours
Hyper-V role detected

CPU: total 12 (initial active 12) (6 cores per cpu, 2 threads per core) family 6 model 186 stepping 2 microcode 0x5105, cx8, cmov, fxsr, ht, mmx, 3dnowpref, sse, sse2, sse3, ssse3, sse4.1, sse4.2, popcnt, lzcnt, tsc, tscinvbit, avx, avx2, aes, erms, clmul, bmi1, bmi2, adx, sha, fma, vzeroupper, clflush, clflushopt, clwb, hv, serialize, rdtscp, rdpid, fsrm, f16c, cet_ibt, cet_ss
Processor Information for processor 0
  Max Mhz: 2100, Current Mhz: 1453, Mhz Limit: 2100
Processor Information for processor 1
  Max Mhz: 2100, Current Mhz: 1453, Mhz Limit: 2100
Processor Information for processor 2
  Max Mhz: 2100, Current Mhz: 1453, Mhz Limit: 2100
Processor Information for processor 3
  Max Mhz: 2100, Current Mhz: 1453, Mhz Limit: 2100
Processor Information for processor 4
  Max Mhz: 2100, Current Mhz: 1453, Mhz Limit: 2100
Processor Information for processor 5
  Max Mhz: 2100, Current Mhz: 1453, Mhz Limit: 2100
Processor Information for processor 6
  Max Mhz: 2100, Current Mhz: 1453, Mhz Limit: 2100
Processor Information for processor 7
  Max Mhz: 2100, Current Mhz: 1453, Mhz Limit: 2100
Processor Information for processor 8
  Max Mhz: 2100, Current Mhz: 1500, Mhz Limit: 1491
Processor Information for processor 9
  Max Mhz: 2100, Current Mhz: 1500, Mhz Limit: 1491
Processor Information for processor 10
  Max Mhz: 2100, Current Mhz: 1500, Mhz Limit: 1491
Processor Information for processor 11
  Max Mhz: 2100, Current Mhz: 1500, Mhz Limit: 1491

Memory: 4k page, system-wide physical 16046M (354M free)
TotalPageFile size 41497M (AvailPageFile size 64M)
current process WorkingSet (physical memory assigned to process): 183M, peak: 258M
current process commit charge ("private bytes"): 367M, peak: 417M

vm_info: OpenJDK 64-Bit Server VM (21.0.12.1+1-LTS) for windows-amd64 JRE (21.0.12.1+1-LTS), built on 2026-08-18T00:00:00Z by "admin" with MS VC++ 17.12 (VS2022)

END.
