#
# There is insufficient memory for the Java Runtime Environment to continue.
# Native memory allocation (malloc) failed to allocate 1127536 bytes. Error detail: Chunk::new
# Possible reasons:
#   The system is out of physical RAM or swap space
#   This process is running with CompressedOops enabled, and the Java Heap may be blocking the growth of the native heap
# Possible solutions:
#   Reduce memory load on the system
#   Increase physical memory or swap space
#   Check if swap backing store is full
#   Decrease Java heap size (-Xmx/-Xms)
#   Decrease number of Java threads
#   Decrease Java thread stack sizes (-Xss)
#   Set larger code cache with -XX:ReservedCodeCacheSize=
#   JVM is running with Unscaled Compressed Oops mode in which the Java heap is
#     placed in the first 4GB address space. The Java Heap base address is the
#     maximum limit for the native heap growth. Please use -XX:HeapBaseMinAddress
#     to set the Java Heap base and to place the Java Heap above 4GB virtual address.
# This output file may be truncated or incomplete.
#
#  Out of Memory Error (arena.cpp:168), pid=23104, tid=46480
#
# JRE version: OpenJDK Runtime Environment Temurin-21.0.12.1+1 (21.0.12.1+1) (build 21.0.12.1+1-LTS)
# Java VM: OpenJDK 64-Bit Server VM Temurin-21.0.12.1+1 (21.0.12.1+1-LTS, mixed mode, sharing, tiered, compressed oops, compressed class ptrs, g1 gc, windows-amd64)
# No core dump will be written. Minidumps are not enabled by default on client versions of Windows
#

---------------  S U M M A R Y ------------

Command Line: --add-opens=java.base/java.util=ALL-UNNAMED --add-opens=java.base/java.lang=ALL-UNNAMED --add-opens=java.base/java.lang.invoke=ALL-UNNAMED --add-opens=java.prefs/java.util.prefs=ALL-UNNAMED --add-exports=jdk.compiler/com.sun.tools.javac.api=ALL-UNNAMED --add-exports=jdk.compiler/com.sun.tools.javac.util=ALL-UNNAMED --add-opens=java.base/java.nio.charset=ALL-UNNAMED --add-opens=java.base/java.net=ALL-UNNAMED --add-opens=java.base/java.util.concurrent.atomic=ALL-UNNAMED -XX:MaxMetaspaceSize=384m -XX:+HeapDumpOnOutOfMemoryError -Xms256m -Xmx512m -Dfile.encoding=utf8 -Duser.country=US -Duser.language=en -Duser.variant -javaagent:C:\Users\Angelina Thennessa\.gradle\wrapper\dists\gradle-8.9-bin\90cnw93cvbtalezasaz0blq0a\gradle-8.9\lib\agents\gradle-instrumentation-agent-8.9.jar org.gradle.launcher.daemon.bootstrap.GradleDaemon 8.9

Host: 13th Gen Intel(R) Core(TM) i5-13420H, 12 cores, 15G,  Windows 11 , 64 bit Build 26100 (10.0.26100.9168)
Time: Sat Sep  5 14:02:37 2026 SE Asia Standard Time elapsed time: 968.069112 seconds (0d 0h 16m 8s)

---------------  T H R E A D  ---------------

Current thread (0x00000234f8b266f0):  JavaThread "C2 CompilerThread0" daemon [_thread_in_native, id=46480, stack(0x000000842d800000,0x000000842d900000) (1024K)]


Current CompileTask:
C2:968070 6538       4       java.lang.invoke.MethodType::makeImpl (109 bytes)

Stack: [0x000000842d800000,0x000000842d900000]
Native frames: (J=compiled Java code, j=interpreted, Vv=VM code, C=native code)
V  [jvm.dll+0x6d83e9]
V  [jvm.dll+0x8b5736]
V  [jvm.dll+0x8b7cee]
V  [jvm.dll+0x8b83d3]
V  [jvm.dll+0x284596]
V  [jvm.dll+0xc685d]
V  [jvm.dll+0xc6da1]
V  [jvm.dll+0x3bf151]
V  [jvm.dll+0x1e3f42]
V  [jvm.dll+0x24c853]
V  [jvm.dll+0x24bce0]
V  [jvm.dll+0x1cb4ae]
V  [jvm.dll+0x25baad]
V  [jvm.dll+0x25a03a]
V  [jvm.dll+0x3f8aae]
V  [jvm.dll+0x8600cd]
V  [jvm.dll+0x6d6c1d]
C  [ucrtbase.dll+0x2cd30]
C  [KERNEL32.DLL+0x2ccb7]
C  [ntdll.dll+0xaad6c]


---------------  P R O C E S S  ---------------

Threads class SMR info:
_java_thread_list=0x00000234fede9860, length=55, elements={
0x00000234f1e2df20, 0x00000234f8b0c720, 0x00000234f8b0dcf0, 0x00000234f8b133a0,
0x00000234f8b175a0, 0x00000234f8b17c30, 0x00000234f8b161f0, 0x00000234f8b266f0,
0x00000234f8b27d00, 0x00000234f8b16f10, 0x00000234f8b182c0, 0x00000234f8b16880,
0x00000234f8b18950, 0x00000234f8b18fe0, 0x00000234fe1fc350, 0x00000234fe1fafa0,
0x00000234fe1fb630, 0x00000234fe1fc9e0, 0x00000234fe1fa280, 0x00000234fe1fbcc0,
0x00000234fe1f9560, 0x00000234fe1fd070, 0x00000234fe1f9bf0, 0x00000234fe1fdd90,
0x00000234fe1ffe60, 0x00000234fe1fe420, 0x00000234fe1ff140, 0x00000234fe1ff7d0,
0x00000234fe200b80, 0x00000234fe2004f0, 0x00000234fe1feab0, 0x00000234ff80fde0,
0x00000234ff80e3a0, 0x00000234ff80f0c0, 0x00000234ff812540, 0x00000234ff80f750,
0x00000234ff812bd0, 0x00000234ff8138f0, 0x00000234ff815330, 0x00000234ff813f80,
0x00000234ff814ca0, 0x00000234ff814610, 0x00000234ff8159c0, 0x00000234ff813260,
0x00000234fe1fd700, 0x00000234a4d98e60, 0x00000234a4d98140, 0x00000234a4d994f0,
0x00000234a4d97420, 0x00000234a4d96070, 0x00000234a4d987d0, 0x00000234a4d96700,
0x00000234a4d96d90, 0x00000234a4d97ab0, 0x00000234a42e0720
}

Java Threads: ( => current thread )
  0x00000234f1e2df20 JavaThread "main"                              [_thread_blocked, id=47152, stack(0x000000842ca00000,0x000000842cb00000) (1024K)]
  0x00000234f8b0c720 JavaThread "Reference Handler"          daemon [_thread_blocked, id=33500, stack(0x000000842d200000,0x000000842d300000) (1024K)]
  0x00000234f8b0dcf0 JavaThread "Finalizer"                  daemon [_thread_blocked, id=25624, stack(0x000000842d300000,0x000000842d400000) (1024K)]
  0x00000234f8b133a0 JavaThread "Signal Dispatcher"          daemon [_thread_blocked, id=49156, stack(0x000000842d400000,0x000000842d500000) (1024K)]
  0x00000234f8b175a0 JavaThread "Attach Listener"            daemon [_thread_blocked, id=53088, stack(0x000000842d500000,0x000000842d600000) (1024K)]
  0x00000234f8b17c30 JavaThread "Service Thread"             daemon [_thread_blocked, id=47968, stack(0x000000842d600000,0x000000842d700000) (1024K)]
  0x00000234f8b161f0 JavaThread "Monitor Deflation Thread"   daemon [_thread_blocked, id=35272, stack(0x000000842d700000,0x000000842d800000) (1024K)]
=>0x00000234f8b266f0 JavaThread "C2 CompilerThread0"         daemon [_thread_in_native, id=46480, stack(0x000000842d800000,0x000000842d900000) (1024K)]
  0x00000234f8b27d00 JavaThread "C1 CompilerThread0"         daemon [_thread_blocked, id=51264, stack(0x000000842d900000,0x000000842da00000) (1024K)]
  0x00000234f8b16f10 JavaThread "Common-Cleaner"             daemon [_thread_blocked, id=15528, stack(0x000000842da00000,0x000000842db00000) (1024K)]
  0x00000234f8b182c0 JavaThread "Notification Thread"        daemon [_thread_blocked, id=26336, stack(0x000000842db00000,0x000000842dc00000) (1024K)]
  0x00000234f8b16880 JavaThread "Daemon health stats"               [_thread_blocked, id=51040, stack(0x000000842c800000,0x000000842c900000) (1024K)]
  0x00000234f8b18950 JavaThread "Incoming local TCP Connector on port 54653"        [_thread_in_native, id=53292, stack(0x000000842c900000,0x000000842ca00000) (1024K)]
  0x00000234f8b18fe0 JavaThread "Daemon periodic checks"            [_thread_blocked, id=46476, stack(0x000000842e100000,0x000000842e200000) (1024K)]
  0x00000234fe1fc350 JavaThread "Daemon"                            [_thread_blocked, id=38372, stack(0x000000842e300000,0x000000842e400000) (1024K)]
  0x00000234fe1fafa0 JavaThread "Handler for socket connection from /127.0.0.1:54653 to /127.0.0.1:54656"        [_thread_in_native, id=27272, stack(0x000000842e400000,0x000000842e500000) (1024K)]
  0x00000234fe1fb630 JavaThread "Cancel handler"                    [_thread_blocked, id=46984, stack(0x000000842e500000,0x000000842e600000) (1024K)]
  0x00000234fe1fc9e0 JavaThread "Daemon worker"                     [_thread_blocked, id=53472, stack(0x000000842e600000,0x000000842e700000) (1024K)]
  0x00000234fe1fa280 JavaThread "Asynchronous log dispatcher for DefaultDaemonConnection: socket connection from /127.0.0.1:54653 to /127.0.0.1:54656"        [_thread_blocked, id=41188, stack(0x000000842e700000,0x000000842e800000) (1024K)]
  0x00000234fe1fbcc0 JavaThread "Stdin handler"                     [_thread_blocked, id=33592, stack(0x000000842e800000,0x000000842e900000) (1024K)]
  0x00000234fe1f9560 JavaThread "Daemon client event forwarder"        [_thread_blocked, id=34588, stack(0x000000842e900000,0x000000842ea00000) (1024K)]
  0x00000234fe1fd070 JavaThread "Cache worker for journal cache (C:\Users\Angelina Thennessa\.gradle\caches\journal-1)"        [_thread_blocked, id=4844, stack(0x000000842ea00000,0x000000842eb00000) (1024K)]
  0x00000234fe1f9bf0 JavaThread "File lock request listener"        [_thread_in_native, id=30804, stack(0x000000842eb00000,0x000000842ec00000) (1024K)]
  0x00000234fe1fdd90 JavaThread "Cache worker for file hash cache (C:\Users\Angelina Thennessa\.gradle\caches\8.9\fileHashes)"        [_thread_blocked, id=44248, stack(0x000000842ed00000,0x000000842ee00000) (1024K)]
  0x00000234fe1ffe60 JavaThread "Cache worker for file hash cache (D:\CollageStuff\Semester 5\MobileProgramming\flutter\packages\flutter_tools\gradle\.gradle\8.9\fileHashes)"        [_thread_blocked, id=26352, stack(0x000000842f200000,0x000000842f300000) (1024K)]
  0x00000234fe1fe420 JavaThread "Cache worker for Build Output Cleanup Cache (D:\CollageStuff\Semester 5\MobileProgramming\flutter\packages\flutter_tools\gradle\.gradle\buildOutputCleanup)"        [_thread_blocked, id=348, stack(0x000000842f300000,0x000000842f400000) (1024K)]
  0x00000234fe1ff140 JavaThread "File watcher server"        daemon [_thread_in_native, id=30072, stack(0x000000842f400000,0x000000842f500000) (1024K)]
  0x00000234fe1ff7d0 JavaThread "File watcher consumer"      daemon [_thread_blocked, id=33708, stack(0x000000842f500000,0x000000842f600000) (1024K)]
  0x00000234fe200b80 JavaThread "Cache worker for checksums cache (D:\CollageStuff\Semester 5\MobileProgramming\flutter\packages\flutter_tools\gradle\.gradle\8.9\checksums)"        [_thread_blocked, id=41284, stack(0x000000842f600000,0x000000842f700000) (1024K)]
  0x00000234fe2004f0 JavaThread "Cache worker for file content cache (C:\Users\Angelina Thennessa\.gradle\caches\8.9\fileContent)"        [_thread_blocked, id=43544, stack(0x000000842f700000,0x000000842f800000) (1024K)]
  0x00000234fe1feab0 JavaThread "Cache worker for cache directory md-rule (C:\Users\Angelina Thennessa\.gradle\caches\8.9\md-rule)"        [_thread_blocked, id=28584, stack(0x000000842f800000,0x000000842f900000) (1024K)]
  0x00000234ff80fde0 JavaThread "Cache worker for cache directory md-supplier (C:\Users\Angelina Thennessa\.gradle\caches\8.9\md-supplier)"        [_thread_blocked, id=44352, stack(0x000000842f900000,0x000000842fa00000) (1024K)]
  0x00000234ff80e3a0 JavaThread "File lock release action executor Thread 4"        [_thread_blocked, id=36704, stack(0x000000842ec00000,0x000000842ed00000) (1024K)]
  0x00000234ff80f0c0 JavaThread "Unconstrained build operations"        [_thread_blocked, id=53536, stack(0x000000842fa00000,0x000000842fb00000) (1024K)]
  0x00000234ff812540 JavaThread "Unconstrained build operations Thread 2"        [_thread_blocked, id=40448, stack(0x000000842fb00000,0x000000842fc00000) (1024K)]
  0x00000234ff80f750 JavaThread "Unconstrained build operations Thread 3"        [_thread_blocked, id=24052, stack(0x000000842fc00000,0x000000842fd00000) (1024K)]
  0x00000234ff812bd0 JavaThread "Unconstrained build operations Thread 4"        [_thread_blocked, id=49824, stack(0x000000842fd00000,0x000000842fe00000) (1024K)]
  0x00000234ff8138f0 JavaThread "Unconstrained build operations Thread 5"        [_thread_blocked, id=42084, stack(0x000000842fe00000,0x000000842ff00000) (1024K)]
  0x00000234ff815330 JavaThread "Unconstrained build operations Thread 6"        [_thread_blocked, id=43516, stack(0x000000842ff00000,0x0000008430000000) (1024K)]
  0x00000234ff813f80 JavaThread "Unconstrained build operations Thread 7"        [_thread_blocked, id=21376, stack(0x0000008430000000,0x0000008430100000) (1024K)]
  0x00000234ff814ca0 JavaThread "Unconstrained build operations Thread 8"        [_thread_blocked, id=27820, stack(0x0000008430100000,0x0000008430200000) (1024K)]
  0x00000234ff814610 JavaThread "Unconstrained build operations Thread 9"        [_thread_blocked, id=46564, stack(0x0000008430200000,0x0000008430300000) (1024K)]
  0x00000234ff8159c0 JavaThread "Unconstrained build operations Thread 10"        [_thread_blocked, id=28120, stack(0x0000008430300000,0x0000008430400000) (1024K)]
  0x00000234ff813260 JavaThread "Unconstrained build operations Thread 11"        [_thread_blocked, id=25648, stack(0x0000008430400000,0x0000008430500000) (1024K)]
  0x00000234fe1fd700 JavaThread "Unconstrained build operations Thread 12"        [_thread_blocked, id=6900, stack(0x0000008430600000,0x0000008430700000) (1024K)]
  0x00000234a4d98e60 JavaThread "Unconstrained build operations Thread 13"        [_thread_blocked, id=34324, stack(0x0000008430700000,0x0000008430800000) (1024K)]
  0x00000234a4d98140 JavaThread "Unconstrained build operations Thread 14"        [_thread_blocked, id=50672, stack(0x0000008430500000,0x0000008430600000) (1024K)]
  0x00000234a4d994f0 JavaThread "Unconstrained build operations Thread 15"        [_thread_blocked, id=25184, stack(0x0000008430800000,0x0000008430900000) (1024K)]
  0x00000234a4d97420 JavaThread "Unconstrained build operations Thread 16"        [_thread_blocked, id=52028, stack(0x0000008430900000,0x0000008430a00000) (1024K)]
  0x00000234a4d96070 JavaThread "Unconstrained build operations Thread 17"        [_thread_blocked, id=49444, stack(0x0000008430a00000,0x0000008430b00000) (1024K)]
  0x00000234a4d987d0 JavaThread "Unconstrained build operations Thread 18"        [_thread_blocked, id=39624, stack(0x0000008430b00000,0x0000008430c00000) (1024K)]
  0x00000234a4d96700 JavaThread "Unconstrained build operations Thread 19"        [_thread_blocked, id=34844, stack(0x0000008430c00000,0x0000008430d00000) (1024K)]
  0x00000234a4d96d90 JavaThread "Unconstrained build operations Thread 20"        [_thread_blocked, id=38176, stack(0x0000008430d00000,0x0000008430e00000) (1024K)]
  0x00000234a4d97ab0 JavaThread "Unconstrained build operations Thread 21"        [_thread_blocked, id=40504, stack(0x0000008430e00000,0x0000008430f00000) (1024K)]
  0x00000234a42e0720 JavaThread "Unconstrained build operations Thread 22"        [_thread_blocked, id=51292, stack(0x0000008430f00000,0x0000008431000000) (1024K)]
Total: 55

Other Threads:
  0x00000234f8aeb890 VMThread "VM Thread"                           [id=49172, stack(0x000000842d100000,0x000000842d200000) (1024K)]
  0x00000234f8ae0720 WatcherThread "VM Periodic Task Thread"        [id=47672, stack(0x000000842d000000,0x000000842d100000) (1024K)]
  0x00000234f1e5bb10 WorkerThread "GC Thread#0"                     [id=23648, stack(0x000000842cb00000,0x000000842cc00000) (1024K)]
  0x00000234f8e72150 WorkerThread "GC Thread#1"                     [id=42796, stack(0x000000842dc00000,0x000000842dd00000) (1024K)]
  0x00000234fd6f48e0 WorkerThread "GC Thread#2"                     [id=45328, stack(0x000000842dd00000,0x000000842de00000) (1024K)]
  0x00000234fd1d6690 WorkerThread "GC Thread#3"                     [id=48936, stack(0x000000842de00000,0x000000842df00000) (1024K)]
  0x00000234fd797520 WorkerThread "GC Thread#4"                     [id=49596, stack(0x000000842df00000,0x000000842e000000) (1024K)]
  0x00000234fd7978d0 WorkerThread "GC Thread#5"                     [id=47088, stack(0x000000842e000000,0x000000842e100000) (1024K)]
  0x00000234fe5ce3d0 WorkerThread "GC Thread#6"                     [id=45184, stack(0x000000842c700000,0x000000842c800000) (1024K)]
  0x00000234ff5b8530 WorkerThread "GC Thread#7"                     [id=27236, stack(0x000000842e200000,0x000000842e300000) (1024K)]
  0x00000234ff5b6050 WorkerThread "GC Thread#8"                     [id=35244, stack(0x000000842ee00000,0x000000842ef00000) (1024K)]
  0x00000234ff5b6400 WorkerThread "GC Thread#9"                     [id=26316, stack(0x000000842ef00000,0x000000842f000000) (1024K)]
  0x00000234f1e60910 ConcurrentGCThread "G1 Main Marker"            [id=14272, stack(0x000000842cc00000,0x000000842cd00000) (1024K)]
  0x00000234f1e620b0 WorkerThread "G1 Conc#0"                       [id=49164, stack(0x000000842cd00000,0x000000842ce00000) (1024K)]
  0x00000234ff5b6b60 WorkerThread "G1 Conc#1"                       [id=21332, stack(0x000000842f000000,0x000000842f100000) (1024K)]
  0x00000234ff5b67b0 WorkerThread "G1 Conc#2"                       [id=52876, stack(0x000000842f100000,0x000000842f200000) (1024K)]
  0x00000234f89b0a50 ConcurrentGCThread "G1 Refine#0"               [id=44684, stack(0x000000842ce00000,0x000000842cf00000) (1024K)]
  0x00000234f89b1280 ConcurrentGCThread "G1 Service"                [id=46696, stack(0x000000842cf00000,0x000000842d000000) (1024K)]
Total: 18

Threads with active compile tasks:
C2 CompilerThread0  968122 6538       4       java.lang.invoke.MethodType::makeImpl (109 bytes)
Total: 1

VM state: not at safepoint (normal execution)

VM Mutex/Monitor currently owned by a thread: None

Heap address: 0x00000000e0000000, size: 512 MB, Compressed Oops mode: 32-bit

CDS archive(s) mapped at: [0x000002348f000000-0x000002348fba0000-0x000002348fba0000), size 12189696, SharedBaseAddress: 0x000002348f000000, ArchiveRelocationMode: 1.
Compressed class space mapped at: 0x0000023490000000-0x00000234a4000000, reserved size: 335544320
Narrow klass base: 0x000002348f000000, Narrow klass shift: 0, Narrow klass range: 0x100000000

GC Precious Log:
 CardTable entry size: 512
 Card Set container configuration: InlinePtr #cards 5 size 8 Array Of Cards #cards 12 size 40 Howl #buckets 4 coarsen threshold 1843 Howl Bitmap #cards 512 size 80 coarsen threshold 460 Card regions per heap region 1 cards per card region 2048
 CPUs: 12 total, 12 available
 Memory: 16046M
 Large Page Support: Disabled
 NUMA Support: Disabled
 Compressed Oops: Enabled (32-bit)
 Heap Region Size: 1M
 Heap Min Capacity: 256M
 Heap Initial Capacity: 256M
 Heap Max Capacity: 512M
 Pre-touch: Disabled
 Parallel Workers: 10
 Concurrent Workers: 3
 Concurrent Refinement Workers: 10
 Periodic GC: Disabled

Heap:
 garbage-first heap   total 262144K, used 88885K [0x00000000e0000000, 0x0000000100000000)
  region size 1024K, 64 young (65536K), 13 survivors (13312K)
 Metaspace       used 47483K, committed 49024K, reserved 393216K
  class space    used 7003K, committed 7744K, reserved 327680K

Heap Regions: E=young(eden), S=young(survivor), O=old, HS=humongous(starts), HC=humongous(continues), CS=collection set, F=free, TAMS=top-at-mark-start, PB=parsable bottom
|   0|0x00000000e0000000, 0x00000000e0100000, 0x00000000e0100000|100%|HS|  |TAMS 0x00000000e0000000| PB 0x00000000e0000000| Complete 
|   1|0x00000000e0100000, 0x00000000e0200000, 0x00000000e0200000|100%|HC|  |TAMS 0x00000000e0100000| PB 0x00000000e0100000| Complete 
|   2|0x00000000e0200000, 0x00000000e0300000, 0x00000000e0300000|100%|HC|  |TAMS 0x00000000e0200000| PB 0x00000000e0200000| Complete 
|   3|0x00000000e0300000, 0x00000000e0400000, 0x00000000e0400000|100%|HC|  |TAMS 0x00000000e0300000| PB 0x00000000e0300000| Complete 
|   4|0x00000000e0400000, 0x00000000e0500000, 0x00000000e0500000|100%| O|  |TAMS 0x00000000e0400000| PB 0x00000000e0400000| Untracked 
|   5|0x00000000e0500000, 0x00000000e0600000, 0x00000000e0600000|100%| O|  |TAMS 0x00000000e0500000| PB 0x00000000e0500000| Untracked 
|   6|0x00000000e0600000, 0x00000000e0700000, 0x00000000e0700000|100%| O|  |TAMS 0x00000000e0600000| PB 0x00000000e0600000| Untracked 
|   7|0x00000000e0700000, 0x00000000e0800000, 0x00000000e0800000|100%| O|  |TAMS 0x00000000e0700000| PB 0x00000000e0700000| Untracked 
|   8|0x00000000e0800000, 0x00000000e0900000, 0x00000000e0900000|100%| O|  |TAMS 0x00000000e0800000| PB 0x00000000e0800000| Untracked 
|   9|0x00000000e0900000, 0x00000000e0a00000, 0x00000000e0a00000|100%|HS|  |TAMS 0x00000000e0900000| PB 0x00000000e0900000| Complete 
|  10|0x00000000e0a00000, 0x00000000e0b00000, 0x00000000e0b00000|100%| O|  |TAMS 0x00000000e0a00000| PB 0x00000000e0a00000| Untracked 
|  11|0x00000000e0b00000, 0x00000000e0c00000, 0x00000000e0c00000|100%| O|  |TAMS 0x00000000e0b00000| PB 0x00000000e0b00000| Untracked 
|  12|0x00000000e0c00000, 0x00000000e0d00000, 0x00000000e0d00000|100%| O|  |TAMS 0x00000000e0c00000| PB 0x00000000e0c00000| Untracked 
|  13|0x00000000e0d00000, 0x00000000e0e00000, 0x00000000e0e00000|100%| O|  |TAMS 0x00000000e0d00000| PB 0x00000000e0d00000| Untracked 
|  14|0x00000000e0e00000, 0x00000000e0f00000, 0x00000000e0f00000|100%| O|  |TAMS 0x00000000e0e00000| PB 0x00000000e0e00000| Untracked 
|  15|0x00000000e0f00000, 0x00000000e1000000, 0x00000000e1000000|100%| O|  |TAMS 0x00000000e0f00000| PB 0x00000000e0f00000| Untracked 
|  16|0x00000000e1000000, 0x00000000e1100000, 0x00000000e1100000|100%| O|  |TAMS 0x00000000e1000000| PB 0x00000000e1000000| Untracked 
|  17|0x00000000e1100000, 0x00000000e1100000, 0x00000000e1200000|  0%| F|  |TAMS 0x00000000e1100000| PB 0x00000000e1100000| Untracked 
|  18|0x00000000e1200000, 0x00000000e1200000, 0x00000000e1300000|  0%| F|  |TAMS 0x00000000e1200000| PB 0x00000000e1200000| Untracked 
|  19|0x00000000e1300000, 0x00000000e1400000, 0x00000000e1400000|100%| O|  |TAMS 0x00000000e1300000| PB 0x00000000e1300000| Untracked 
|  20|0x00000000e1400000, 0x00000000e1500000, 0x00000000e1500000|100%| O|  |TAMS 0x00000000e1400000| PB 0x00000000e1400000| Untracked 
|  21|0x00000000e1500000, 0x00000000e1600000, 0x00000000e1600000|100%| O|  |TAMS 0x00000000e1500000| PB 0x00000000e1500000| Untracked 
|  22|0x00000000e1600000, 0x00000000e1700000, 0x00000000e1700000|100%| O|  |TAMS 0x00000000e1600000| PB 0x00000000e1600000| Untracked 
|  23|0x00000000e1700000, 0x00000000e1800000, 0x00000000e1800000|100%| O|  |TAMS 0x00000000e1700000| PB 0x00000000e1700000| Untracked 
|  24|0x00000000e1800000, 0x00000000e1900000, 0x00000000e1900000|100%| O|  |TAMS 0x00000000e1800000| PB 0x00000000e1800000| Untracked 
|  25|0x00000000e1900000, 0x00000000e19d2be8, 0x00000000e1a00000| 82%| O|  |TAMS 0x00000000e1900000| PB 0x00000000e1900000| Untracked 
|  26|0x00000000e1a00000, 0x00000000e1a00000, 0x00000000e1b00000|  0%| F|  |TAMS 0x00000000e1a00000| PB 0x00000000e1a00000| Untracked 
|  27|0x00000000e1b00000, 0x00000000e1b00000, 0x00000000e1c00000|  0%| F|  |TAMS 0x00000000e1b00000| PB 0x00000000e1b00000| Untracked 
|  28|0x00000000e1c00000, 0x00000000e1c00000, 0x00000000e1d00000|  0%| F|  |TAMS 0x00000000e1c00000| PB 0x00000000e1c00000| Untracked 
|  29|0x00000000e1d00000, 0x00000000e1d00000, 0x00000000e1e00000|  0%| F|  |TAMS 0x00000000e1d00000| PB 0x00000000e1d00000| Untracked 
|  30|0x00000000e1e00000, 0x00000000e1e00000, 0x00000000e1f00000|  0%| F|  |TAMS 0x00000000e1e00000| PB 0x00000000e1e00000| Untracked 
|  31|0x00000000e1f00000, 0x00000000e1f00000, 0x00000000e2000000|  0%| F|  |TAMS 0x00000000e1f00000| PB 0x00000000e1f00000| Untracked 
|  32|0x00000000e2000000, 0x00000000e2000000, 0x00000000e2100000|  0%| F|  |TAMS 0x00000000e2000000| PB 0x00000000e2000000| Untracked 
|  33|0x00000000e2100000, 0x00000000e2100000, 0x00000000e2200000|  0%| F|  |TAMS 0x00000000e2100000| PB 0x00000000e2100000| Untracked 
|  34|0x00000000e2200000, 0x00000000e2200000, 0x00000000e2300000|  0%| F|  |TAMS 0x00000000e2200000| PB 0x00000000e2200000| Untracked 
|  35|0x00000000e2300000, 0x00000000e2300000, 0x00000000e2400000|  0%| F|  |TAMS 0x00000000e2300000| PB 0x00000000e2300000| Untracked 
|  36|0x00000000e2400000, 0x00000000e2400000, 0x00000000e2500000|  0%| F|  |TAMS 0x00000000e2400000| PB 0x00000000e2400000| Untracked 
|  37|0x00000000e2500000, 0x00000000e2500000, 0x00000000e2600000|  0%| F|  |TAMS 0x00000000e2500000| PB 0x00000000e2500000| Untracked 
|  38|0x00000000e2600000, 0x00000000e2600000, 0x00000000e2700000|  0%| F|  |TAMS 0x00000000e2600000| PB 0x00000000e2600000| Untracked 
|  39|0x00000000e2700000, 0x00000000e2700000, 0x00000000e2800000|  0%| F|  |TAMS 0x00000000e2700000| PB 0x00000000e2700000| Untracked 
|  40|0x00000000e2800000, 0x00000000e2800000, 0x00000000e2900000|  0%| F|  |TAMS 0x00000000e2800000| PB 0x00000000e2800000| Untracked 
|  41|0x00000000e2900000, 0x00000000e2900000, 0x00000000e2a00000|  0%| F|  |TAMS 0x00000000e2900000| PB 0x00000000e2900000| Untracked 
|  42|0x00000000e2a00000, 0x00000000e2a00000, 0x00000000e2b00000|  0%| F|  |TAMS 0x00000000e2a00000| PB 0x00000000e2a00000| Untracked 
|  43|0x00000000e2b00000, 0x00000000e2b00000, 0x00000000e2c00000|  0%| F|  |TAMS 0x00000000e2b00000| PB 0x00000000e2b00000| Untracked 
|  44|0x00000000e2c00000, 0x00000000e2c00000, 0x00000000e2d00000|  0%| F|  |TAMS 0x00000000e2c00000| PB 0x00000000e2c00000| Untracked 
|  45|0x00000000e2d00000, 0x00000000e2d00000, 0x00000000e2e00000|  0%| F|  |TAMS 0x00000000e2d00000| PB 0x00000000e2d00000| Untracked 
|  46|0x00000000e2e00000, 0x00000000e2e00000, 0x00000000e2f00000|  0%| F|  |TAMS 0x00000000e2e00000| PB 0x00000000e2e00000| Untracked 
|  47|0x00000000e2f00000, 0x00000000e2f00000, 0x00000000e3000000|  0%| F|  |TAMS 0x00000000e2f00000| PB 0x00000000e2f00000| Untracked 
|  48|0x00000000e3000000, 0x00000000e3000000, 0x00000000e3100000|  0%| F|  |TAMS 0x00000000e3000000| PB 0x00000000e3000000| Untracked 
|  49|0x00000000e3100000, 0x00000000e3100000, 0x00000000e3200000|  0%| F|  |TAMS 0x00000000e3100000| PB 0x00000000e3100000| Untracked 
|  50|0x00000000e3200000, 0x00000000e3200000, 0x00000000e3300000|  0%| F|  |TAMS 0x00000000e3200000| PB 0x00000000e3200000| Untracked 
|  51|0x00000000e3300000, 0x00000000e3300000, 0x00000000e3400000|  0%| F|  |TAMS 0x00000000e3300000| PB 0x00000000e3300000| Untracked 
|  52|0x00000000e3400000, 0x00000000e3400000, 0x00000000e3500000|  0%| F|  |TAMS 0x00000000e3400000| PB 0x00000000e3400000| Untracked 
|  53|0x00000000e3500000, 0x00000000e3500000, 0x00000000e3600000|  0%| F|  |TAMS 0x00000000e3500000| PB 0x00000000e3500000| Untracked 
|  54|0x00000000e3600000, 0x00000000e3600000, 0x00000000e3700000|  0%| F|  |TAMS 0x00000000e3600000| PB 0x00000000e3600000| Untracked 
|  55|0x00000000e3700000, 0x00000000e3700000, 0x00000000e3800000|  0%| F|  |TAMS 0x00000000e3700000| PB 0x00000000e3700000| Untracked 
|  56|0x00000000e3800000, 0x00000000e3800000, 0x00000000e3900000|  0%| F|  |TAMS 0x00000000e3800000| PB 0x00000000e3800000| Untracked 
|  57|0x00000000e3900000, 0x00000000e3900000, 0x00000000e3a00000|  0%| F|  |TAMS 0x00000000e3900000| PB 0x00000000e3900000| Untracked 
|  58|0x00000000e3a00000, 0x00000000e3a00000, 0x00000000e3b00000|  0%| F|  |TAMS 0x00000000e3a00000| PB 0x00000000e3a00000| Untracked 
|  59|0x00000000e3b00000, 0x00000000e3b00000, 0x00000000e3c00000|  0%| F|  |TAMS 0x00000000e3b00000| PB 0x00000000e3b00000| Untracked 
|  60|0x00000000e3c00000, 0x00000000e3c00000, 0x00000000e3d00000|  0%| F|  |TAMS 0x00000000e3c00000| PB 0x00000000e3c00000| Untracked 
|  61|0x00000000e3d00000, 0x00000000e3d00000, 0x00000000e3e00000|  0%| F|  |TAMS 0x00000000e3d00000| PB 0x00000000e3d00000| Untracked 
|  62|0x00000000e3e00000, 0x00000000e3e00000, 0x00000000e3f00000|  0%| F|  |TAMS 0x00000000e3e00000| PB 0x00000000e3e00000| Untracked 
|  63|0x00000000e3f00000, 0x00000000e3f00000, 0x00000000e4000000|  0%| F|  |TAMS 0x00000000e3f00000| PB 0x00000000e3f00000| Untracked 
|  64|0x00000000e4000000, 0x00000000e4000000, 0x00000000e4100000|  0%| F|  |TAMS 0x00000000e4000000| PB 0x00000000e4000000| Untracked 
|  65|0x00000000e4100000, 0x00000000e4100000, 0x00000000e4200000|  0%| F|  |TAMS 0x00000000e4100000| PB 0x00000000e4100000| Untracked 
|  66|0x00000000e4200000, 0x00000000e4200000, 0x00000000e4300000|  0%| F|  |TAMS 0x00000000e4200000| PB 0x00000000e4200000| Untracked 
|  67|0x00000000e4300000, 0x00000000e4300000, 0x00000000e4400000|  0%| F|  |TAMS 0x00000000e4300000| PB 0x00000000e4300000| Untracked 
|  68|0x00000000e4400000, 0x00000000e4400000, 0x00000000e4500000|  0%| F|  |TAMS 0x00000000e4400000| PB 0x00000000e4400000| Untracked 
|  69|0x00000000e4500000, 0x00000000e4500000, 0x00000000e4600000|  0%| F|  |TAMS 0x00000000e4500000| PB 0x00000000e4500000| Untracked 
|  70|0x00000000e4600000, 0x00000000e4600000, 0x00000000e4700000|  0%| F|  |TAMS 0x00000000e4600000| PB 0x00000000e4600000| Untracked 
|  71|0x00000000e4700000, 0x00000000e4700000, 0x00000000e4800000|  0%| F|  |TAMS 0x00000000e4700000| PB 0x00000000e4700000| Untracked 
|  72|0x00000000e4800000, 0x00000000e4800000, 0x00000000e4900000|  0%| F|  |TAMS 0x00000000e4800000| PB 0x00000000e4800000| Untracked 
|  73|0x00000000e4900000, 0x00000000e4900000, 0x00000000e4a00000|  0%| F|  |TAMS 0x00000000e4900000| PB 0x00000000e4900000| Untracked 
|  74|0x00000000e4a00000, 0x00000000e4a00000, 0x00000000e4b00000|  0%| F|  |TAMS 0x00000000e4a00000| PB 0x00000000e4a00000| Untracked 
|  75|0x00000000e4b00000, 0x00000000e4b00000, 0x00000000e4c00000|  0%| F|  |TAMS 0x00000000e4b00000| PB 0x00000000e4b00000| Untracked 
|  76|0x00000000e4c00000, 0x00000000e4c00000, 0x00000000e4d00000|  0%| F|  |TAMS 0x00000000e4c00000| PB 0x00000000e4c00000| Untracked 
|  77|0x00000000e4d00000, 0x00000000e4d00000, 0x00000000e4e00000|  0%| F|  |TAMS 0x00000000e4d00000| PB 0x00000000e4d00000| Untracked 
|  78|0x00000000e4e00000, 0x00000000e4e00000, 0x00000000e4f00000|  0%| F|  |TAMS 0x00000000e4e00000| PB 0x00000000e4e00000| Untracked 
|  79|0x00000000e4f00000, 0x00000000e4f00000, 0x00000000e5000000|  0%| F|  |TAMS 0x00000000e4f00000| PB 0x00000000e4f00000| Untracked 
|  80|0x00000000e5000000, 0x00000000e5000000, 0x00000000e5100000|  0%| F|  |TAMS 0x00000000e5000000| PB 0x00000000e5000000| Untracked 
|  81|0x00000000e5100000, 0x00000000e5100000, 0x00000000e5200000|  0%| F|  |TAMS 0x00000000e5100000| PB 0x00000000e5100000| Untracked 
|  82|0x00000000e5200000, 0x00000000e5200000, 0x00000000e5300000|  0%| F|  |TAMS 0x00000000e5200000| PB 0x00000000e5200000| Untracked 
|  83|0x00000000e5300000, 0x00000000e5300000, 0x00000000e5400000|  0%| F|  |TAMS 0x00000000e5300000| PB 0x00000000e5300000| Untracked 
|  84|0x00000000e5400000, 0x00000000e5400000, 0x00000000e5500000|  0%| F|  |TAMS 0x00000000e5400000| PB 0x00000000e5400000| Untracked 
|  85|0x00000000e5500000, 0x00000000e5500000, 0x00000000e5600000|  0%| F|  |TAMS 0x00000000e5500000| PB 0x00000000e5500000| Untracked 
|  86|0x00000000e5600000, 0x00000000e5600000, 0x00000000e5700000|  0%| F|  |TAMS 0x00000000e5600000| PB 0x00000000e5600000| Untracked 
|  87|0x00000000e5700000, 0x00000000e5700000, 0x00000000e5800000|  0%| F|  |TAMS 0x00000000e5700000| PB 0x00000000e5700000| Untracked 
|  88|0x00000000e5800000, 0x00000000e5800000, 0x00000000e5900000|  0%| F|  |TAMS 0x00000000e5800000| PB 0x00000000e5800000| Untracked 
|  89|0x00000000e5900000, 0x00000000e5900000, 0x00000000e5a00000|  0%| F|  |TAMS 0x00000000e5900000| PB 0x00000000e5900000| Untracked 
|  90|0x00000000e5a00000, 0x00000000e5afa840, 0x00000000e5b00000| 97%| S|CS|TAMS 0x00000000e5a00000| PB 0x00000000e5a00000| Complete 
|  91|0x00000000e5b00000, 0x00000000e5c00000, 0x00000000e5c00000|100%| S|CS|TAMS 0x00000000e5b00000| PB 0x00000000e5b00000| Complete 
|  92|0x00000000e5c00000, 0x00000000e5d00000, 0x00000000e5d00000|100%| S|CS|TAMS 0x00000000e5c00000| PB 0x00000000e5c00000| Complete 
|  93|0x00000000e5d00000, 0x00000000e5e00000, 0x00000000e5e00000|100%| S|CS|TAMS 0x00000000e5d00000| PB 0x00000000e5d00000| Complete 
|  94|0x00000000e5e00000, 0x00000000e5f00000, 0x00000000e5f00000|100%| S|CS|TAMS 0x00000000e5e00000| PB 0x00000000e5e00000| Complete 
|  95|0x00000000e5f00000, 0x00000000e6000000, 0x00000000e6000000|100%| S|CS|TAMS 0x00000000e5f00000| PB 0x00000000e5f00000| Complete 
|  96|0x00000000e6000000, 0x00000000e6100000, 0x00000000e6100000|100%| S|CS|TAMS 0x00000000e6000000| PB 0x00000000e6000000| Complete 
|  97|0x00000000e6100000, 0x00000000e6200000, 0x00000000e6200000|100%| S|CS|TAMS 0x00000000e6100000| PB 0x00000000e6100000| Complete 
|  98|0x00000000e6200000, 0x00000000e6300000, 0x00000000e6300000|100%| S|CS|TAMS 0x00000000e6200000| PB 0x00000000e6200000| Complete 
|  99|0x00000000e6300000, 0x00000000e6400000, 0x00000000e6400000|100%| S|CS|TAMS 0x00000000e6300000| PB 0x00000000e6300000| Complete 
| 100|0x00000000e6400000, 0x00000000e6500000, 0x00000000e6500000|100%| S|CS|TAMS 0x00000000e6400000| PB 0x00000000e6400000| Complete 
| 101|0x00000000e6500000, 0x00000000e6600000, 0x00000000e6600000|100%| S|CS|TAMS 0x00000000e6500000| PB 0x00000000e6500000| Complete 
| 102|0x00000000e6600000, 0x00000000e6700000, 0x00000000e6700000|100%| S|CS|TAMS 0x00000000e6600000| PB 0x00000000e6600000| Complete 
| 103|0x00000000e6700000, 0x00000000e6700000, 0x00000000e6800000|  0%| F|  |TAMS 0x00000000e6700000| PB 0x00000000e6700000| Untracked 
| 104|0x00000000e6800000, 0x00000000e6800000, 0x00000000e6900000|  0%| F|  |TAMS 0x00000000e6800000| PB 0x00000000e6800000| Untracked 
| 105|0x00000000e6900000, 0x00000000e6900000, 0x00000000e6a00000|  0%| F|  |TAMS 0x00000000e6900000| PB 0x00000000e6900000| Untracked 
| 106|0x00000000e6a00000, 0x00000000e6a00000, 0x00000000e6b00000|  0%| F|  |TAMS 0x00000000e6a00000| PB 0x00000000e6a00000| Untracked 
| 107|0x00000000e6b00000, 0x00000000e6b00000, 0x00000000e6c00000|  0%| F|  |TAMS 0x00000000e6b00000| PB 0x00000000e6b00000| Untracked 
| 108|0x00000000e6c00000, 0x00000000e6c00000, 0x00000000e6d00000|  0%| F|  |TAMS 0x00000000e6c00000| PB 0x00000000e6c00000| Untracked 
| 109|0x00000000e6d00000, 0x00000000e6d00000, 0x00000000e6e00000|  0%| F|  |TAMS 0x00000000e6d00000| PB 0x00000000e6d00000| Untracked 
| 110|0x00000000e6e00000, 0x00000000e6e00000, 0x00000000e6f00000|  0%| F|  |TAMS 0x00000000e6e00000| PB 0x00000000e6e00000| Untracked 
| 111|0x00000000e6f00000, 0x00000000e6f00000, 0x00000000e7000000|  0%| F|  |TAMS 0x00000000e6f00000| PB 0x00000000e6f00000| Untracked 
| 112|0x00000000e7000000, 0x00000000e7000000, 0x00000000e7100000|  0%| F|  |TAMS 0x00000000e7000000| PB 0x00000000e7000000| Untracked 
| 113|0x00000000e7100000, 0x00000000e7100000, 0x00000000e7200000|  0%| F|  |TAMS 0x00000000e7100000| PB 0x00000000e7100000| Untracked 
| 114|0x00000000e7200000, 0x00000000e7200000, 0x00000000e7300000|  0%| F|  |TAMS 0x00000000e7200000| PB 0x00000000e7200000| Untracked 
| 115|0x00000000e7300000, 0x00000000e7300000, 0x00000000e7400000|  0%| F|  |TAMS 0x00000000e7300000| PB 0x00000000e7300000| Untracked 
| 116|0x00000000e7400000, 0x00000000e7400000, 0x00000000e7500000|  0%| F|  |TAMS 0x00000000e7400000| PB 0x00000000e7400000| Untracked 
| 117|0x00000000e7500000, 0x00000000e7500000, 0x00000000e7600000|  0%| F|  |TAMS 0x00000000e7500000| PB 0x00000000e7500000| Untracked 
| 118|0x00000000e7600000, 0x00000000e7600000, 0x00000000e7700000|  0%| F|  |TAMS 0x00000000e7600000| PB 0x00000000e7600000| Untracked 
| 119|0x00000000e7700000, 0x00000000e7700000, 0x00000000e7800000|  0%| F|  |TAMS 0x00000000e7700000| PB 0x00000000e7700000| Untracked 
| 120|0x00000000e7800000, 0x00000000e7800000, 0x00000000e7900000|  0%| F|  |TAMS 0x00000000e7800000| PB 0x00000000e7800000| Untracked 
| 121|0x00000000e7900000, 0x00000000e7900000, 0x00000000e7a00000|  0%| F|  |TAMS 0x00000000e7900000| PB 0x00000000e7900000| Untracked 
| 122|0x00000000e7a00000, 0x00000000e7a00000, 0x00000000e7b00000|  0%| F|  |TAMS 0x00000000e7a00000| PB 0x00000000e7a00000| Untracked 
| 123|0x00000000e7b00000, 0x00000000e7b00000, 0x00000000e7c00000|  0%| F|  |TAMS 0x00000000e7b00000| PB 0x00000000e7b00000| Untracked 
| 124|0x00000000e7c00000, 0x00000000e7c00000, 0x00000000e7d00000|  0%| F|  |TAMS 0x00000000e7c00000| PB 0x00000000e7c00000| Untracked 
| 125|0x00000000e7d00000, 0x00000000e7d00000, 0x00000000e7e00000|  0%| F|  |TAMS 0x00000000e7d00000| PB 0x00000000e7d00000| Untracked 
| 126|0x00000000e7e00000, 0x00000000e7e00000, 0x00000000e7f00000|  0%| F|  |TAMS 0x00000000e7e00000| PB 0x00000000e7e00000| Untracked 
| 127|0x00000000e7f00000, 0x00000000e7f00000, 0x00000000e8000000|  0%| F|  |TAMS 0x00000000e7f00000| PB 0x00000000e7f00000| Untracked 
| 128|0x00000000e8000000, 0x00000000e8000000, 0x00000000e8100000|  0%| F|  |TAMS 0x00000000e8000000| PB 0x00000000e8000000| Untracked 
| 129|0x00000000e8100000, 0x00000000e8100000, 0x00000000e8200000|  0%| F|  |TAMS 0x00000000e8100000| PB 0x00000000e8100000| Untracked 
| 130|0x00000000e8200000, 0x00000000e8200000, 0x00000000e8300000|  0%| F|  |TAMS 0x00000000e8200000| PB 0x00000000e8200000| Untracked 
| 131|0x00000000e8300000, 0x00000000e8300000, 0x00000000e8400000|  0%| F|  |TAMS 0x00000000e8300000| PB 0x00000000e8300000| Untracked 
| 132|0x00000000e8400000, 0x00000000e8400000, 0x00000000e8500000|  0%| F|  |TAMS 0x00000000e8400000| PB 0x00000000e8400000| Untracked 
| 133|0x00000000e8500000, 0x00000000e8500000, 0x00000000e8600000|  0%| F|  |TAMS 0x00000000e8500000| PB 0x00000000e8500000| Untracked 
| 134|0x00000000e8600000, 0x00000000e8600000, 0x00000000e8700000|  0%| F|  |TAMS 0x00000000e8600000| PB 0x00000000e8600000| Untracked 
| 135|0x00000000e8700000, 0x00000000e8700000, 0x00000000e8800000|  0%| F|  |TAMS 0x00000000e8700000| PB 0x00000000e8700000| Untracked 
| 136|0x00000000e8800000, 0x00000000e8800000, 0x00000000e8900000|  0%| F|  |TAMS 0x00000000e8800000| PB 0x00000000e8800000| Untracked 
| 137|0x00000000e8900000, 0x00000000e8900000, 0x00000000e8a00000|  0%| F|  |TAMS 0x00000000e8900000| PB 0x00000000e8900000| Untracked 
| 138|0x00000000e8a00000, 0x00000000e8a00000, 0x00000000e8b00000|  0%| F|  |TAMS 0x00000000e8a00000| PB 0x00000000e8a00000| Untracked 
| 139|0x00000000e8b00000, 0x00000000e8b00000, 0x00000000e8c00000|  0%| F|  |TAMS 0x00000000e8b00000| PB 0x00000000e8b00000| Untracked 
| 140|0x00000000e8c00000, 0x00000000e8c00000, 0x00000000e8d00000|  0%| F|  |TAMS 0x00000000e8c00000| PB 0x00000000e8c00000| Untracked 
| 141|0x00000000e8d00000, 0x00000000e8d00000, 0x00000000e8e00000|  0%| F|  |TAMS 0x00000000e8d00000| PB 0x00000000e8d00000| Untracked 
| 142|0x00000000e8e00000, 0x00000000e8e00000, 0x00000000e8f00000|  0%| F|  |TAMS 0x00000000e8e00000| PB 0x00000000e8e00000| Untracked 
| 143|0x00000000e8f00000, 0x00000000e8f00000, 0x00000000e9000000|  0%| F|  |TAMS 0x00000000e8f00000| PB 0x00000000e8f00000| Untracked 
| 144|0x00000000e9000000, 0x00000000e9000000, 0x00000000e9100000|  0%| F|  |TAMS 0x00000000e9000000| PB 0x00000000e9000000| Untracked 
| 145|0x00000000e9100000, 0x00000000e9100000, 0x00000000e9200000|  0%| F|  |TAMS 0x00000000e9100000| PB 0x00000000e9100000| Untracked 
| 146|0x00000000e9200000, 0x00000000e9200000, 0x00000000e9300000|  0%| F|  |TAMS 0x00000000e9200000| PB 0x00000000e9200000| Untracked 
| 147|0x00000000e9300000, 0x00000000e9300000, 0x00000000e9400000|  0%| F|  |TAMS 0x00000000e9300000| PB 0x00000000e9300000| Untracked 
| 148|0x00000000e9400000, 0x00000000e9400000, 0x00000000e9500000|  0%| F|  |TAMS 0x00000000e9400000| PB 0x00000000e9400000| Untracked 
| 149|0x00000000e9500000, 0x00000000e9500000, 0x00000000e9600000|  0%| F|  |TAMS 0x00000000e9500000| PB 0x00000000e9500000| Untracked 
| 150|0x00000000e9600000, 0x00000000e9600000, 0x00000000e9700000|  0%| F|  |TAMS 0x00000000e9600000| PB 0x00000000e9600000| Untracked 
| 151|0x00000000e9700000, 0x00000000e9700000, 0x00000000e9800000|  0%| F|  |TAMS 0x00000000e9700000| PB 0x00000000e9700000| Untracked 
| 152|0x00000000e9800000, 0x00000000e9800000, 0x00000000e9900000|  0%| F|  |TAMS 0x00000000e9800000| PB 0x00000000e9800000| Untracked 
| 153|0x00000000e9900000, 0x00000000e9900000, 0x00000000e9a00000|  0%| F|  |TAMS 0x00000000e9900000| PB 0x00000000e9900000| Untracked 
| 154|0x00000000e9a00000, 0x00000000e9a00000, 0x00000000e9b00000|  0%| F|  |TAMS 0x00000000e9a00000| PB 0x00000000e9a00000| Untracked 
| 155|0x00000000e9b00000, 0x00000000e9b00000, 0x00000000e9c00000|  0%| F|  |TAMS 0x00000000e9b00000| PB 0x00000000e9b00000| Untracked 
| 156|0x00000000e9c00000, 0x00000000e9c00000, 0x00000000e9d00000|  0%| F|  |TAMS 0x00000000e9c00000| PB 0x00000000e9c00000| Untracked 
| 157|0x00000000e9d00000, 0x00000000e9d00000, 0x00000000e9e00000|  0%| F|  |TAMS 0x00000000e9d00000| PB 0x00000000e9d00000| Untracked 
| 158|0x00000000e9e00000, 0x00000000e9e00000, 0x00000000e9f00000|  0%| F|  |TAMS 0x00000000e9e00000| PB 0x00000000e9e00000| Untracked 
| 159|0x00000000e9f00000, 0x00000000e9f00000, 0x00000000ea000000|  0%| F|  |TAMS 0x00000000e9f00000| PB 0x00000000e9f00000| Untracked 
| 160|0x00000000ea000000, 0x00000000ea000000, 0x00000000ea100000|  0%| F|  |TAMS 0x00000000ea000000| PB 0x00000000ea000000| Untracked 
| 161|0x00000000ea100000, 0x00000000ea100000, 0x00000000ea200000|  0%| F|  |TAMS 0x00000000ea100000| PB 0x00000000ea100000| Untracked 
| 162|0x00000000ea200000, 0x00000000ea200000, 0x00000000ea300000|  0%| F|  |TAMS 0x00000000ea200000| PB 0x00000000ea200000| Untracked 
| 163|0x00000000ea300000, 0x00000000ea300000, 0x00000000ea400000|  0%| F|  |TAMS 0x00000000ea300000| PB 0x00000000ea300000| Untracked 
| 164|0x00000000ea400000, 0x00000000ea400000, 0x00000000ea500000|  0%| F|  |TAMS 0x00000000ea400000| PB 0x00000000ea400000| Untracked 
| 165|0x00000000ea500000, 0x00000000ea500000, 0x00000000ea600000|  0%| F|  |TAMS 0x00000000ea500000| PB 0x00000000ea500000| Untracked 
| 166|0x00000000ea600000, 0x00000000ea600000, 0x00000000ea700000|  0%| F|  |TAMS 0x00000000ea600000| PB 0x00000000ea600000| Untracked 
| 167|0x00000000ea700000, 0x00000000ea700000, 0x00000000ea800000|  0%| F|  |TAMS 0x00000000ea700000| PB 0x00000000ea700000| Untracked 
| 168|0x00000000ea800000, 0x00000000ea800000, 0x00000000ea900000|  0%| F|  |TAMS 0x00000000ea800000| PB 0x00000000ea800000| Untracked 
| 169|0x00000000ea900000, 0x00000000ea900000, 0x00000000eaa00000|  0%| F|  |TAMS 0x00000000ea900000| PB 0x00000000ea900000| Untracked 
| 170|0x00000000eaa00000, 0x00000000eaa00000, 0x00000000eab00000|  0%| F|  |TAMS 0x00000000eaa00000| PB 0x00000000eaa00000| Untracked 
| 171|0x00000000eab00000, 0x00000000eab00000, 0x00000000eac00000|  0%| F|  |TAMS 0x00000000eab00000| PB 0x00000000eab00000| Untracked 
| 172|0x00000000eac00000, 0x00000000eac00000, 0x00000000ead00000|  0%| F|  |TAMS 0x00000000eac00000| PB 0x00000000eac00000| Untracked 
| 173|0x00000000ead00000, 0x00000000ead00000, 0x00000000eae00000|  0%| F|  |TAMS 0x00000000ead00000| PB 0x00000000ead00000| Untracked 
| 174|0x00000000eae00000, 0x00000000eae00000, 0x00000000eaf00000|  0%| F|  |TAMS 0x00000000eae00000| PB 0x00000000eae00000| Untracked 
| 175|0x00000000eaf00000, 0x00000000eaf00000, 0x00000000eb000000|  0%| F|  |TAMS 0x00000000eaf00000| PB 0x00000000eaf00000| Untracked 
| 176|0x00000000eb000000, 0x00000000eb000000, 0x00000000eb100000|  0%| F|  |TAMS 0x00000000eb000000| PB 0x00000000eb000000| Untracked 
| 177|0x00000000eb100000, 0x00000000eb100000, 0x00000000eb200000|  0%| F|  |TAMS 0x00000000eb100000| PB 0x00000000eb100000| Untracked 
| 178|0x00000000eb200000, 0x00000000eb200000, 0x00000000eb300000|  0%| F|  |TAMS 0x00000000eb200000| PB 0x00000000eb200000| Untracked 
| 179|0x00000000eb300000, 0x00000000eb300000, 0x00000000eb400000|  0%| F|  |TAMS 0x00000000eb300000| PB 0x00000000eb300000| Untracked 
| 180|0x00000000eb400000, 0x00000000eb400000, 0x00000000eb500000|  0%| F|  |TAMS 0x00000000eb400000| PB 0x00000000eb400000| Untracked 
| 181|0x00000000eb500000, 0x00000000eb500000, 0x00000000eb600000|  0%| F|  |TAMS 0x00000000eb500000| PB 0x00000000eb500000| Untracked 
| 182|0x00000000eb600000, 0x00000000eb600000, 0x00000000eb700000|  0%| F|  |TAMS 0x00000000eb600000| PB 0x00000000eb600000| Untracked 
| 183|0x00000000eb700000, 0x00000000eb700000, 0x00000000eb800000|  0%| F|  |TAMS 0x00000000eb700000| PB 0x00000000eb700000| Untracked 
| 184|0x00000000eb800000, 0x00000000eb800000, 0x00000000eb900000|  0%| F|  |TAMS 0x00000000eb800000| PB 0x00000000eb800000| Untracked 
| 185|0x00000000eb900000, 0x00000000eb900000, 0x00000000eba00000|  0%| F|  |TAMS 0x00000000eb900000| PB 0x00000000eb900000| Untracked 
| 186|0x00000000eba00000, 0x00000000eba00000, 0x00000000ebb00000|  0%| F|  |TAMS 0x00000000eba00000| PB 0x00000000eba00000| Untracked 
| 187|0x00000000ebb00000, 0x00000000ebb00000, 0x00000000ebc00000|  0%| F|  |TAMS 0x00000000ebb00000| PB 0x00000000ebb00000| Untracked 
| 188|0x00000000ebc00000, 0x00000000ebc00000, 0x00000000ebd00000|  0%| F|  |TAMS 0x00000000ebc00000| PB 0x00000000ebc00000| Untracked 
| 189|0x00000000ebd00000, 0x00000000ebd00000, 0x00000000ebe00000|  0%| F|  |TAMS 0x00000000ebd00000| PB 0x00000000ebd00000| Untracked 
| 190|0x00000000ebe00000, 0x00000000ebe00000, 0x00000000ebf00000|  0%| F|  |TAMS 0x00000000ebe00000| PB 0x00000000ebe00000| Untracked 
| 191|0x00000000ebf00000, 0x00000000ebf00000, 0x00000000ec000000|  0%| F|  |TAMS 0x00000000ebf00000| PB 0x00000000ebf00000| Untracked 
| 192|0x00000000ec000000, 0x00000000ec000000, 0x00000000ec100000|  0%| F|  |TAMS 0x00000000ec000000| PB 0x00000000ec000000| Untracked 
| 193|0x00000000ec100000, 0x00000000ec100000, 0x00000000ec200000|  0%| F|  |TAMS 0x00000000ec100000| PB 0x00000000ec100000| Untracked 
| 194|0x00000000ec200000, 0x00000000ec200000, 0x00000000ec300000|  0%| F|  |TAMS 0x00000000ec200000| PB 0x00000000ec200000| Untracked 
| 195|0x00000000ec300000, 0x00000000ec300000, 0x00000000ec400000|  0%| F|  |TAMS 0x00000000ec300000| PB 0x00000000ec300000| Untracked 
| 196|0x00000000ec400000, 0x00000000ec400000, 0x00000000ec500000|  0%| F|  |TAMS 0x00000000ec400000| PB 0x00000000ec400000| Untracked 
| 197|0x00000000ec500000, 0x00000000ec500000, 0x00000000ec600000|  0%| F|  |TAMS 0x00000000ec500000| PB 0x00000000ec500000| Untracked 
| 198|0x00000000ec600000, 0x00000000ec600000, 0x00000000ec700000|  0%| F|  |TAMS 0x00000000ec600000| PB 0x00000000ec600000| Untracked 
| 199|0x00000000ec700000, 0x00000000ec700000, 0x00000000ec800000|  0%| F|  |TAMS 0x00000000ec700000| PB 0x00000000ec700000| Untracked 
| 200|0x00000000ec800000, 0x00000000ec800000, 0x00000000ec900000|  0%| F|  |TAMS 0x00000000ec800000| PB 0x00000000ec800000| Untracked 
| 201|0x00000000ec900000, 0x00000000ec900000, 0x00000000eca00000|  0%| F|  |TAMS 0x00000000ec900000| PB 0x00000000ec900000| Untracked 
| 202|0x00000000eca00000, 0x00000000eca00000, 0x00000000ecb00000|  0%| F|  |TAMS 0x00000000eca00000| PB 0x00000000eca00000| Untracked 
| 203|0x00000000ecb00000, 0x00000000ecb00000, 0x00000000ecc00000|  0%| F|  |TAMS 0x00000000ecb00000| PB 0x00000000ecb00000| Untracked 
| 204|0x00000000ecc00000, 0x00000000ecc00000, 0x00000000ecd00000|  0%| F|  |TAMS 0x00000000ecc00000| PB 0x00000000ecc00000| Untracked 
| 205|0x00000000ecd00000, 0x00000000ecdd58f0, 0x00000000ece00000| 83%| E|  |TAMS 0x00000000ecd00000| PB 0x00000000ecd00000| Complete 
| 206|0x00000000ece00000, 0x00000000ecf00000, 0x00000000ecf00000|100%| E|CS|TAMS 0x00000000ece00000| PB 0x00000000ece00000| Complete 
| 207|0x00000000ecf00000, 0x00000000ed000000, 0x00000000ed000000|100%| E|CS|TAMS 0x00000000ecf00000| PB 0x00000000ecf00000| Complete 
| 208|0x00000000ed000000, 0x00000000ed100000, 0x00000000ed100000|100%| E|CS|TAMS 0x00000000ed000000| PB 0x00000000ed000000| Complete 
| 209|0x00000000ed100000, 0x00000000ed200000, 0x00000000ed200000|100%| E|CS|TAMS 0x00000000ed100000| PB 0x00000000ed100000| Complete 
| 210|0x00000000ed200000, 0x00000000ed300000, 0x00000000ed300000|100%| E|CS|TAMS 0x00000000ed200000| PB 0x00000000ed200000| Complete 
| 211|0x00000000ed300000, 0x00000000ed400000, 0x00000000ed400000|100%| E|CS|TAMS 0x00000000ed300000| PB 0x00000000ed300000| Complete 
| 212|0x00000000ed400000, 0x00000000ed500000, 0x00000000ed500000|100%| E|CS|TAMS 0x00000000ed400000| PB 0x00000000ed400000| Complete 
| 213|0x00000000ed500000, 0x00000000ed600000, 0x00000000ed600000|100%| E|CS|TAMS 0x00000000ed500000| PB 0x00000000ed500000| Complete 
| 214|0x00000000ed600000, 0x00000000ed700000, 0x00000000ed700000|100%| E|CS|TAMS 0x00000000ed600000| PB 0x00000000ed600000| Complete 
| 215|0x00000000ed700000, 0x00000000ed800000, 0x00000000ed800000|100%| E|CS|TAMS 0x00000000ed700000| PB 0x00000000ed700000| Complete 
| 216|0x00000000ed800000, 0x00000000ed900000, 0x00000000ed900000|100%| E|CS|TAMS 0x00000000ed800000| PB 0x00000000ed800000| Complete 
| 217|0x00000000ed900000, 0x00000000eda00000, 0x00000000eda00000|100%| E|CS|TAMS 0x00000000ed900000| PB 0x00000000ed900000| Complete 
| 218|0x00000000eda00000, 0x00000000edb00000, 0x00000000edb00000|100%| E|CS|TAMS 0x00000000eda00000| PB 0x00000000eda00000| Complete 
| 219|0x00000000edb00000, 0x00000000edc00000, 0x00000000edc00000|100%| E|CS|TAMS 0x00000000edb00000| PB 0x00000000edb00000| Complete 
| 220|0x00000000edc00000, 0x00000000edd00000, 0x00000000edd00000|100%| E|CS|TAMS 0x00000000edc00000| PB 0x00000000edc00000| Complete 
| 221|0x00000000edd00000, 0x00000000ede00000, 0x00000000ede00000|100%| E|CS|TAMS 0x00000000edd00000| PB 0x00000000edd00000| Complete 
| 222|0x00000000ede00000, 0x00000000edf00000, 0x00000000edf00000|100%| E|CS|TAMS 0x00000000ede00000| PB 0x00000000ede00000| Complete 
| 223|0x00000000edf00000, 0x00000000ee000000, 0x00000000ee000000|100%| E|CS|TAMS 0x00000000edf00000| PB 0x00000000edf00000| Complete 
| 224|0x00000000ee000000, 0x00000000ee100000, 0x00000000ee100000|100%| E|CS|TAMS 0x00000000ee000000| PB 0x00000000ee000000| Complete 
| 225|0x00000000ee100000, 0x00000000ee200000, 0x00000000ee200000|100%| E|CS|TAMS 0x00000000ee100000| PB 0x00000000ee100000| Complete 
| 226|0x00000000ee200000, 0x00000000ee300000, 0x00000000ee300000|100%| E|CS|TAMS 0x00000000ee200000| PB 0x00000000ee200000| Complete 
| 227|0x00000000ee300000, 0x00000000ee400000, 0x00000000ee400000|100%| E|CS|TAMS 0x00000000ee300000| PB 0x00000000ee300000| Complete 
| 228|0x00000000ee400000, 0x00000000ee500000, 0x00000000ee500000|100%| E|CS|TAMS 0x00000000ee400000| PB 0x00000000ee400000| Complete 
| 229|0x00000000ee500000, 0x00000000ee600000, 0x00000000ee600000|100%| E|CS|TAMS 0x00000000ee500000| PB 0x00000000ee500000| Complete 
| 230|0x00000000ee600000, 0x00000000ee700000, 0x00000000ee700000|100%| E|CS|TAMS 0x00000000ee600000| PB 0x00000000ee600000| Complete 
| 231|0x00000000ee700000, 0x00000000ee800000, 0x00000000ee800000|100%| E|CS|TAMS 0x00000000ee700000| PB 0x00000000ee700000| Complete 
| 232|0x00000000ee800000, 0x00000000ee900000, 0x00000000ee900000|100%| E|CS|TAMS 0x00000000ee800000| PB 0x00000000ee800000| Complete 
| 233|0x00000000ee900000, 0x00000000eea00000, 0x00000000eea00000|100%| E|CS|TAMS 0x00000000ee900000| PB 0x00000000ee900000| Complete 
| 234|0x00000000eea00000, 0x00000000eeb00000, 0x00000000eeb00000|100%| E|CS|TAMS 0x00000000eea00000| PB 0x00000000eea00000| Complete 
| 235|0x00000000eeb00000, 0x00000000eec00000, 0x00000000eec00000|100%| E|CS|TAMS 0x00000000eeb00000| PB 0x00000000eeb00000| Complete 
| 236|0x00000000eec00000, 0x00000000eed00000, 0x00000000eed00000|100%| E|CS|TAMS 0x00000000eec00000| PB 0x00000000eec00000| Complete 
| 237|0x00000000eed00000, 0x00000000eee00000, 0x00000000eee00000|100%| E|CS|TAMS 0x00000000eed00000| PB 0x00000000eed00000| Complete 
| 238|0x00000000eee00000, 0x00000000eef00000, 0x00000000eef00000|100%| E|CS|TAMS 0x00000000eee00000| PB 0x00000000eee00000| Complete 
| 239|0x00000000eef00000, 0x00000000ef000000, 0x00000000ef000000|100%| E|CS|TAMS 0x00000000eef00000| PB 0x00000000eef00000| Complete 
| 240|0x00000000ef000000, 0x00000000ef100000, 0x00000000ef100000|100%| E|CS|TAMS 0x00000000ef000000| PB 0x00000000ef000000| Complete 
| 241|0x00000000ef100000, 0x00000000ef200000, 0x00000000ef200000|100%| E|CS|TAMS 0x00000000ef100000| PB 0x00000000ef100000| Complete 
| 242|0x00000000ef200000, 0x00000000ef300000, 0x00000000ef300000|100%| E|CS|TAMS 0x00000000ef200000| PB 0x00000000ef200000| Complete 
| 243|0x00000000ef300000, 0x00000000ef400000, 0x00000000ef400000|100%| E|CS|TAMS 0x00000000ef300000| PB 0x00000000ef300000| Complete 
| 244|0x00000000ef400000, 0x00000000ef500000, 0x00000000ef500000|100%| E|CS|TAMS 0x00000000ef400000| PB 0x00000000ef400000| Complete 
| 245|0x00000000ef500000, 0x00000000ef600000, 0x00000000ef600000|100%| E|CS|TAMS 0x00000000ef500000| PB 0x00000000ef500000| Complete 
| 246|0x00000000ef600000, 0x00000000ef700000, 0x00000000ef700000|100%| E|CS|TAMS 0x00000000ef600000| PB 0x00000000ef600000| Complete 
| 247|0x00000000ef700000, 0x00000000ef800000, 0x00000000ef800000|100%| E|CS|TAMS 0x00000000ef700000| PB 0x00000000ef700000| Complete 
| 248|0x00000000ef800000, 0x00000000ef900000, 0x00000000ef900000|100%| E|CS|TAMS 0x00000000ef800000| PB 0x00000000ef800000| Complete 
| 249|0x00000000ef900000, 0x00000000efa00000, 0x00000000efa00000|100%| E|CS|TAMS 0x00000000ef900000| PB 0x00000000ef900000| Complete 
| 250|0x00000000efa00000, 0x00000000efb00000, 0x00000000efb00000|100%| E|CS|TAMS 0x00000000efa00000| PB 0x00000000efa00000| Complete 
| 251|0x00000000efb00000, 0x00000000efc00000, 0x00000000efc00000|100%| E|CS|TAMS 0x00000000efb00000| PB 0x00000000efb00000| Complete 
| 252|0x00000000efc00000, 0x00000000efd00000, 0x00000000efd00000|100%| E|CS|TAMS 0x00000000efc00000| PB 0x00000000efc00000| Complete 
| 253|0x00000000efd00000, 0x00000000efe00000, 0x00000000efe00000|100%| E|CS|TAMS 0x00000000efd00000| PB 0x00000000efd00000| Complete 
| 254|0x00000000efe00000, 0x00000000eff00000, 0x00000000eff00000|100%| E|CS|TAMS 0x00000000efe00000| PB 0x00000000efe00000| Complete 
| 255|0x00000000eff00000, 0x00000000f0000000, 0x00000000f0000000|100%| E|CS|TAMS 0x00000000eff00000| PB 0x00000000eff00000| Complete 

Card table byte_map: [0x00000234f5570000,0x00000234f5670000] _byte_map_base: 0x00000234f4e70000

Marking Bits: (CMBitMap*) 0x00000234f1e5c030
 Bits: [0x00000234f5670000, 0x00000234f5e70000)

Polling page: 0x00000234efbd0000

Metaspace:

Usage:
  Non-class:     39.53 MB used.
      Class:      6.84 MB used.
       Both:     46.37 MB used.

Virtual space:
  Non-class space:       64.00 MB reserved,      40.31 MB ( 63%) committed,  1 nodes.
      Class space:      320.00 MB reserved,       7.56 MB (  2%) committed,  1 nodes.
             Both:      384.00 MB reserved,      47.88 MB ( 12%) committed. 

Chunk freelists:
   Non-Class:  7.64 MB
       Class:  8.44 MB
        Both:  16.08 MB

MaxMetaspaceSize: 384.00 MB
CompressedClassSpaceSize: 320.00 MB
Initial GC threshold: 21.00 MB
Current GC threshold: 58.69 MB
CDS: on
 - commit_granule_bytes: 65536.
 - commit_granule_words: 8192.
 - virtual_space_node_default_size: 8388608.
 - enlarge_chunks_in_place: 1.
 - use_allocation_guard: 0.


Internal statistics:

num_allocs_failed_limit: 6.
num_arena_births: 2874.
num_arena_deaths: 0.
num_vsnodes_births: 2.
num_vsnodes_deaths: 0.
num_space_committed: 766.
num_space_uncommitted: 0.
num_chunks_returned_to_freelist: 6.
num_chunks_taken_from_freelist: 5118.
num_chunk_merges: 6.
num_chunk_splits: 3313.
num_chunks_enlarged: 2035.
num_inconsistent_stats: 0.

CodeHeap 'non-profiled nmethods': size=120000Kb used=3756Kb max_used=3756Kb free=116243Kb
 bounds [0x0000023487ad0000, 0x0000023487e80000, 0x000002348f000000]
CodeHeap 'profiled nmethods': size=120000Kb used=11361Kb max_used=11361Kb free=108639Kb
 bounds [0x0000023480000000, 0x0000023480b20000, 0x0000023487530000]
CodeHeap 'non-nmethods': size=5760Kb used=1854Kb max_used=1902Kb free=3905Kb
 bounds [0x0000023487530000, 0x00000234877a0000, 0x0000023487ad0000]
CodeCache: size=245760Kb, used=16971Kb, max_used=17019Kb, free=228787Kb
 total_blobs=6736, nmethods=6010, adapters=630, full_count=0
Compilation: enabled, stopped_count=0, restarted_count=0

Compilation events (20 events):
Event: 966.723 Thread 0x00000234f8b27d00 6547       1       org.gradle.internal.operations.BuildOperationDescriptor::getTotalProgress (5 bytes)
Event: 966.723 Thread 0x00000234f8b27d00 nmethod 6547 0x0000023487e7a710 code [0x0000023487e7a8a0, 0x0000023487e7a968]
Event: 966.723 Thread 0x00000234f8b27d00 6548       1       org.gradle.internal.operations.BuildOperationCategory::isTopLevelWorkItem (5 bytes)
Event: 966.723 Thread 0x00000234f8b27d00 nmethod 6548 0x0000023487e7aa10 code [0x0000023487e7aba0, 0x0000023487e7ac70]
Event: 966.723 Thread 0x00000234f8b27d00 6549       1       org.gradle.internal.operations.BuildOperationDescriptor::getProgressDisplayName (5 bytes)
Event: 966.724 Thread 0x00000234f8b27d00 nmethod 6549 0x0000023487e7ad10 code [0x0000023487e7aea0, 0x0000023487e7af68]
Event: 966.724 Thread 0x00000234f8b27d00 6550       1       org.gradle.internal.operations.BuildOperationState::getDescription (5 bytes)
Event: 966.724 Thread 0x00000234f8b27d00 nmethod 6550 0x0000023487e7b010 code [0x0000023487e7b1a0, 0x0000023487e7b268]
Event: 966.729 Thread 0x00000234f8b27d00 6552       3       java.util.concurrent.atomic.AtomicBoolean::set (14 bytes)
Event: 966.730 Thread 0x00000234f8b27d00 nmethod 6552 0x0000023480b14e10 code [0x0000023480b14fa0, 0x0000023480b15108]
Event: 966.734 Thread 0x00000234f8b27d00 6553       3       org.gradle.internal.operations.DefaultBuildOperationRunner::assertParentRunning (47 bytes)
Event: 966.736 Thread 0x00000234f8b27d00 nmethod 6553 0x0000023480b15190 code [0x0000023480b15440, 0x0000023480b162c8]
Event: 966.736 Thread 0x00000234f8b27d00 6554       3       org.gradle.internal.logging.progress.DefaultProgressLoggerFactory$ProgressLoggerImpl::ensureNotNull (11 bytes)
Event: 966.737 Thread 0x00000234f8b27d00 nmethod 6554 0x0000023480b16790 code [0x0000023480b16940, 0x0000023480b16a98]
Event: 966.737 Thread 0x00000234f8b27d00 6555       3       org.gradle.internal.operations.CurrentBuildOperationRef::set (20 bytes)
Event: 966.737 Thread 0x00000234f8b27d00 nmethod 6555 0x0000023480b16b10 code [0x0000023480b16ce0, 0x0000023480b17058]
Event: 966.737 Thread 0x00000234f8b27d00 6556       3       org.gradle.internal.operations.BuildOperationState::setRunning (9 bytes)
Event: 966.737 Thread 0x00000234f8b27d00 nmethod 6556 0x0000023480b17190 code [0x0000023480b17340, 0x0000023480b17510]
Event: 966.737 Thread 0x00000234f8b27d00 6557       3       org.gradle.internal.operations.logging.LoggingBuildOperationProgressBroadcaster::onOutput (105 bytes)
Event: 966.740 Thread 0x00000234f8b27d00 nmethod 6557 0x0000023480b17610 code [0x0000023480b17840, 0x0000023480b18298]

GC Heap History (12 events):
Event: 1.971 GC heap before
{Heap before GC invocations=0 (full 0):
 garbage-first heap   total 262144K, used 26624K [0x00000000e0000000, 0x0000000100000000)
  region size 1024K, 23 young (23552K), 0 survivors (0K)
 Metaspace       used 1117K, committed 1216K, reserved 393216K
  class space    used 81K, committed 128K, reserved 327680K
}
Event: 2.052 GC heap after
{Heap after GC invocations=1 (full 0):
 garbage-first heap   total 262144K, used 9375K [0x00000000e0000000, 0x0000000100000000)
  region size 1024K, 3 young (3072K), 3 survivors (3072K)
 Metaspace       used 1117K, committed 1216K, reserved 393216K
  class space    used 81K, committed 128K, reserved 327680K
}
Event: 28.250 GC heap before
{Heap before GC invocations=1 (full 0):
 garbage-first heap   total 262144K, used 41119K [0x00000000e0000000, 0x0000000100000000)
  region size 1024K, 34 young (34816K), 3 survivors (3072K)
 Metaspace       used 4300K, committed 4480K, reserved 393216K
  class space    used 541K, committed 640K, reserved 327680K
}
Event: 28.263 GC heap after
{Heap after GC invocations=2 (full 0):
 garbage-first heap   total 262144K, used 11696K [0x00000000e0000000, 0x0000000100000000)
  region size 1024K, 3 young (3072K), 3 survivors (3072K)
 Metaspace       used 4300K, committed 4480K, reserved 393216K
  class space    used 541K, committed 640K, reserved 327680K
}
Event: 86.480 GC heap before
{Heap before GC invocations=2 (full 0):
 garbage-first heap   total 262144K, used 57776K [0x00000000e0000000, 0x0000000100000000)
  region size 1024K, 46 young (47104K), 3 survivors (3072K)
 Metaspace       used 5396K, committed 5632K, reserved 393216K
  class space    used 712K, committed 832K, reserved 327680K
}
Event: 86.491 GC heap after
{Heap after GC invocations=3 (full 0):
 garbage-first heap   total 262144K, used 17187K [0x00000000e0000000, 0x0000000100000000)
  region size 1024K, 6 young (6144K), 6 survivors (6144K)
 Metaspace       used 5396K, committed 5632K, reserved 393216K
  class space    used 712K, committed 832K, reserved 327680K
}
Event: 219.504 GC heap before
{Heap before GC invocations=3 (full 0):
 garbage-first heap   total 262144K, used 108323K [0x00000000e0000000, 0x0000000100000000)
  region size 1024K, 96 young (98304K), 6 survivors (6144K)
 Metaspace       used 20880K, committed 21504K, reserved 393216K
  class space    used 3052K, committed 3328K, reserved 327680K
}
Event: 219.578 GC heap after
{Heap after GC invocations=4 (full 0):
 garbage-first heap   total 262144K, used 24596K [0x00000000e0000000, 0x0000000100000000)
  region size 1024K, 14 young (14336K), 14 survivors (14336K)
 Metaspace       used 20880K, committed 21504K, reserved 393216K
  class space    used 3052K, committed 3328K, reserved 327680K
}
Event: 384.817 GC heap before
{Heap before GC invocations=5 (full 0):
 garbage-first heap   total 262144K, used 135188K [0x00000000e0000000, 0x0000000100000000)
  region size 1024K, 124 young (126976K), 14 survivors (14336K)
 Metaspace       used 34768K, committed 35968K, reserved 393216K
  class space    used 5031K, committed 5632K, reserved 327680K
}
Event: 384.923 GC heap after
{Heap after GC invocations=6 (full 0):
 garbage-first heap   total 262144K, used 32493K [0x00000000e0000000, 0x0000000100000000)
  region size 1024K, 15 young (15360K), 15 survivors (15360K)
 Metaspace       used 34768K, committed 35968K, reserved 393216K
  class space    used 5031K, committed 5632K, reserved 327680K
}
Event: 750.481 GC heap before
{Heap before GC invocations=7 (full 0):
 garbage-first heap   total 262144K, used 174829K [0x00000000e0000000, 0x0000000100000000)
  region size 1024K, 153 young (156672K), 15 survivors (15360K)
 Metaspace       used 46561K, committed 48128K, reserved 393216K
  class space    used 6847K, committed 7616K, reserved 327680K
}
Event: 750.665 GC heap after
{Heap after GC invocations=8 (full 0):
 garbage-first heap   total 262144K, used 37685K [0x00000000e0000000, 0x0000000100000000)
  region size 1024K, 13 young (13312K), 13 survivors (13312K)
 Metaspace       used 46561K, committed 48128K, reserved 393216K
  class space    used 6847K, committed 7616K, reserved 327680K
}

Dll operation events (20 events):
Event: 0.519 Attempting to load shared library C:\Users\Angelina Thennessa\.vscode\extensions\redhat.java-1.56.0-win32-x64\jre\21.0.12.1-win32-x86_64\bin\nio.dll
Event: 0.520 Loaded shared library C:\Users\Angelina Thennessa\.vscode\extensions\redhat.java-1.56.0-win32-x64\jre\21.0.12.1-win32-x86_64\bin\nio.dll
Event: 0.528 Attempting to load shared library C:\Users\Angelina Thennessa\.vscode\extensions\redhat.java-1.56.0-win32-x64\jre\21.0.12.1-win32-x86_64\bin\zip.dll
Event: 0.528 Loaded shared library C:\Users\Angelina Thennessa\.vscode\extensions\redhat.java-1.56.0-win32-x64\jre\21.0.12.1-win32-x86_64\bin\zip.dll
Event: 1.696 Attempting to load shared library C:\Users\Angelina Thennessa\.vscode\extensions\redhat.java-1.56.0-win32-x64\jre\21.0.12.1-win32-x86_64\bin\jimage.dll
Event: 1.696 Loaded shared library C:\Users\Angelina Thennessa\.vscode\extensions\redhat.java-1.56.0-win32-x64\jre\21.0.12.1-win32-x86_64\bin\jimage.dll
Event: 2.109 Attempting to load shared library C:\Users\Angelina Thennessa\.vscode\extensions\redhat.java-1.56.0-win32-x64\jre\21.0.12.1-win32-x86_64\bin\verify.dll
Event: 2.109 Loaded shared library C:\Users\Angelina Thennessa\.vscode\extensions\redhat.java-1.56.0-win32-x64\jre\21.0.12.1-win32-x86_64\bin\verify.dll
Event: 2.414 Attempting to load shared library C:\Users\Angelina Thennessa\.gradle\native\c067742578af261105cb4f569cf0c3c89f3d7b1fecec35dd04571415982c5e48\windows-amd64\native-platform.dll
Event: 2.415 Loaded shared library C:\Users\Angelina Thennessa\.gradle\native\c067742578af261105cb4f569cf0c3c89f3d7b1fecec35dd04571415982c5e48\windows-amd64\native-platform.dll
Event: 2.423 Attempting to load shared library C:\Users\Angelina Thennessa\.gradle\native\100fb08df4bc3b14c8652ba06237920a3bd2aa13389f12d3474272988ae205f9\windows-amd64\native-platform-file-events.dll
Event: 2.425 Loaded shared library C:\Users\Angelina Thennessa\.gradle\native\100fb08df4bc3b14c8652ba06237920a3bd2aa13389f12d3474272988ae205f9\windows-amd64\native-platform-file-events.dll
Event: 95.073 Attempting to load shared library C:\Users\Angelina Thennessa\.vscode\extensions\redhat.java-1.56.0-win32-x64\jre\21.0.12.1-win32-x86_64\bin\management.dll
Event: 95.079 Loaded shared library C:\Users\Angelina Thennessa\.vscode\extensions\redhat.java-1.56.0-win32-x64\jre\21.0.12.1-win32-x86_64\bin\management.dll
Event: 95.194 Attempting to load shared library C:\Users\Angelina Thennessa\.vscode\extensions\redhat.java-1.56.0-win32-x64\jre\21.0.12.1-win32-x86_64\bin\management_ext.dll
Event: 95.269 Loaded shared library C:\Users\Angelina Thennessa\.vscode\extensions\redhat.java-1.56.0-win32-x64\jre\21.0.12.1-win32-x86_64\bin\management_ext.dll
Event: 115.035 Attempting to load shared library C:\Users\Angelina Thennessa\.vscode\extensions\redhat.java-1.56.0-win32-x64\jre\21.0.12.1-win32-x86_64\bin\extnet.dll
Event: 115.091 Loaded shared library C:\Users\Angelina Thennessa\.vscode\extensions\redhat.java-1.56.0-win32-x64\jre\21.0.12.1-win32-x86_64\bin\extnet.dll
Event: 127.756 Attempting to load shared library C:\Users\Angelina Thennessa\.vscode\extensions\redhat.java-1.56.0-win32-x64\jre\21.0.12.1-win32-x86_64\bin\sunmscapi.dll
Event: 127.876 Loaded shared library C:\Users\Angelina Thennessa\.vscode\extensions\redhat.java-1.56.0-win32-x64\jre\21.0.12.1-win32-x86_64\bin\sunmscapi.dll

Deoptimization events (20 events):
Event: 963.305 Thread 0x00000234fe1fc9e0 DEOPT UNPACKING pc=0x0000023487584422 sp=0x000000842e6f41e8 mode 2
Event: 963.305 Thread 0x00000234a4d97420 DEOPT PACKING pc=0x0000023487d17590 sp=0x00000084309fd3e0
Event: 963.305 Thread 0x00000234a4d97420 DEOPT UNPACKING pc=0x0000023487584422 sp=0x00000084309fd378 mode 2
Event: 963.319 Thread 0x00000234a4d98e60 DEOPT UNPACKING pc=0x0000023487584422 sp=0x00000084307fce38 mode 2
Event: 965.075 Thread 0x00000234a42e0720 Uncommon trap: trap_request=0xffffff45 fr.pc=0x0000023487c09fa4 relative=0x0000000000000c24
Event: 965.075 Thread 0x00000234a4d994f0 Uncommon trap: trap_request=0xffffff45 fr.pc=0x0000023487c09fa4 relative=0x0000000000000c24
Event: 965.075 Thread 0x00000234a4d994f0 Uncommon trap: reason=unstable_if action=reinterpret pc=0x0000023487c09fa4 method=java.util.concurrent.ConcurrentHashMap.putVal(Ljava/lang/Object;Ljava/lang/Object;Z)Ljava/lang/Object; @ 97 c2
Event: 965.075 Thread 0x00000234a42e0720 Uncommon trap: reason=unstable_if action=reinterpret pc=0x0000023487c09fa4 method=java.util.concurrent.ConcurrentHashMap.putVal(Ljava/lang/Object;Ljava/lang/Object;Z)Ljava/lang/Object; @ 97 c2
Event: 965.075 Thread 0x00000234a4d994f0 DEOPT PACKING pc=0x0000023487c09fa4 sp=0x00000084308fd300
Event: 965.075 Thread 0x00000234a42e0720 DEOPT PACKING pc=0x0000023487c09fa4 sp=0x0000008430ffd2a0
Event: 965.075 Thread 0x00000234a4d994f0 DEOPT UNPACKING pc=0x0000023487584422 sp=0x00000084308fd288 mode 2
Event: 965.075 Thread 0x00000234a42e0720 DEOPT UNPACKING pc=0x0000023487584422 sp=0x0000008430ffd228 mode 2
Event: 965.493 Thread 0x00000234fe1fd700 Uncommon trap: trap_request=0xffffff45 fr.pc=0x0000023487e422f0 relative=0x00000000000002d0
Event: 965.493 Thread 0x00000234fe1fd700 Uncommon trap: reason=unstable_if action=reinterpret pc=0x0000023487e422f0 method=sun.nio.ch.Util$BufferCache.get(I)Ljava/nio/ByteBuffer; @ 47 c2
Event: 965.493 Thread 0x00000234fe1fd700 DEOPT PACKING pc=0x0000023487e422f0 sp=0x00000084306fd500
Event: 965.493 Thread 0x00000234fe1fd700 DEOPT UNPACKING pc=0x0000023487584422 sp=0x00000084306fd450 mode 2
Event: 965.535 Thread 0x00000234a4d96070 Uncommon trap: trap_request=0xffffff54 fr.pc=0x0000023487c27a30 relative=0x00000000000011d0
Event: 965.535 Thread 0x00000234a4d96070 Uncommon trap: reason=speculate_null_assert action=make_not_entrant pc=0x0000023487c27a30 method=jdk.internal.util.ReferencedKeyMap.existingKey(Ljdk/internal/util/ReferencedKeyMap;Ljava/lang/Object;)Ljava/lang/Object; @ 18 c2
Event: 965.536 Thread 0x00000234a4d96070 DEOPT PACKING pc=0x0000023487c27a30 sp=0x0000008430afd160
Event: 966.570 Thread 0x00000234a4d96070 DEOPT UNPACKING pc=0x0000023487584422 sp=0x0000008430afd040 mode 2

Classes loaded (20 events):
Event: 922.746 Loading class jdk/internal/reflect/UTF8
Event: 922.747 Loading class jdk/internal/reflect/UTF8 done
Event: 922.821 Loading class jdk/internal/reflect/Label
Event: 922.823 Loading class jdk/internal/reflect/Label done
Event: 922.859 Loading class jdk/internal/reflect/Label$PatchInfo
Event: 922.859 Loading class jdk/internal/reflect/Label$PatchInfo done
Event: 922.859 Loading class jdk/internal/reflect/MethodAccessorGenerator$1
Event: 922.860 Loading class jdk/internal/reflect/MethodAccessorGenerator$1 done
Event: 922.860 Loading class jdk/internal/reflect/ClassDefiner
Event: 922.861 Loading class jdk/internal/reflect/ClassDefiner done
Event: 922.915 Loading class jdk/internal/reflect/ClassDefiner$1
Event: 922.916 Loading class jdk/internal/reflect/ClassDefiner$1 done
Event: 923.011 Loading class jdk/internal/reflect/SerializationConstructorAccessorImpl
Event: 923.063 Loading class jdk/internal/reflect/SerializationConstructorAccessorImpl done
Event: 965.456 Loading class java/nio/channels/Channels
Event: 965.482 Loading class java/nio/channels/Channels done
Event: 965.483 Loading class sun/nio/ch/Streams
Event: 965.484 Loading class sun/nio/ch/Streams done
Event: 965.484 Loading class sun/nio/ch/ChannelInputStream
Event: 965.489 Loading class sun/nio/ch/ChannelInputStream done

Classes unloaded (0 events):
No events

Classes redefined (0 events):
No events

Internal exceptions (20 events):
Event: 569.453 Thread 0x00000234fe1fc9e0 Exception <a 'java/lang/NoSuchMethodError'{0x00000000eaac96c8}: 'java.lang.Object java.lang.invoke.DirectMethodHandle$Holder.invokeSpecial(java.lang.Object, java.lang.Object, java.lang.Object, java.lang.Object, java.lang.Object, java.lang.Object, long)'> (0x00000000eaac96c8) 
thrown [s\src\hotspot\share\interpreter\linkResolver.cpp, line 773]
Event: 569.454 Thread 0x00000234fe1fc9e0 Exception <a 'java/lang/NoSuchMethodError'{0x00000000eaacdf58}: 'java.lang.Object java.lang.invoke.Invokers$Holder.linkToTargetMethod(java.lang.Object, java.lang.Object, java.lang.Object, java.lang.Object, long, java.lang.Object)'> (0x00000000eaacdf58) 
thrown [s\src\hotspot\share\interpreter\linkResolver.cpp, line 773]
Event: 569.937 Thread 0x00000234fe1fc9e0 Exception <a 'java/lang/NoSuchMethodError'{0x00000000ea916a38}: 'java.lang.Object java.lang.invoke.DirectMethodHandle$Holder.newInvokeSpecial(java.lang.Object, java.lang.Object, java.lang.Object, long)'> (0x00000000ea916a38) 
thrown [s\src\hotspot\share\interpreter\linkResolver.cpp, line 773]
Event: 569.938 Thread 0x00000234fe1fc9e0 Exception <a 'java/lang/NoSuchMethodError'{0x00000000ea91b820}: 'java.lang.Object java.lang.invoke.DirectMethodHandle$Holder.invokeSpecial(java.lang.Object, java.lang.Object, java.lang.Object, java.lang.Object, long)'> (0x00000000ea91b820) 
thrown [s\src\hotspot\share\interpreter\linkResolver.cpp, line 773]
Event: 569.939 Thread 0x00000234fe1fc9e0 Exception <a 'java/lang/NoSuchMethodError'{0x00000000ea91fc90}: 'java.lang.Object java.lang.invoke.Invokers$Holder.linkToTargetMethod(java.lang.Object, java.lang.Object, long, java.lang.Object)'> (0x00000000ea91fc90) 
thrown [s\src\hotspot\share\interpreter\linkResolver.cpp, line 773]
Event: 574.914 Thread 0x00000234fe1fc9e0 Exception <a 'java/lang/NoSuchMethodError'{0x00000000ea739818}: 'java.lang.Object java.lang.invoke.DirectMethodHandle$Holder.newInvokeSpecial(java.lang.Object, java.lang.Object, java.lang.Object, java.lang.Object, java.lang.Object, java.lang.Object, java.lang.Object, java.lang.Object, java.lang.Object, java.lang.Object, java.lang.Object, java.lang.Object, java.lang.Object, java.lang.Object, java.lang.Object, java.lang.Object, java.lang.Object, java.lang.Object, java.lang.Object, java.lang.Object, java.lang
Event: 575.021 Thread 0x00000234fe1fc9e0 Exception <a 'java/lang/NoSuchMethodError'{0x00000000ea741618}: 'java.lang.Object java.lang.invoke.DirectMethodHandle$Holder.invokeSpecial(java.lang.Object, java.lang.Object, java.lang.Object, java.lang.Object, java.lang.Object, java.lang.Object, java.lang.Object, java.lang.Object, java.lang.Object, java.lang.Object, java.lang.Object, java.lang.Object, java.lang.Object, java.lang.Object, java.lang.Object, java.lang.Object, java.lang.Object, java.lang.Object, java.lang.Object, java.lang.Object, java.lang.Ob
Event: 575.022 Thread 0x00000234fe1fc9e0 Exception <a 'java/lang/NoSuchMethodError'{0x00000000ea747b58}: 'java.lang.Object java.lang.invoke.DelegatingMethodHandle$Holder.reinvoke_L(java.lang.Object, java.lang.Object, java.lang.Object, java.lang.Object, java.lang.Object, java.lang.Object, java.lang.Object, java.lang.Object, java.lang.Object, java.lang.Object, java.lang.Object, java.lang.Object, java.lang.Object, java.lang.Object, java.lang.Object, java.lang.Object, java.lang.Object, java.lang.Object, java.lang.Object, java.lang.Object, java.lang.O
Event: 583.602 Thread 0x00000234fe1fc9e0 Exception <a 'java/lang/NoSuchMethodError'{0x00000000ea144a10}: 'java.lang.Object java.lang.invoke.DirectMethodHandle$Holder.newInvokeSpecial(java.lang.Object, java.lang.Object, int, java.lang.Object)'> (0x00000000ea144a10) 
thrown [s\src\hotspot\share\interpreter\linkResolver.cpp, line 773]
Event: 583.603 Thread 0x00000234fe1fc9e0 Exception <a 'java/lang/NoSuchMethodError'{0x00000000ea1494c0}: 'java.lang.Object java.lang.invoke.DirectMethodHandle$Holder.invokeSpecial(java.lang.Object, java.lang.Object, java.lang.Object, int, java.lang.Object)'> (0x00000000ea1494c0) 
thrown [s\src\hotspot\share\interpreter\linkResolver.cpp, line 773]
Event: 590.644 Thread 0x00000234fe1fc9e0 Exception <a 'java/lang/NoSuchMethodError'{0x00000000e9ebffb0}: 'java.lang.Object java.lang.invoke.DirectMethodHandle$Holder.newInvokeSpecial(java.lang.Object, int, java.lang.Object)'> (0x00000000e9ebffb0) 
thrown [s\src\hotspot\share\interpreter\linkResolver.cpp, line 773]
Event: 601.472 Thread 0x00000234fe1fc9e0 Exception <a 'java/lang/NoSuchMethodError'{0x00000000e974acd0}: 'java.lang.Object java.lang.invoke.DirectMethodHandle$Holder.newInvokeSpecial(java.lang.Object, java.lang.Object, java.lang.Object, int)'> (0x00000000e974acd0) 
thrown [s\src\hotspot\share\interpreter\linkResolver.cpp, line 773]
Event: 601.473 Thread 0x00000234fe1fc9e0 Exception <a 'java/lang/NoSuchMethodError'{0x00000000e974fa60}: 'java.lang.Object java.lang.invoke.DirectMethodHandle$Holder.invokeSpecial(java.lang.Object, java.lang.Object, java.lang.Object, java.lang.Object, int)'> (0x00000000e974fa60) 
thrown [s\src\hotspot\share\interpreter\linkResolver.cpp, line 773]
Event: 601.574 Thread 0x00000234fe1fc9e0 Exception <a 'java/lang/NoSuchMethodError'{0x00000000e9754178}: 'java.lang.Object java.lang.invoke.Invokers$Holder.linkToTargetMethod(java.lang.Object, java.lang.Object, int, java.lang.Object)'> (0x00000000e9754178) 
thrown [s\src\hotspot\share\interpreter\linkResolver.cpp, line 773]
Event: 613.954 Thread 0x00000234fe1fc9e0 Exception <a 'java/lang/NoSuchMethodError'{0x00000000e95ee620}: 'int java.lang.invoke.DirectMethodHandle$Holder.invokeSpecialIFC(java.lang.Object, java.lang.Object, java.lang.Object)'> (0x00000000e95ee620) 
thrown [s\src\hotspot\share\interpreter\linkResolver.cpp, line 773]
Event: 623.285 Thread 0x00000234fe1fc9e0 Exception <a 'java/lang/NoSuchMethodError'{0x00000000e90596b0}: 'java.lang.Object java.lang.invoke.DirectMethodHandle$Holder.invokeSpecial(java.lang.Object, java.lang.Object, java.lang.Object, java.lang.Object, java.lang.Object, long)'> (0x00000000e90596b0) 
thrown [s\src\hotspot\share\interpreter\linkResolver.cpp, line 773]
Event: 623.347 Thread 0x00000234fe1fc9e0 Exception <a 'java/lang/NoSuchMethodError'{0x00000000e907f5a0}: 'void java.lang.invoke.DirectMethodHandle$Holder.invokeStatic(java.lang.Object, java.lang.Object, java.lang.Object, int, java.lang.Object)'> (0x00000000e907f5a0) 
thrown [s\src\hotspot\share\interpreter\linkResolver.cpp, line 773]
Event: 643.810 Thread 0x00000234fe1fc9e0 Exception <a 'java/lang/NoSuchMethodError'{0x00000000e8bd2f18}: 'java.lang.Object java.lang.invoke.DirectMethodHandle$Holder.invokeSpecial(java.lang.Object, java.lang.Object, long, java.lang.Object, java.lang.Object)'> (0x00000000e8bd2f18) 
thrown [s\src\hotspot\share\interpreter\linkResolver.cpp, line 773]
Event: 923.508 Thread 0x00000234fe1fc9e0 Exception <a 'java/lang/NoSuchMethodError'{0x00000000ed97a4d0}: 'java.lang.Object java.lang.invoke.DirectMethodHandle$Holder.newInvokeSpecial(java.lang.Object, java.lang.Object, java.lang.Object, java.lang.Object, int, java.lang.Object)'> (0x00000000ed97a4d0) 
thrown [s\src\hotspot\share\interpreter\linkResolver.cpp, line 773]
Event: 923.570 Thread 0x00000234fe1fc9e0 Exception <a 'java/lang/NoSuchMethodError'{0x00000000ed983340}: 'java.lang.Object java.lang.invoke.Invokers$Holder.linkToTargetMethod(java.lang.Object, java.lang.Object, java.lang.Object, int, java.lang.Object, java.lang.Object)'> (0x00000000ed983340) 
thrown [s\src\hotspot\share\interpreter\linkResolver.cpp, line 773]

ZGC Phase Switch (0 events):
No events

VM Operations (20 events):
Event: 946.217 Executing safepoint VM operation: Cleanup
Event: 946.217 Executing safepoint VM operation: Cleanup done
Event: 953.247 Executing safepoint VM operation: Cleanup
Event: 953.260 Executing safepoint VM operation: Cleanup done
Event: 954.262 Executing safepoint VM operation: Cleanup
Event: 954.279 Executing safepoint VM operation: Cleanup done
Event: 955.281 Executing safepoint VM operation: Cleanup
Event: 955.281 Executing safepoint VM operation: Cleanup done
Event: 960.303 Executing safepoint VM operation: Cleanup
Event: 960.303 Executing safepoint VM operation: Cleanup done
Event: 961.308 Executing safepoint VM operation: Cleanup
Event: 961.308 Executing safepoint VM operation: Cleanup done
Event: 963.331 Executing safepoint VM operation: Cleanup
Event: 964.343 Executing safepoint VM operation: Cleanup done
Event: 965.358 Executing safepoint VM operation: Cleanup
Event: 965.373 Executing safepoint VM operation: Cleanup done
Event: 966.375 Executing safepoint VM operation: Cleanup
Event: 966.581 Executing safepoint VM operation: Cleanup done
Event: 967.592 Executing safepoint VM operation: Cleanup
Event: 967.592 Executing safepoint VM operation: Cleanup done

Memory protections (0 events):
No events

Nmethod flushes (20 events):
Event: 385.029 Thread 0x00000234f8aeb890 flushing  nmethod 0x0000023480405010
Event: 385.029 Thread 0x00000234f8aeb890 flushing  nmethod 0x000002348040b910
Event: 385.029 Thread 0x00000234f8aeb890 flushing  nmethod 0x000002348040bc10
Event: 385.029 Thread 0x00000234f8aeb890 flushing  nmethod 0x0000023487b7f590
Event: 385.029 Thread 0x00000234f8aeb890 flushing  nmethod 0x0000023487b83310
Event: 385.029 Thread 0x00000234f8aeb890 flushing osr nmethod 0x0000023487b85010
Event: 385.030 Thread 0x00000234f8aeb890 flushing  nmethod 0x00000234802fc990
Event: 385.030 Thread 0x00000234f8aeb890 flushing  nmethod 0x00000234802fea10
Event: 385.030 Thread 0x00000234f8aeb890 flushing  nmethod 0x0000023480416a90
Event: 385.030 Thread 0x00000234f8aeb890 flushing  nmethod 0x000002348042b890
Event: 385.030 Thread 0x00000234f8aeb890 flushing  nmethod 0x0000023487b8b190
Event: 385.030 Thread 0x00000234f8aeb890 flushing  nmethod 0x0000023487b90f90
Event: 385.030 Thread 0x00000234f8aeb890 flushing  nmethod 0x0000023487b95f90
Event: 385.030 Thread 0x00000234f8aeb890 flushing  nmethod 0x00000234802e9b90
Event: 385.030 Thread 0x00000234f8aeb890 flushing  nmethod 0x00000234802eb890
Event: 385.030 Thread 0x00000234f8aeb890 flushing  nmethod 0x00000234803b5210
Event: 385.030 Thread 0x00000234f8aeb890 flushing  nmethod 0x00000234803c4610
Event: 385.030 Thread 0x00000234f8aeb890 flushing  nmethod 0x00000234803cfe10
Event: 385.030 Thread 0x00000234f8aeb890 flushing  nmethod 0x00000234803dbc90
Event: 385.030 Thread 0x00000234f8aeb890 flushing  nmethod 0x00000234803e8490

Events (20 events):
Event: 810.815 Thread 0x00000234fe1fc9e0 Thread added: 0x00000234ff80f750
Event: 810.816 Thread 0x00000234fe1fc9e0 Thread added: 0x00000234ff812bd0
Event: 810.817 Thread 0x00000234fe1fc9e0 Thread added: 0x00000234ff8138f0
Event: 810.817 Thread 0x00000234fe1fc9e0 Thread added: 0x00000234ff815330
Event: 810.837 Thread 0x00000234fe1fc9e0 Thread added: 0x00000234ff813f80
Event: 810.838 Thread 0x00000234fe1fc9e0 Thread added: 0x00000234ff814ca0
Event: 810.838 Thread 0x00000234fe1fc9e0 Thread added: 0x00000234ff814610
Event: 810.839 Thread 0x00000234fe1fc9e0 Thread added: 0x00000234ff8159c0
Event: 810.839 Thread 0x00000234fe1fc9e0 Thread added: 0x00000234ff813260
Event: 935.442 Thread 0x00000234fe1fc9e0 Thread added: 0x00000234fe1fd700
Event: 937.866 Thread 0x00000234fe1fc9e0 Thread added: 0x00000234a4d98e60
Event: 940.622 Thread 0x00000234fe1fc9e0 Thread added: 0x00000234a4d98140
Event: 940.771 Thread 0x00000234fe1fc9e0 Thread added: 0x00000234a4d994f0
Event: 940.877 Thread 0x00000234fe1fc9e0 Thread added: 0x00000234a4d97420
Event: 941.122 Thread 0x00000234fe1fc9e0 Thread added: 0x00000234a4d96070
Event: 941.201 Thread 0x00000234fe1fc9e0 Thread added: 0x00000234a4d987d0
Event: 941.258 Thread 0x00000234fe1fc9e0 Thread added: 0x00000234a4d96700
Event: 941.575 Thread 0x00000234fe1fc9e0 Thread added: 0x00000234a4d96d90
Event: 944.915 Thread 0x00000234fe1fc9e0 Thread added: 0x00000234a4d97ab0
Event: 945.054 Thread 0x00000234fe1fc9e0 Thread added: 0x00000234a42e0720


Dynamic libraries:
0x00007ff64eb40000 - 0x00007ff64eb4e000 	C:\Users\Angelina Thennessa\.vscode\extensions\redhat.java-1.56.0-win32-x64\jre\21.0.12.1-win32-x86_64\bin\java.exe
0x00007ffe5d260000 - 0x00007ffe5d4c6000 	C:\Windows\SYSTEM32\ntdll.dll
0x00007ffe5bcd0000 - 0x00007ffe5bd99000 	C:\Windows\System32\KERNEL32.DLL
0x00007ffe5a720000 - 0x00007ffe5ab1f000 	C:\Windows\System32\KERNELBASE.dll
0x00007ffe5ae30000 - 0x00007ffe5af7c000 	C:\Windows\System32\ucrtbase.dll
0x00007ffe442f0000 - 0x00007ffe4430e000 	C:\Users\Angelina Thennessa\.vscode\extensions\redhat.java-1.56.0-win32-x64\jre\21.0.12.1-win32-x86_64\bin\VCRUNTIME140.dll
0x00007ffe43960000 - 0x00007ffe43978000 	C:\Users\Angelina Thennessa\.vscode\extensions\redhat.java-1.56.0-win32-x64\jre\21.0.12.1-win32-x86_64\bin\jli.dll
0x00007ffe5b640000 - 0x00007ffe5b806000 	C:\Windows\System32\USER32.dll
0x00007ffe38b20000 - 0x00007ffe38db1000 	C:\Windows\WinSxS\amd64_microsoft.windows.common-controls_6595b64144ccf1df_6.0.26100.8972_none_3e0da176e32f9d4b\COMCTL32.dll
0x00007ffe5a6f0000 - 0x00007ffe5a717000 	C:\Windows\System32\win32u.dll
0x00007ffe5bc20000 - 0x00007ffe5bcc9000 	C:\Windows\System32\msvcrt.dll
0x00007ffe5ba70000 - 0x00007ffe5ba9b000 	C:\Windows\System32\GDI32.dll
0x00007ffe5a470000 - 0x00007ffe5a599000 	C:\Windows\System32\gdi32full.dll
0x00007ffe5acc0000 - 0x00007ffe5ad63000 	C:\Windows\System32\msvcp_win.dll
0x00007ffe5b530000 - 0x00007ffe5b562000 	C:\Windows\System32\IMM32.DLL
0x00007ffe442e0000 - 0x00007ffe442ec000 	C:\Users\Angelina Thennessa\.vscode\extensions\redhat.java-1.56.0-win32-x64\jre\21.0.12.1-win32-x86_64\bin\vcruntime140_1.dll
0x00007ffe3d620000 - 0x00007ffe3d6ad000 	C:\Users\Angelina Thennessa\.vscode\extensions\redhat.java-1.56.0-win32-x64\jre\21.0.12.1-win32-x86_64\bin\msvcp140.dll
0x00007ffde1940000 - 0x00007ffde26e2000 	C:\Users\Angelina Thennessa\.vscode\extensions\redhat.java-1.56.0-win32-x64\jre\21.0.12.1-win32-x86_64\bin\server\jvm.dll
0x00007ffe5baa0000 - 0x00007ffe5bb5c000 	C:\Windows\System32\ADVAPI32.dll
0x00007ffe5bb70000 - 0x00007ffe5bc1a000 	C:\Windows\System32\sechost.dll
0x00007ffe5bea0000 - 0x00007ffe5bfb8000 	C:\Windows\System32\RPCRT4.dll
0x00007ffe5cd10000 - 0x00007ffe5cd92000 	C:\Windows\System32\WS2_32.dll
0x00007ffe4d570000 - 0x00007ffe4d57b000 	C:\Windows\SYSTEM32\VERSION.dll
0x00007ffe5a2d0000 - 0x00007ffe5a32e000 	C:\Windows\SYSTEM32\POWRPROF.dll
0x00007ffe4e610000 - 0x00007ffe4e646000 	C:\Windows\SYSTEM32\WINMM.dll
0x00007ffe5a2b0000 - 0x00007ffe5a2c5000 	C:\Windows\SYSTEM32\UMPDC.dll
0x00007ffe59160000 - 0x00007ffe5917b000 	C:\Windows\SYSTEM32\kernel.appcore.dll
0x00007ffe438f0000 - 0x00007ffe438fa000 	C:\Users\Angelina Thennessa\.vscode\extensions\redhat.java-1.56.0-win32-x64\jre\21.0.12.1-win32-x86_64\bin\jimage.dll
0x00007ffe57900000 - 0x00007ffe57b42000 	C:\Windows\SYSTEM32\DBGHELP.DLL
0x00007ffe5af90000 - 0x00007ffe5b315000 	C:\Windows\System32\combase.dll
0x00007ffe5b810000 - 0x00007ffe5b8e9000 	C:\Windows\System32\OLEAUT32.dll
0x00007ffe3aee0000 - 0x00007ffe3af1b000 	C:\Windows\SYSTEM32\dbgcore.DLL
0x00007ffe5a630000 - 0x00007ffe5a6dc000 	C:\Windows\System32\bcryptPrimitives.dll
0x00007ffe438e0000 - 0x00007ffe438ef000 	C:\Users\Angelina Thennessa\.vscode\extensions\redhat.java-1.56.0-win32-x64\jre\21.0.12.1-win32-x86_64\bin\instrument.dll
0x00007ffe43940000 - 0x00007ffe43960000 	C:\Users\Angelina Thennessa\.vscode\extensions\redhat.java-1.56.0-win32-x64\jre\21.0.12.1-win32-x86_64\bin\java.dll
0x00007ffe5bfc0000 - 0x00007ffe5c748000 	C:\Windows\System32\SHELL32.dll
0x00007ffe57f20000 - 0x00007ffe587bb000 	C:\Windows\SYSTEM32\windows.storage.dll
0x00007ffe5bda0000 - 0x00007ffe5be99000 	C:\Windows\System32\SHCORE.dll
0x00007ffe5b320000 - 0x00007ffe5b386000 	C:\Windows\System32\shlwapi.dll
0x00007ffe5a390000 - 0x00007ffe5a3b9000 	C:\Windows\SYSTEM32\profapi.dll
0x00007ffe3e0c0000 - 0x00007ffe3e0d8000 	C:\Users\Angelina Thennessa\.vscode\extensions\redhat.java-1.56.0-win32-x64\jre\21.0.12.1-win32-x86_64\bin\zip.dll
0x00007ffe43900000 - 0x00007ffe43910000 	C:\Users\Angelina Thennessa\.vscode\extensions\redhat.java-1.56.0-win32-x64\jre\21.0.12.1-win32-x86_64\bin\net.dll
0x00007ffe504f0000 - 0x00007ffe50618000 	C:\Windows\SYSTEM32\WINHTTP.dll
0x00007ffe59710000 - 0x00007ffe5977c000 	C:\Windows\system32\mswsock.dll
0x00007ffe3d420000 - 0x00007ffe3d436000 	C:\Users\Angelina Thennessa\.vscode\extensions\redhat.java-1.56.0-win32-x64\jre\21.0.12.1-win32-x86_64\bin\nio.dll
0x00007ffe43910000 - 0x00007ffe43920000 	C:\Users\Angelina Thennessa\.vscode\extensions\redhat.java-1.56.0-win32-x64\jre\21.0.12.1-win32-x86_64\bin\verify.dll
0x00007ffe41d70000 - 0x00007ffe41d97000 	C:\Users\Angelina Thennessa\.gradle\native\c067742578af261105cb4f569cf0c3c89f3d7b1fecec35dd04571415982c5e48\windows-amd64\native-platform.dll
0x00007ffddeff0000 - 0x00007ffddf134000 	C:\Users\Angelina Thennessa\.gradle\native\100fb08df4bc3b14c8652ba06237920a3bd2aa13389f12d3474272988ae205f9\windows-amd64\native-platform-file-events.dll
0x00007ffe3e0e0000 - 0x00007ffe3e0ea000 	C:\Users\Angelina Thennessa\.vscode\extensions\redhat.java-1.56.0-win32-x64\jre\21.0.12.1-win32-x86_64\bin\management.dll
0x00007ffe3dcc0000 - 0x00007ffe3dccc000 	C:\Users\Angelina Thennessa\.vscode\extensions\redhat.java-1.56.0-win32-x64\jre\21.0.12.1-win32-x86_64\bin\management_ext.dll
0x00007ffe5b630000 - 0x00007ffe5b638000 	C:\Windows\System32\PSAPI.DLL
0x00007ffe59a00000 - 0x00007ffe59a1b000 	C:\Windows\SYSTEM32\CRYPTSP.dll
0x00007ffe590c0000 - 0x00007ffe590f9000 	C:\Windows\system32\rsaenh.dll
0x00007ffe597c0000 - 0x00007ffe597f2000 	C:\Windows\SYSTEM32\USERENV.dll
0x00007ffe5a360000 - 0x00007ffe5a38a000 	C:\Windows\SYSTEM32\bcrypt.dll
0x00007ffe59a20000 - 0x00007ffe59a2c000 	C:\Windows\SYSTEM32\CRYPTBASE.dll
0x00007ffe58bc0000 - 0x00007ffe58bf3000 	C:\Windows\SYSTEM32\IPHLPAPI.DLL
0x00007ffe5c750000 - 0x00007ffe5c75a000 	C:\Windows\System32\NSI.dll
0x00007ffe43920000 - 0x00007ffe43929000 	C:\Users\Angelina Thennessa\.vscode\extensions\redhat.java-1.56.0-win32-x64\jre\21.0.12.1-win32-x86_64\bin\extnet.dll
0x00007ffe43930000 - 0x00007ffe4393e000 	C:\Users\Angelina Thennessa\.vscode\extensions\redhat.java-1.56.0-win32-x64\jre\21.0.12.1-win32-x86_64\bin\sunmscapi.dll
0x00007ffe5ab30000 - 0x00007ffe5acae000 	C:\Windows\System32\CRYPT32.dll
0x00007ffe59c40000 - 0x00007ffe59c70000 	C:\Windows\SYSTEM32\ncrypt.dll
0x00007ffe59bf0000 - 0x00007ffe59c2f000 	C:\Windows\SYSTEM32\NTASN1.dll
0x00007ffe12720000 - 0x00007ffe12728000 	C:\Windows\system32\wshunix.dll

JVMTI agents:
C:\Users\Angelina Thennessa\.gradle\wrapper\dists\gradle-8.9-bin\90cnw93cvbtalezasaz0blq0a\gradle-8.9\lib\agents\gradle-instrumentation-agent-8.9.jar path:C:\Users\Angelina Thennessa\.vscode\extensions\redhat.java-1.56.0-win32-x64\jre\21.0.12.1-win32-x86_64\bin\instrument.dll, loaded, initialized, instrumentlib options:none

dbghelp: loaded successfully - version: 4.0.5 - missing functions: none
symbol engine: initialized successfully - sym options: 0x614 - pdb path: .;C:\Users\Angelina Thennessa\.vscode\extensions\redhat.java-1.56.0-win32-x64\jre\21.0.12.1-win32-x86_64\bin;C:\Windows\SYSTEM32;C:\Windows\WinSxS\amd64_microsoft.windows.common-controls_6595b64144ccf1df_6.0.26100.8972_none_3e0da176e32f9d4b;C:\Users\Angelina Thennessa\.vscode\extensions\redhat.java-1.56.0-win32-x64\jre\21.0.12.1-win32-x86_64\bin\server;C:\Users\Angelina Thennessa\.gradle\native\c067742578af261105cb4f569cf0c3c89f3d7b1fecec35dd04571415982c5e48\windows-amd64;C:\Users\Angelina Thennessa\.gradle\native\100fb08df4bc3b14c8652ba06237920a3bd2aa13389f12d3474272988ae205f9\windows-amd64

VM Arguments:
jvm_args: --add-opens=java.base/java.util=ALL-UNNAMED --add-opens=java.base/java.lang=ALL-UNNAMED --add-opens=java.base/java.lang.invoke=ALL-UNNAMED --add-opens=java.prefs/java.util.prefs=ALL-UNNAMED --add-exports=jdk.compiler/com.sun.tools.javac.api=ALL-UNNAMED --add-exports=jdk.compiler/com.sun.tools.javac.util=ALL-UNNAMED --add-opens=java.base/java.nio.charset=ALL-UNNAMED --add-opens=java.base/java.net=ALL-UNNAMED --add-opens=java.base/java.util.concurrent.atomic=ALL-UNNAMED -XX:MaxMetaspaceSize=384m -XX:+HeapDumpOnOutOfMemoryError -Xms256m -Xmx512m -Dfile.encoding=utf8 -Duser.country=US -Duser.language=en -Duser.variant -javaagent:C:\Users\Angelina Thennessa\.gradle\wrapper\dists\gradle-8.9-bin\90cnw93cvbtalezasaz0blq0a\gradle-8.9\lib\agents\gradle-instrumentation-agent-8.9.jar 
java_command: org.gradle.launcher.daemon.bootstrap.GradleDaemon 8.9
java_class_path (initial): C:\Users\Angelina Thennessa\.gradle\wrapper\dists\gradle-8.9-bin\90cnw93cvbtalezasaz0blq0a\gradle-8.9\lib\gradle-daemon-main-8.9.jar
Launcher Type: SUN_STANDARD

[Global flags]
     intx CICompilerCount                          = 4                                         {product} {ergonomic}
   size_t CompressedClassSpaceSize                 = 335544320                                 {product} {ergonomic}
     uint ConcGCThreads                            = 3                                         {product} {ergonomic}
     uint G1ConcRefinementThreads                  = 10                                        {product} {ergonomic}
   size_t G1HeapRegionSize                         = 1048576                                   {product} {ergonomic}
    uintx GCDrainStackTargetSize                   = 64                                        {product} {ergonomic}
     bool HeapDumpOnOutOfMemoryError               = true                                   {manageable} {command line}
   size_t InitialHeapSize                          = 268435456                                 {product} {command line}
   size_t MarkStackSize                            = 4194304                                   {product} {ergonomic}
   size_t MaxHeapSize                              = 536870912                                 {product} {command line}
   size_t MaxMetaspaceSize                         = 402653184                                 {product} {command line}
   size_t MaxNewSize                               = 321912832                                 {product} {ergonomic}
   size_t MinHeapDeltaBytes                        = 1048576                                   {product} {ergonomic}
   size_t MinHeapSize                              = 268435456                                 {product} {command line}
    uintx NonNMethodCodeHeapSize                   = 5839372                                {pd product} {ergonomic}
    uintx NonProfiledCodeHeapSize                  = 122909434                              {pd product} {ergonomic}
    uintx ProfiledCodeHeapSize                     = 122909434                              {pd product} {ergonomic}
    uintx ReservedCodeCacheSize                    = 251658240                              {pd product} {ergonomic}
     bool SegmentedCodeCache                       = true                                      {product} {ergonomic}
   size_t SoftMaxHeapSize                          = 536870912                              {manageable} {ergonomic}
     bool UseCompressedOops                        = true                           {product lp64_product} {ergonomic}
     bool UseG1GC                                  = true                                      {product} {ergonomic}
     bool UseLargePagesIndividualAllocation        = false                                  {pd product} {ergonomic}

Logging:
Log output configuration:
 #0: stdout all=warning uptime,level,tags foldmultilines=false
 #1: stderr all=off uptime,level,tags foldmultilines=false

Release file:
JAVA_VERSION="21.0.12.1" 
MODULES="java.base java.compiler java.datatransfer java.xml java.prefs java.desktop java.instrument java.logging java.management java.security.sasl java.naming java.rmi java.management.rmi java.net.http java.scripting java.security.jgss java.transaction.xa java.sql java.sql.rowset java.xml.crypto java.se java.smartcardio jdk.accessibility jdk.internal.jvmstat jdk.attach jdk.charsets jdk.internal.opt jdk.zipfs jdk.compiler jdk.crypto.ec jdk.crypto.cryptoki jdk.crypto.mscapi jdk.dynalink jdk.internal.ed jdk.editpad jdk.hotspot.agent jdk.httpserver jdk.internal.le jdk.internal.vm.ci jdk.internal.vm.compiler jdk.internal.vm.compiler.management jdk.jartool jdk.javadoc jdk.jcmd jdk.management jdk.management.agent jdk.jconsole jdk.jdeps jdk.jdwp.agent jdk.jdi jdk.jfr jdk.jshell jdk.jsobject jdk.jstatd jdk.localedata jdk.management.jfr jdk.naming.dns jdk.naming.rmi jdk.net jdk.nio.mapmode jdk.random jdk.sctp jdk.security.auth jdk.security.jgss jdk.unsupported jdk.unsupported.desktop jdk.xml.dom" 

Environment Variables:
PATH=C:\laragon\bin\composer;C:\laragon\bin\git\bin;C:\laragon\bin\git\cmd;C:\laragon\bin\git\mingw64\bin;C:\laragon\bin\git\usr\bin;C:\laragon\bin\mysql\mysql-8.4.3-winx64\bin;C:\laragon\bin\ngrok;C:\laragon\bin\nodejs\node-v22;C:\laragon\bin\php\php-8.3.30-Win32-vs16-x64;C:\laragon\bin\python\python-3.13;C:\laragon\bin\python\python-3.13\Scripts;C:\laragon\usr\bin;C:\Users\Angelina Thennessa\AppData\Local\Yarn\config\global\node_modules\.bin;C:\Users\Angelina Thennessa\AppData\Roaming\Composer\vendor\bin;C:\Users\Angelina Thennessa\AppData\Roaming\npm;C:\Users\Angelina Thennessa\.local\bin;C:\Users\Angelina Thennessa\.config\herd-lite\bin;C:\Users\Angelina Thennessa\AppData\Local\Microsoft\WindowsApps;C:\Users\Angelina Thennessa\AppData\Local\Programs\Microsoft VS Code\bin;D:\CollageStuff\Semester 5\MobileProgramming\flutter\bin;C:\Program Files\Git\cmd;C:\Windows\System32;C:\Android\Sdk;C:\laragon\bin\composer;C:\laragon\bin\git\bin;C:\laragon\bin\git\cmd;C:\laragon\bin\git\mingw64\bin;C:\laragon\bin\git\usr\bin;C:\laragon\bin\mysql\mysql-8.4.3-winx64\bin;C:\laragon\bin\ngrok;C:\laragon\bin\nodejs\node-v22;C:\laragon\bin\php\php-8.3.30-Win32-vs16-x64;C:\laragon\bin\python\python-3.13;C:\laragon\bin\python\python-3.13\Scripts;C:\laragon\usr\bin;C:\Users\Angelina Thennessa\AppData\Local\Yarn\config\global\node_modules\.bin;C:\Users\Angelina Thennessa\AppData\Roaming\Composer\vendor\bin;C:\Users\Angelina Thennessa\AppData\Roaming\npm;C:\Users\Angelina Thennessa\.local\bin;C:\Users\Angelina Thennessa\.config\herd-lite\bin;C:\Users\Angelina Thennessa\AppData\Local\Microsoft\WindowsApps;C:\Users\Angelina Thennessa\AppData\Local\Programs\Microsoft VS Code\bin;C:\src\flutter\bin;
USERNAME=Angelina Thennessa
OS=Windows_NT
PROCESSOR_IDENTIFIER=Intel64 Family 6 Model 186 Stepping 2, GenuineIntel
TMP=C:\Users\ANGELI~1\AppData\Local\Temp
TEMP=C:\Users\ANGELI~1\AppData\Local\Temp




Periodic native trim disabled

---------------  S Y S T E M  ---------------

OS:
 Windows 11 , 64 bit Build 26100 (10.0.26100.9168)
OS uptime: 0 days 22:55 hours
Hyper-V role detected

CPU: total 12 (initial active 12) (6 cores per cpu, 2 threads per core) family 6 model 186 stepping 2 microcode 0x5105, cx8, cmov, fxsr, ht, mmx, 3dnowpref, sse, sse2, sse3, ssse3, sse4.1, sse4.2, popcnt, lzcnt, tsc, tscinvbit, avx, avx2, aes, erms, clmul, bmi1, bmi2, adx, sha, fma, vzeroupper, clflush, clflushopt, clwb, hv, serialize, rdtscp, rdpid, fsrm, f16c, cet_ibt, cet_ss
Processor Information for processor 0
  Max Mhz: 2100, Current Mhz: 1453, Mhz Limit: 2100
Processor Information for processor 1
  Max Mhz: 2100, Current Mhz: 1453, Mhz Limit: 2100
Processor Information for processor 2
  Max Mhz: 2100, Current Mhz: 1453, Mhz Limit: 2100
Processor Information for processor 3
  Max Mhz: 2100, Current Mhz: 1453, Mhz Limit: 2100
Processor Information for processor 4
  Max Mhz: 2100, Current Mhz: 1453, Mhz Limit: 2100
Processor Information for processor 5
  Max Mhz: 2100, Current Mhz: 1453, Mhz Limit: 2100
Processor Information for processor 6
  Max Mhz: 2100, Current Mhz: 1453, Mhz Limit: 2100
Processor Information for processor 7
  Max Mhz: 2100, Current Mhz: 1453, Mhz Limit: 2100
Processor Information for processor 8
  Max Mhz: 2100, Current Mhz: 1500, Mhz Limit: 1491
Processor Information for processor 9
  Max Mhz: 2100, Current Mhz: 1500, Mhz Limit: 1491
Processor Information for processor 10
  Max Mhz: 2100, Current Mhz: 1500, Mhz Limit: 1491
Processor Information for processor 11
  Max Mhz: 2100, Current Mhz: 1500, Mhz Limit: 1491

Memory: 4k page, system-wide physical 16046M (170M free)
TotalPageFile size 41497M (AvailPageFile size 51M)
current process WorkingSet (physical memory assigned to process): 153M, peak: 232M
current process commit charge ("private bytes"): 471M, peak: 476M

vm_info: OpenJDK 64-Bit Server VM (21.0.12.1+1-LTS) for windows-amd64 JRE (21.0.12.1+1-LTS), built on 2026-08-18T00:00:00Z by "admin" with MS VC++ 17.12 (VS2022)

END.
