#
# There is insufficient memory for the Java Runtime Environment to continue.
# Native memory allocation (malloc) failed to allocate 1128816 bytes. Error detail: Chunk::new
# Possible reasons:
#   The system is out of physical RAM or swap space
#   This process is running with CompressedOops enabled, and the Java Heap may be blocking the growth of the native heap
# Possible solutions:
#   Reduce memory load on the system
#   Increase physical memory or swap space
#   Check if swap backing store is full
#   Decrease Java heap size (-Xmx/-Xms)
#   Decrease number of Java threads
#   Decrease Java thread stack sizes (-Xss)
#   Set larger code cache with -XX:ReservedCodeCacheSize=
#   JVM is running with Unscaled Compressed Oops mode in which the Java heap is
#     placed in the first 4GB address space. The Java Heap base address is the
#     maximum limit for the native heap growth. Please use -XX:HeapBaseMinAddress
#     to set the Java Heap base and to place the Java Heap above 4GB virtual address.
# This output file may be truncated or incomplete.
#
#  Out of Memory Error (arena.cpp:168), pid=41936, tid=49696
#
# JRE version: OpenJDK Runtime Environment Temurin-21.0.12.1+1 (21.0.12.1+1) (build 21.0.12.1+1-LTS)
# Java VM: OpenJDK 64-Bit Server VM Temurin-21.0.12.1+1 (21.0.12.1+1-LTS, mixed mode, sharing, tiered, compressed oops, compressed class ptrs, g1 gc, windows-amd64)
# No core dump will be written. Minidumps are not enabled by default on client versions of Windows
#

---------------  S U M M A R Y ------------

Command Line: --add-opens=java.base/java.util=ALL-UNNAMED --add-opens=java.base/java.lang=ALL-UNNAMED --add-opens=java.base/java.lang.invoke=ALL-UNNAMED --add-opens=java.prefs/java.util.prefs=ALL-UNNAMED --add-exports=jdk.compiler/com.sun.tools.javac.api=ALL-UNNAMED --add-exports=jdk.compiler/com.sun.tools.javac.util=ALL-UNNAMED --add-opens=java.base/java.nio.charset=ALL-UNNAMED --add-opens=java.base/java.net=ALL-UNNAMED --add-opens=java.base/java.util.concurrent.atomic=ALL-UNNAMED -XX:MaxMetaspaceSize=384m -XX:+HeapDumpOnOutOfMemoryError -Xms256m -Xmx512m -Dfile.encoding=utf8 -Duser.country=US -Duser.language=en -Duser.variant -javaagent:C:\Users\Angelina Thennessa\.gradle\wrapper\dists\gradle-8.9-bin\90cnw93cvbtalezasaz0blq0a\gradle-8.9\lib\agents\gradle-instrumentation-agent-8.9.jar org.gradle.launcher.daemon.bootstrap.GradleDaemon 8.9

Host: 13th Gen Intel(R) Core(TM) i5-13420H, 12 cores, 15G,  Windows 11 , 64 bit Build 26100 (10.0.26100.9168)
Time: Sat Sep  5 14:02:37 2026 SE Asia Standard Time elapsed time: 964.798879 seconds (0d 0h 16m 4s)

---------------  T H R E A D  ---------------

Current thread (0x000001b8f2e64e80):  JavaThread "C2 CompilerThread0" daemon [_thread_in_native, id=49696, stack(0x000000077db00000,0x000000077dc00000) (1024K)]


Current CompileTask:
C2:964799 6540       4       java.lang.invoke.MethodType::makeImpl (109 bytes)

Stack: [0x000000077db00000,0x000000077dc00000]
Native frames: (J=compiled Java code, j=interpreted, Vv=VM code, C=native code)
V  [jvm.dll+0x6d83e9]
V  [jvm.dll+0x8b5736]
V  [jvm.dll+0x8b7cee]
V  [jvm.dll+0x8b83d3]
V  [jvm.dll+0x284596]
V  [jvm.dll+0xc685d]
V  [jvm.dll+0xc6da1]
V  [jvm.dll+0x2fb5ae]
V  [jvm.dll+0x5fee94]
V  [jvm.dll+0x255d67]
V  [jvm.dll+0x25612d]
V  [jvm.dll+0x24e6a0]
V  [jvm.dll+0x24bbe6]
V  [jvm.dll+0x1cb4ae]
V  [jvm.dll+0x25baad]
V  [jvm.dll+0x25a03a]
V  [jvm.dll+0x3f8aae]
V  [jvm.dll+0x8600cd]
V  [jvm.dll+0x6d6c1d]
C  [ucrtbase.dll+0x2cd30]
C  [KERNEL32.DLL+0x2ccb7]
C  [ntdll.dll+0xaad6c]


---------------  P R O C E S S  ---------------

Threads class SMR info:
_java_thread_list=0x000001b8fb05dd60, length=55, elements={
0x000001b8dd02f510, 0x000001b8f2e49fd0, 0x000001b8f2e4ca40, 0x000001b8f2e50780,
0x000001b8f2e51440, 0x000001b8f2e52ad0, 0x000001b8f2e58a10, 0x000001b8f2e64e80,
0x000001b8f2e68770, 0x000001b8f2e55c20, 0x000001b8f2e562b0, 0x000001b8f2e56fd0,
0x000001b8f2e57cf0, 0x000001b8f2e56940, 0x000001b8f2e58380, 0x000001b8f8566940,
0x000001b8f8564f00, 0x000001b8f8565590, 0x000001b8f8566fd0, 0x000001b8f8564870,
0x000001b8f8563b50, 0x000001b8f8567660, 0x000001b8f85641e0, 0x000001b8f8565c20,
0x000001b8f8568a10, 0x000001b8f85690a0, 0x000001b8f8569730, 0x000001b8f85662b0,
0x000001b8f856a450, 0x000001b8f8569dc0, 0x000001b8f856aae0, 0x000001b8f856b170,
0x000001b8f9952500, 0x000001b8f9952b90, 0x000001b8f8567cf0, 0x000001b8fb25bd90,
0x000001b8fb25c420, 0x000001b8fb25d7d0, 0x000001b8fb25b070, 0x000001b8fb25a9e0,
0x000001b8fb25a350, 0x000001b8fb25e4f0, 0x000001b8fb25eb80, 0x000001b8fb25b700,
0x000001b8fb25ff30, 0x000001b8fb25d140, 0x000001b8fb25de60, 0x000001b8fb25cab0,
0x000001b8fb2612e0, 0x000001b8fb260c50, 0x000001b8fb2605c0, 0x000001b8fb25f8a0,
0x000001b8fb261970, 0x000001b8fb25f210, 0x000001b8fa9d4830
}

Java Threads: ( => current thread )
  0x000001b8dd02f510 JavaThread "main"                              [_thread_blocked, id=48924, stack(0x000000077cd00000,0x000000077ce00000) (1024K)]
  0x000001b8f2e49fd0 JavaThread "Reference Handler"          daemon [_thread_blocked, id=24996, stack(0x000000077d500000,0x000000077d600000) (1024K)]
  0x000001b8f2e4ca40 JavaThread "Finalizer"                  daemon [_thread_blocked, id=47772, stack(0x000000077d600000,0x000000077d700000) (1024K)]
  0x000001b8f2e50780 JavaThread "Signal Dispatcher"          daemon [_thread_blocked, id=49840, stack(0x000000077d700000,0x000000077d800000) (1024K)]
  0x000001b8f2e51440 JavaThread "Attach Listener"            daemon [_thread_blocked, id=24816, stack(0x000000077d800000,0x000000077d900000) (1024K)]
  0x000001b8f2e52ad0 JavaThread "Service Thread"             daemon [_thread_blocked, id=53836, stack(0x000000077d900000,0x000000077da00000) (1024K)]
  0x000001b8f2e58a10 JavaThread "Monitor Deflation Thread"   daemon [_thread_blocked, id=34788, stack(0x000000077da00000,0x000000077db00000) (1024K)]
=>0x000001b8f2e64e80 JavaThread "C2 CompilerThread0"         daemon [_thread_in_native, id=49696, stack(0x000000077db00000,0x000000077dc00000) (1024K)]
  0x000001b8f2e68770 JavaThread "C1 CompilerThread0"         daemon [_thread_blocked, id=47172, stack(0x000000077dc00000,0x000000077dd00000) (1024K)]
  0x000001b8f2e55c20 JavaThread "Common-Cleaner"             daemon [_thread_blocked, id=38984, stack(0x000000077dd00000,0x000000077de00000) (1024K)]
  0x000001b8f2e562b0 JavaThread "Notification Thread"        daemon [_thread_blocked, id=46716, stack(0x000000077de00000,0x000000077df00000) (1024K)]
  0x000001b8f2e56fd0 JavaThread "Daemon health stats"               [_thread_blocked, id=31004, stack(0x000000077cb00000,0x000000077cc00000) (1024K)]
  0x000001b8f2e57cf0 JavaThread "Incoming local TCP Connector on port 54662"        [_thread_in_native, id=15428, stack(0x000000077cc00000,0x000000077cd00000) (1024K)]
  0x000001b8f2e56940 JavaThread "Daemon periodic checks"            [_thread_in_native, id=51392, stack(0x000000077e400000,0x000000077e500000) (1024K)]
  0x000001b8f2e58380 JavaThread "Daemon"                            [_thread_blocked, id=51780, stack(0x000000077e600000,0x000000077e700000) (1024K)]
  0x000001b8f8566940 JavaThread "Handler for socket connection from /127.0.0.1:54662 to /127.0.0.1:54663"        [_thread_in_native, id=46952, stack(0x000000077e700000,0x000000077e800000) (1024K)]
  0x000001b8f8564f00 JavaThread "Cancel handler"                    [_thread_blocked, id=51792, stack(0x000000077e800000,0x000000077e900000) (1024K)]
  0x000001b8f8565590 JavaThread "Daemon worker"                     [_thread_in_vm, id=31560, stack(0x000000077e900000,0x000000077ea00000) (1024K)]
  0x000001b8f8566fd0 JavaThread "Asynchronous log dispatcher for DefaultDaemonConnection: socket connection from /127.0.0.1:54662 to /127.0.0.1:54663"        [_thread_blocked, id=44316, stack(0x000000077ea00000,0x000000077eb00000) (1024K)]
  0x000001b8f8564870 JavaThread "Stdin handler"                     [_thread_blocked, id=33084, stack(0x000000077eb00000,0x000000077ec00000) (1024K)]
  0x000001b8f8563b50 JavaThread "Daemon client event forwarder"        [_thread_blocked, id=17788, stack(0x000000077ec00000,0x000000077ed00000) (1024K)]
  0x000001b8f8567660 JavaThread "Cache worker for journal cache (C:\Users\Angelina Thennessa\.gradle\caches\journal-1)"        [_thread_blocked, id=53852, stack(0x000000077ed00000,0x000000077ee00000) (1024K)]
  0x000001b8f85641e0 JavaThread "File lock request listener"        [_thread_in_native, id=52712, stack(0x000000077ee00000,0x000000077ef00000) (1024K)]
  0x000001b8f8565c20 JavaThread "Cache worker for file hash cache (C:\Users\Angelina Thennessa\.gradle\caches\8.9\fileHashes)"        [_thread_blocked, id=2096, stack(0x000000077f000000,0x000000077f100000) (1024K)]
  0x000001b8f8568a10 JavaThread "Cache worker for file hash cache (D:\CollageStuff\Semester 5\MobileProgramming\flutter\packages\flutter_tools\gradle\.gradle\8.9\fileHashes)"        [_thread_blocked, id=17248, stack(0x000000077f500000,0x000000077f600000) (1024K)]
  0x000001b8f85690a0 JavaThread "Cache worker for Build Output Cleanup Cache (D:\CollageStuff\Semester 5\MobileProgramming\flutter\packages\flutter_tools\gradle\.gradle\buildOutputCleanup)"        [_thread_blocked, id=21880, stack(0x000000077f600000,0x000000077f700000) (1024K)]
  0x000001b8f8569730 JavaThread "File watcher server"        daemon [_thread_in_native, id=32096, stack(0x000000077f700000,0x000000077f800000) (1024K)]
  0x000001b8f85662b0 JavaThread "File watcher consumer"      daemon [_thread_blocked, id=36288, stack(0x000000077f800000,0x000000077f900000) (1024K)]
  0x000001b8f856a450 JavaThread "Cache worker for checksums cache (D:\CollageStuff\Semester 5\MobileProgramming\flutter\packages\flutter_tools\gradle\.gradle\8.9\checksums)"        [_thread_blocked, id=39088, stack(0x000000077f900000,0x000000077fa00000) (1024K)]
  0x000001b8f8569dc0 JavaThread "Cache worker for file content cache (C:\Users\Angelina Thennessa\.gradle\caches\8.9\fileContent)"        [_thread_blocked, id=808, stack(0x000000077fa00000,0x000000077fb00000) (1024K)]
  0x000001b8f856aae0 JavaThread "Cache worker for cache directory md-rule (C:\Users\Angelina Thennessa\.gradle\caches\8.9\md-rule)"        [_thread_blocked, id=45664, stack(0x000000077fb00000,0x000000077fc00000) (1024K)]
  0x000001b8f856b170 JavaThread "Cache worker for cache directory md-supplier (C:\Users\Angelina Thennessa\.gradle\caches\8.9\md-supplier)"        [_thread_blocked, id=15356, stack(0x000000077fc00000,0x000000077fd00000) (1024K)]
  0x000001b8f9952500 JavaThread "File lock release action executor Thread 4"        [_thread_blocked, id=41904, stack(0x000000077ef00000,0x000000077f000000) (1024K)]
  0x000001b8f9952b90 JavaThread "Unconstrained build operations"        [_thread_blocked, id=34052, stack(0x000000077fd00000,0x000000077fe00000) (1024K)]
  0x000001b8f8567cf0 JavaThread "Unconstrained build operations Thread 2"        [_thread_blocked, id=45592, stack(0x000000077fe00000,0x000000077ff00000) (1024K)]
  0x000001b8fb25bd90 JavaThread "Unconstrained build operations Thread 3"        [_thread_blocked, id=37180, stack(0x000000077ff00000,0x0000000780000000) (1024K)]
  0x000001b8fb25c420 JavaThread "Unconstrained build operations Thread 4"        [_thread_blocked, id=388, stack(0x0000000700000000,0x0000000700100000) (1024K)]
  0x000001b8fb25d7d0 JavaThread "Unconstrained build operations Thread 5"        [_thread_blocked, id=32472, stack(0x0000000700100000,0x0000000700200000) (1024K)]
  0x000001b8fb25b070 JavaThread "Unconstrained build operations Thread 6"        [_thread_blocked, id=23484, stack(0x0000000700200000,0x0000000700300000) (1024K)]
  0x000001b8fb25a9e0 JavaThread "Unconstrained build operations Thread 7"        [_thread_blocked, id=5772, stack(0x0000000700300000,0x0000000700400000) (1024K)]
  0x000001b8fb25a350 JavaThread "Unconstrained build operations Thread 8"        [_thread_blocked, id=43536, stack(0x0000000700400000,0x0000000700500000) (1024K)]
  0x000001b8fb25e4f0 JavaThread "Unconstrained build operations Thread 9"        [_thread_blocked, id=49960, stack(0x0000000700500000,0x0000000700600000) (1024K)]
  0x000001b8fb25eb80 JavaThread "Unconstrained build operations Thread 10"        [_thread_blocked, id=51928, stack(0x0000000700600000,0x0000000700700000) (1024K)]
  0x000001b8fb25b700 JavaThread "Unconstrained build operations Thread 11"        [_thread_blocked, id=10704, stack(0x0000000700700000,0x0000000700800000) (1024K)]
  0x000001b8fb25ff30 JavaThread "Unconstrained build operations Thread 12"        [_thread_blocked, id=48436, stack(0x0000000700800000,0x0000000700900000) (1024K)]
  0x000001b8fb25d140 JavaThread "Unconstrained build operations Thread 13"        [_thread_blocked, id=53320, stack(0x0000000700900000,0x0000000700a00000) (1024K)]
  0x000001b8fb25de60 JavaThread "Unconstrained build operations Thread 14"        [_thread_blocked, id=53932, stack(0x0000000700a00000,0x0000000700b00000) (1024K)]
  0x000001b8fb25cab0 JavaThread "Unconstrained build operations Thread 15"        [_thread_blocked, id=53924, stack(0x0000000700b00000,0x0000000700c00000) (1024K)]
  0x000001b8fb2612e0 JavaThread "Unconstrained build operations Thread 16"        [_thread_blocked, id=53892, stack(0x0000000700c00000,0x0000000700d00000) (1024K)]
  0x000001b8fb260c50 JavaThread "Unconstrained build operations Thread 17"        [_thread_blocked, id=19652, stack(0x0000000700d00000,0x0000000700e00000) (1024K)]
  0x000001b8fb2605c0 JavaThread "Unconstrained build operations Thread 18"        [_thread_blocked, id=26292, stack(0x0000000700e00000,0x0000000700f00000) (1024K)]
  0x000001b8fb25f8a0 JavaThread "Unconstrained build operations Thread 19"        [_thread_blocked, id=36916, stack(0x0000000700f00000,0x0000000701000000) (1024K)]
  0x000001b8fb261970 JavaThread "Unconstrained build operations Thread 20"        [_thread_blocked, id=42360, stack(0x0000000701000000,0x0000000701100000) (1024K)]
  0x000001b8fb25f210 JavaThread "Unconstrained build operations Thread 21"        [_thread_blocked, id=14824, stack(0x0000000701100000,0x0000000701200000) (1024K)]
  0x000001b8fa9d4830 JavaThread "Unconstrained build operations Thread 22"        [_thread_blocked, id=48356, stack(0x0000000701200000,0x0000000701300000) (1024K)]
Total: 55

Other Threads:
  0x000001b8f2e2aab0 VMThread "VM Thread"                           [id=53124, stack(0x000000077d400000,0x000000077d500000) (1024K)]
  0x000001b8f2e1a440 WatcherThread "VM Periodic Task Thread"        [id=43660, stack(0x000000077d300000,0x000000077d400000) (1024K)]
  0x000001b8dd05d0b0 WorkerThread "GC Thread#0"                     [id=48580, stack(0x000000077ce00000,0x000000077cf00000) (1024K)]
  0x000001b8f3584e60 WorkerThread "GC Thread#1"                     [id=35032, stack(0x000000077df00000,0x000000077e000000) (1024K)]
  0x000001b8f3585210 WorkerThread "GC Thread#2"                     [id=47356, stack(0x000000077e000000,0x000000077e100000) (1024K)]
  0x000001b8f33f9480 WorkerThread "GC Thread#3"                     [id=41472, stack(0x000000077e100000,0x000000077e200000) (1024K)]
  0x000001b8f32f6e60 WorkerThread "GC Thread#4"                     [id=25480, stack(0x000000077e200000,0x000000077e300000) (1024K)]
  0x000001b8f32f6ab0 WorkerThread "GC Thread#5"                     [id=50396, stack(0x000000077e300000,0x000000077e400000) (1024K)]
  0x000001b8f86bcc60 WorkerThread "GC Thread#6"                     [id=35628, stack(0x000000077ca00000,0x000000077cb00000) (1024K)]
  0x000001b8f86bd010 WorkerThread "GC Thread#7"                     [id=52696, stack(0x000000077e500000,0x000000077e600000) (1024K)]
  0x000001b8f86bd770 WorkerThread "GC Thread#8"                     [id=53132, stack(0x000000077f100000,0x000000077f200000) (1024K)]
  0x000001b8f86bdb20 WorkerThread "GC Thread#9"                     [id=53152, stack(0x000000077f200000,0x000000077f300000) (1024K)]
  0x000001b8dd061eb0 ConcurrentGCThread "G1 Main Marker"            [id=43704, stack(0x000000077cf00000,0x000000077d000000) (1024K)]
  0x000001b8dd0627d0 WorkerThread "G1 Conc#0"                       [id=47848, stack(0x000000077d000000,0x000000077d100000) (1024K)]
  0x000001b8f86bf4f0 WorkerThread "G1 Conc#1"                       [id=42932, stack(0x000000077f300000,0x000000077f400000) (1024K)]
  0x000001b8f86bded0 WorkerThread "G1 Conc#2"                       [id=33556, stack(0x000000077f400000,0x000000077f500000) (1024K)]
  0x000001b8f2cdc650 ConcurrentGCThread "G1 Refine#0"               [id=46896, stack(0x000000077d100000,0x000000077d200000) (1024K)]
  0x000001b8f2cde290 ConcurrentGCThread "G1 Service"                [id=31876, stack(0x000000077d200000,0x000000077d300000) (1024K)]
Total: 18

Threads with active compile tasks:
C2 CompilerThread0  964875 6540       4       java.lang.invoke.MethodType::makeImpl (109 bytes)
Total: 1

VM state: not at safepoint (normal execution)

VM Mutex/Monitor currently owned by a thread: None

Heap address: 0x00000000e0000000, size: 512 MB, Compressed Oops mode: 32-bit

CDS archive(s) mapped at: [0x000001b880000000-0x000001b880ba0000-0x000001b880ba0000), size 12189696, SharedBaseAddress: 0x000001b880000000, ArchiveRelocationMode: 1.
Compressed class space mapped at: 0x000001b881000000-0x000001b895000000, reserved size: 335544320
Narrow klass base: 0x000001b880000000, Narrow klass shift: 0, Narrow klass range: 0x100000000

GC Precious Log:
 CardTable entry size: 512
 Card Set container configuration: InlinePtr #cards 5 size 8 Array Of Cards #cards 12 size 40 Howl #buckets 4 coarsen threshold 1843 Howl Bitmap #cards 512 size 80 coarsen threshold 460 Card regions per heap region 1 cards per card region 2048
 CPUs: 12 total, 12 available
 Memory: 16046M
 Large Page Support: Disabled
 NUMA Support: Disabled
 Compressed Oops: Enabled (32-bit)
 Heap Region Size: 1M
 Heap Min Capacity: 256M
 Heap Initial Capacity: 256M
 Heap Max Capacity: 512M
 Pre-touch: Disabled
 Parallel Workers: 10
 Concurrent Workers: 3
 Concurrent Refinement Workers: 10
 Periodic GC: Disabled

Heap:
 garbage-first heap   total 262144K, used 84825K [0x00000000e0000000, 0x0000000100000000)
  region size 1024K, 49 young (50176K), 2 survivors (2048K)
 Metaspace       used 47469K, committed 49088K, reserved 393216K
  class space    used 7015K, committed 7808K, reserved 327680K

Heap Regions: E=young(eden), S=young(survivor), O=old, HS=humongous(starts), HC=humongous(continues), CS=collection set, F=free, TAMS=top-at-mark-start, PB=parsable bottom
|   0|0x00000000e0000000, 0x00000000e0100000, 0x00000000e0100000|100%|HS|  |TAMS 0x00000000e0000000| PB 0x00000000e0000000| Complete 
|   1|0x00000000e0100000, 0x00000000e0200000, 0x00000000e0200000|100%|HC|  |TAMS 0x00000000e0100000| PB 0x00000000e0100000| Complete 
|   2|0x00000000e0200000, 0x00000000e0300000, 0x00000000e0300000|100%|HC|  |TAMS 0x00000000e0200000| PB 0x00000000e0200000| Complete 
|   3|0x00000000e0300000, 0x00000000e0400000, 0x00000000e0400000|100%|HC|  |TAMS 0x00000000e0300000| PB 0x00000000e0300000| Complete 
|   4|0x00000000e0400000, 0x00000000e0500000, 0x00000000e0500000|100%| O|  |TAMS 0x00000000e0400000| PB 0x00000000e0400000| Untracked 
|   5|0x00000000e0500000, 0x00000000e0600000, 0x00000000e0600000|100%| O|  |TAMS 0x00000000e0500000| PB 0x00000000e0500000| Untracked 
|   6|0x00000000e0600000, 0x00000000e0700000, 0x00000000e0700000|100%| O|  |TAMS 0x00000000e0600000| PB 0x00000000e0600000| Untracked 
|   7|0x00000000e0700000, 0x00000000e0800000, 0x00000000e0800000|100%| O|  |TAMS 0x00000000e0700000| PB 0x00000000e0700000| Untracked 
|   8|0x00000000e0800000, 0x00000000e0900000, 0x00000000e0900000|100%| O|  |TAMS 0x00000000e0800000| PB 0x00000000e0800000| Untracked 
|   9|0x00000000e0900000, 0x00000000e0a00000, 0x00000000e0a00000|100%| O|  |TAMS 0x00000000e0900000| PB 0x00000000e0900000| Untracked 
|  10|0x00000000e0a00000, 0x00000000e0b00000, 0x00000000e0b00000|100%|HS|  |TAMS 0x00000000e0a00000| PB 0x00000000e0a00000| Complete 
|  11|0x00000000e0b00000, 0x00000000e0c00000, 0x00000000e0c00000|100%| O|  |TAMS 0x00000000e0b00000| PB 0x00000000e0b00000| Untracked 
|  12|0x00000000e0c00000, 0x00000000e0d00000, 0x00000000e0d00000|100%| O|  |TAMS 0x00000000e0c00000| PB 0x00000000e0c00000| Untracked 
|  13|0x00000000e0d00000, 0x00000000e0e00000, 0x00000000e0e00000|100%| O|  |TAMS 0x00000000e0d00000| PB 0x00000000e0d00000| Untracked 
|  14|0x00000000e0e00000, 0x00000000e0f00000, 0x00000000e0f00000|100%| O|  |TAMS 0x00000000e0e00000| PB 0x00000000e0e00000| Untracked 
|  15|0x00000000e0f00000, 0x00000000e1000000, 0x00000000e1000000|100%| O|  |TAMS 0x00000000e0f00000| PB 0x00000000e0f00000| Untracked 
|  16|0x00000000e1000000, 0x00000000e1100000, 0x00000000e1100000|100%| O|  |TAMS 0x00000000e1000000| PB 0x00000000e1000000| Untracked 
|  17|0x00000000e1100000, 0x00000000e1200000, 0x00000000e1200000|100%| O|  |TAMS 0x00000000e1100000| PB 0x00000000e1100000| Untracked 
|  18|0x00000000e1200000, 0x00000000e1300000, 0x00000000e1300000|100%| O|  |TAMS 0x00000000e1200000| PB 0x00000000e1200000| Untracked 
|  19|0x00000000e1300000, 0x00000000e1400000, 0x00000000e1400000|100%| O|  |TAMS 0x00000000e1300000| PB 0x00000000e1300000| Untracked 
|  20|0x00000000e1400000, 0x00000000e1500000, 0x00000000e1500000|100%| O|  |TAMS 0x00000000e1400000| PB 0x00000000e1400000| Untracked 
|  21|0x00000000e1500000, 0x00000000e1600000, 0x00000000e1600000|100%| O|  |TAMS 0x00000000e1500000| PB 0x00000000e1500000| Untracked 
|  22|0x00000000e1600000, 0x00000000e1700000, 0x00000000e1700000|100%| O|  |TAMS 0x00000000e1600000| PB 0x00000000e1600000| Untracked 
|  23|0x00000000e1700000, 0x00000000e1800000, 0x00000000e1800000|100%| O|  |TAMS 0x00000000e1700000| PB 0x00000000e1700000| Untracked 
|  24|0x00000000e1800000, 0x00000000e1900000, 0x00000000e1900000|100%| O|  |TAMS 0x00000000e1800000| PB 0x00000000e1800000| Untracked 
|  25|0x00000000e1900000, 0x00000000e1a00000, 0x00000000e1a00000|100%| O|  |TAMS 0x00000000e1900000| PB 0x00000000e1900000| Untracked 
|  26|0x00000000e1a00000, 0x00000000e1b00000, 0x00000000e1b00000|100%| O|  |TAMS 0x00000000e1a00000| PB 0x00000000e1a00000| Untracked 
|  27|0x00000000e1b00000, 0x00000000e1c00000, 0x00000000e1c00000|100%| O|  |TAMS 0x00000000e1b00000| PB 0x00000000e1b00000| Untracked 
|  28|0x00000000e1c00000, 0x00000000e1d00000, 0x00000000e1d00000|100%| O|  |TAMS 0x00000000e1c00000| PB 0x00000000e1c00000| Untracked 
|  29|0x00000000e1d00000, 0x00000000e1e00000, 0x00000000e1e00000|100%| O|  |TAMS 0x00000000e1d00000| PB 0x00000000e1d00000| Untracked 
|  30|0x00000000e1e00000, 0x00000000e1f00000, 0x00000000e1f00000|100%| O|  |TAMS 0x00000000e1e00000| PB 0x00000000e1e00000| Untracked 
|  31|0x00000000e1f00000, 0x00000000e2000000, 0x00000000e2000000|100%| O|  |TAMS 0x00000000e1f00000| PB 0x00000000e1f00000| Untracked 
|  32|0x00000000e2000000, 0x00000000e2100000, 0x00000000e2100000|100%| O|  |TAMS 0x00000000e2000000| PB 0x00000000e2000000| Untracked 
|  33|0x00000000e2100000, 0x00000000e2200000, 0x00000000e2200000|100%| O|  |TAMS 0x00000000e2100000| PB 0x00000000e2100000| Untracked 
|  34|0x00000000e2200000, 0x00000000e2300000, 0x00000000e2300000|100%| O|  |TAMS 0x00000000e2200000| PB 0x00000000e2200000| Untracked 
|  35|0x00000000e2300000, 0x00000000e2400000, 0x00000000e2400000|100%| O|  |TAMS 0x00000000e2300000| PB 0x00000000e2300000| Untracked 
|  36|0x00000000e2400000, 0x00000000e2400000, 0x00000000e2500000|  0%| F|  |TAMS 0x00000000e2400000| PB 0x00000000e2400000| Untracked 
|  37|0x00000000e2500000, 0x00000000e2500000, 0x00000000e2600000|  0%| F|  |TAMS 0x00000000e2500000| PB 0x00000000e2500000| Untracked 
|  38|0x00000000e2600000, 0x00000000e2600000, 0x00000000e2700000|  0%| F|  |TAMS 0x00000000e2600000| PB 0x00000000e2600000| Untracked 
|  39|0x00000000e2700000, 0x00000000e2700000, 0x00000000e2800000|  0%| F|  |TAMS 0x00000000e2700000| PB 0x00000000e2700000| Untracked 
|  40|0x00000000e2800000, 0x00000000e2800000, 0x00000000e2900000|  0%| F|  |TAMS 0x00000000e2800000| PB 0x00000000e2800000| Untracked 
|  41|0x00000000e2900000, 0x00000000e2900000, 0x00000000e2a00000|  0%| F|  |TAMS 0x00000000e2900000| PB 0x00000000e2900000| Untracked 
|  42|0x00000000e2a00000, 0x00000000e2a00000, 0x00000000e2b00000|  0%| F|  |TAMS 0x00000000e2a00000| PB 0x00000000e2a00000| Untracked 
|  43|0x00000000e2b00000, 0x00000000e2b00000, 0x00000000e2c00000|  0%| F|  |TAMS 0x00000000e2b00000| PB 0x00000000e2b00000| Untracked 
|  44|0x00000000e2c00000, 0x00000000e2c00000, 0x00000000e2d00000|  0%| F|  |TAMS 0x00000000e2c00000| PB 0x00000000e2c00000| Untracked 
|  45|0x00000000e2d00000, 0x00000000e2d00000, 0x00000000e2e00000|  0%| F|  |TAMS 0x00000000e2d00000| PB 0x00000000e2d00000| Untracked 
|  46|0x00000000e2e00000, 0x00000000e2e00000, 0x00000000e2f00000|  0%| F|  |TAMS 0x00000000e2e00000| PB 0x00000000e2e00000| Untracked 
|  47|0x00000000e2f00000, 0x00000000e2f00000, 0x00000000e3000000|  0%| F|  |TAMS 0x00000000e2f00000| PB 0x00000000e2f00000| Untracked 
|  48|0x00000000e3000000, 0x00000000e3000000, 0x00000000e3100000|  0%| F|  |TAMS 0x00000000e3000000| PB 0x00000000e3000000| Untracked 
|  49|0x00000000e3100000, 0x00000000e3100000, 0x00000000e3200000|  0%| F|  |TAMS 0x00000000e3100000| PB 0x00000000e3100000| Untracked 
|  50|0x00000000e3200000, 0x00000000e3200000, 0x00000000e3300000|  0%| F|  |TAMS 0x00000000e3200000| PB 0x00000000e3200000| Untracked 
|  51|0x00000000e3300000, 0x00000000e3300000, 0x00000000e3400000|  0%| F|  |TAMS 0x00000000e3300000| PB 0x00000000e3300000| Untracked 
|  52|0x00000000e3400000, 0x00000000e3400000, 0x00000000e3500000|  0%| F|  |TAMS 0x00000000e3400000| PB 0x00000000e3400000| Untracked 
|  53|0x00000000e3500000, 0x00000000e3500000, 0x00000000e3600000|  0%| F|  |TAMS 0x00000000e3500000| PB 0x00000000e3500000| Untracked 
|  54|0x00000000e3600000, 0x00000000e3600000, 0x00000000e3700000|  0%| F|  |TAMS 0x00000000e3600000| PB 0x00000000e3600000| Untracked 
|  55|0x00000000e3700000, 0x00000000e3700000, 0x00000000e3800000|  0%| F|  |TAMS 0x00000000e3700000| PB 0x00000000e3700000| Untracked 
|  56|0x00000000e3800000, 0x00000000e3800000, 0x00000000e3900000|  0%| F|  |TAMS 0x00000000e3800000| PB 0x00000000e3800000| Untracked 
|  57|0x00000000e3900000, 0x00000000e3900000, 0x00000000e3a00000|  0%| F|  |TAMS 0x00000000e3900000| PB 0x00000000e3900000| Untracked 
|  58|0x00000000e3a00000, 0x00000000e3a00000, 0x00000000e3b00000|  0%| F|  |TAMS 0x00000000e3a00000| PB 0x00000000e3a00000| Untracked 
|  59|0x00000000e3b00000, 0x00000000e3b00000, 0x00000000e3c00000|  0%| F|  |TAMS 0x00000000e3b00000| PB 0x00000000e3b00000| Untracked 
|  60|0x00000000e3c00000, 0x00000000e3c00000, 0x00000000e3d00000|  0%| F|  |TAMS 0x00000000e3c00000| PB 0x00000000e3c00000| Untracked 
|  61|0x00000000e3d00000, 0x00000000e3d00000, 0x00000000e3e00000|  0%| F|  |TAMS 0x00000000e3d00000| PB 0x00000000e3d00000| Untracked 
|  62|0x00000000e3e00000, 0x00000000e3e00000, 0x00000000e3f00000|  0%| F|  |TAMS 0x00000000e3e00000| PB 0x00000000e3e00000| Untracked 
|  63|0x00000000e3f00000, 0x00000000e3f00000, 0x00000000e4000000|  0%| F|  |TAMS 0x00000000e3f00000| PB 0x00000000e3f00000| Untracked 
|  64|0x00000000e4000000, 0x00000000e4000000, 0x00000000e4100000|  0%| F|  |TAMS 0x00000000e4000000| PB 0x00000000e4000000| Untracked 
|  65|0x00000000e4100000, 0x00000000e4100000, 0x00000000e4200000|  0%| F|  |TAMS 0x00000000e4100000| PB 0x00000000e4100000| Untracked 
|  66|0x00000000e4200000, 0x00000000e4200000, 0x00000000e4300000|  0%| F|  |TAMS 0x00000000e4200000| PB 0x00000000e4200000| Untracked 
|  67|0x00000000e4300000, 0x00000000e4300000, 0x00000000e4400000|  0%| F|  |TAMS 0x00000000e4300000| PB 0x00000000e4300000| Untracked 
|  68|0x00000000e4400000, 0x00000000e4400000, 0x00000000e4500000|  0%| F|  |TAMS 0x00000000e4400000| PB 0x00000000e4400000| Untracked 
|  69|0x00000000e4500000, 0x00000000e4500000, 0x00000000e4600000|  0%| F|  |TAMS 0x00000000e4500000| PB 0x00000000e4500000| Untracked 
|  70|0x00000000e4600000, 0x00000000e4600000, 0x00000000e4700000|  0%| F|  |TAMS 0x00000000e4600000| PB 0x00000000e4600000| Untracked 
|  71|0x00000000e4700000, 0x00000000e4700000, 0x00000000e4800000|  0%| F|  |TAMS 0x00000000e4700000| PB 0x00000000e4700000| Untracked 
|  72|0x00000000e4800000, 0x00000000e4800000, 0x00000000e4900000|  0%| F|  |TAMS 0x00000000e4800000| PB 0x00000000e4800000| Untracked 
|  73|0x00000000e4900000, 0x00000000e4900000, 0x00000000e4a00000|  0%| F|  |TAMS 0x00000000e4900000| PB 0x00000000e4900000| Untracked 
|  74|0x00000000e4a00000, 0x00000000e4a00000, 0x00000000e4b00000|  0%| F|  |TAMS 0x00000000e4a00000| PB 0x00000000e4a00000| Untracked 
|  75|0x00000000e4b00000, 0x00000000e4b00000, 0x00000000e4c00000|  0%| F|  |TAMS 0x00000000e4b00000| PB 0x00000000e4b00000| Untracked 
|  76|0x00000000e4c00000, 0x00000000e4c00000, 0x00000000e4d00000|  0%| F|  |TAMS 0x00000000e4c00000| PB 0x00000000e4c00000| Untracked 
|  77|0x00000000e4d00000, 0x00000000e4d00000, 0x00000000e4e00000|  0%| F|  |TAMS 0x00000000e4d00000| PB 0x00000000e4d00000| Untracked 
|  78|0x00000000e4e00000, 0x00000000e4e00000, 0x00000000e4f00000|  0%| F|  |TAMS 0x00000000e4e00000| PB 0x00000000e4e00000| Untracked 
|  79|0x00000000e4f00000, 0x00000000e4f00000, 0x00000000e5000000|  0%| F|  |TAMS 0x00000000e4f00000| PB 0x00000000e4f00000| Untracked 
|  80|0x00000000e5000000, 0x00000000e5000000, 0x00000000e5100000|  0%| F|  |TAMS 0x00000000e5000000| PB 0x00000000e5000000| Untracked 
|  81|0x00000000e5100000, 0x00000000e5100000, 0x00000000e5200000|  0%| F|  |TAMS 0x00000000e5100000| PB 0x00000000e5100000| Untracked 
|  82|0x00000000e5200000, 0x00000000e5200000, 0x00000000e5300000|  0%| F|  |TAMS 0x00000000e5200000| PB 0x00000000e5200000| Untracked 
|  83|0x00000000e5300000, 0x00000000e5300000, 0x00000000e5400000|  0%| F|  |TAMS 0x00000000e5300000| PB 0x00000000e5300000| Untracked 
|  84|0x00000000e5400000, 0x00000000e5400000, 0x00000000e5500000|  0%| F|  |TAMS 0x00000000e5400000| PB 0x00000000e5400000| Untracked 
|  85|0x00000000e5500000, 0x00000000e5500000, 0x00000000e5600000|  0%| F|  |TAMS 0x00000000e5500000| PB 0x00000000e5500000| Untracked 
|  86|0x00000000e5600000, 0x00000000e5600000, 0x00000000e5700000|  0%| F|  |TAMS 0x00000000e5600000| PB 0x00000000e5600000| Untracked 
|  87|0x00000000e5700000, 0x00000000e5700000, 0x00000000e5800000|  0%| F|  |TAMS 0x00000000e5700000| PB 0x00000000e5700000| Untracked 
|  88|0x00000000e5800000, 0x00000000e5800000, 0x00000000e5900000|  0%| F|  |TAMS 0x00000000e5800000| PB 0x00000000e5800000| Untracked 
|  89|0x00000000e5900000, 0x00000000e5900000, 0x00000000e5a00000|  0%| F|  |TAMS 0x00000000e5900000| PB 0x00000000e5900000| Untracked 
|  90|0x00000000e5a00000, 0x00000000e5a00000, 0x00000000e5b00000|  0%| F|  |TAMS 0x00000000e5a00000| PB 0x00000000e5a00000| Untracked 
|  91|0x00000000e5b00000, 0x00000000e5b00000, 0x00000000e5c00000|  0%| F|  |TAMS 0x00000000e5b00000| PB 0x00000000e5b00000| Untracked 
|  92|0x00000000e5c00000, 0x00000000e5c00000, 0x00000000e5d00000|  0%| F|  |TAMS 0x00000000e5c00000| PB 0x00000000e5c00000| Untracked 
|  93|0x00000000e5d00000, 0x00000000e5d00000, 0x00000000e5e00000|  0%| F|  |TAMS 0x00000000e5d00000| PB 0x00000000e5d00000| Untracked 
|  94|0x00000000e5e00000, 0x00000000e5e00000, 0x00000000e5f00000|  0%| F|  |TAMS 0x00000000e5e00000| PB 0x00000000e5e00000| Untracked 
|  95|0x00000000e5f00000, 0x00000000e5f00000, 0x00000000e6000000|  0%| F|  |TAMS 0x00000000e5f00000| PB 0x00000000e5f00000| Untracked 
|  96|0x00000000e6000000, 0x00000000e6000000, 0x00000000e6100000|  0%| F|  |TAMS 0x00000000e6000000| PB 0x00000000e6000000| Untracked 
|  97|0x00000000e6100000, 0x00000000e6100000, 0x00000000e6200000|  0%| F|  |TAMS 0x00000000e6100000| PB 0x00000000e6100000| Untracked 
|  98|0x00000000e6200000, 0x00000000e6200000, 0x00000000e6300000|  0%| F|  |TAMS 0x00000000e6200000| PB 0x00000000e6200000| Untracked 
|  99|0x00000000e6300000, 0x00000000e6300000, 0x00000000e6400000|  0%| F|  |TAMS 0x00000000e6300000| PB 0x00000000e6300000| Untracked 
| 100|0x00000000e6400000, 0x00000000e6400000, 0x00000000e6500000|  0%| F|  |TAMS 0x00000000e6400000| PB 0x00000000e6400000| Untracked 
| 101|0x00000000e6500000, 0x00000000e6500000, 0x00000000e6600000|  0%| F|  |TAMS 0x00000000e6500000| PB 0x00000000e6500000| Untracked 
| 102|0x00000000e6600000, 0x00000000e6600000, 0x00000000e6700000|  0%| F|  |TAMS 0x00000000e6600000| PB 0x00000000e6600000| Untracked 
| 103|0x00000000e6700000, 0x00000000e6700000, 0x00000000e6800000|  0%| F|  |TAMS 0x00000000e6700000| PB 0x00000000e6700000| Untracked 
| 104|0x00000000e6800000, 0x00000000e6800000, 0x00000000e6900000|  0%| F|  |TAMS 0x00000000e6800000| PB 0x00000000e6800000| Untracked 
| 105|0x00000000e6900000, 0x00000000e6900000, 0x00000000e6a00000|  0%| F|  |TAMS 0x00000000e6900000| PB 0x00000000e6900000| Untracked 
| 106|0x00000000e6a00000, 0x00000000e6a00000, 0x00000000e6b00000|  0%| F|  |TAMS 0x00000000e6a00000| PB 0x00000000e6a00000| Untracked 
| 107|0x00000000e6b00000, 0x00000000e6b00000, 0x00000000e6c00000|  0%| F|  |TAMS 0x00000000e6b00000| PB 0x00000000e6b00000| Untracked 
| 108|0x00000000e6c00000, 0x00000000e6c00000, 0x00000000e6d00000|  0%| F|  |TAMS 0x00000000e6c00000| PB 0x00000000e6c00000| Untracked 
| 109|0x00000000e6d00000, 0x00000000e6d00000, 0x00000000e6e00000|  0%| F|  |TAMS 0x00000000e6d00000| PB 0x00000000e6d00000| Untracked 
| 110|0x00000000e6e00000, 0x00000000e6e00000, 0x00000000e6f00000|  0%| F|  |TAMS 0x00000000e6e00000| PB 0x00000000e6e00000| Untracked 
| 111|0x00000000e6f00000, 0x00000000e6f00000, 0x00000000e7000000|  0%| F|  |TAMS 0x00000000e6f00000| PB 0x00000000e6f00000| Untracked 
| 112|0x00000000e7000000, 0x00000000e7000000, 0x00000000e7100000|  0%| F|  |TAMS 0x00000000e7000000| PB 0x00000000e7000000| Untracked 
| 113|0x00000000e7100000, 0x00000000e7100000, 0x00000000e7200000|  0%| F|  |TAMS 0x00000000e7100000| PB 0x00000000e7100000| Untracked 
| 114|0x00000000e7200000, 0x00000000e7200000, 0x00000000e7300000|  0%| F|  |TAMS 0x00000000e7200000| PB 0x00000000e7200000| Untracked 
| 115|0x00000000e7300000, 0x00000000e7300000, 0x00000000e7400000|  0%| F|  |TAMS 0x00000000e7300000| PB 0x00000000e7300000| Untracked 
| 116|0x00000000e7400000, 0x00000000e7400000, 0x00000000e7500000|  0%| F|  |TAMS 0x00000000e7400000| PB 0x00000000e7400000| Untracked 
| 117|0x00000000e7500000, 0x00000000e7500000, 0x00000000e7600000|  0%| F|  |TAMS 0x00000000e7500000| PB 0x00000000e7500000| Untracked 
| 118|0x00000000e7600000, 0x00000000e7600000, 0x00000000e7700000|  0%| F|  |TAMS 0x00000000e7600000| PB 0x00000000e7600000| Untracked 
| 119|0x00000000e7700000, 0x00000000e7700000, 0x00000000e7800000|  0%| F|  |TAMS 0x00000000e7700000| PB 0x00000000e7700000| Untracked 
| 120|0x00000000e7800000, 0x00000000e7800000, 0x00000000e7900000|  0%| F|  |TAMS 0x00000000e7800000| PB 0x00000000e7800000| Untracked 
| 121|0x00000000e7900000, 0x00000000e7900000, 0x00000000e7a00000|  0%| F|  |TAMS 0x00000000e7900000| PB 0x00000000e7900000| Untracked 
| 122|0x00000000e7a00000, 0x00000000e7a00000, 0x00000000e7b00000|  0%| F|  |TAMS 0x00000000e7a00000| PB 0x00000000e7a00000| Untracked 
| 123|0x00000000e7b00000, 0x00000000e7b00000, 0x00000000e7c00000|  0%| F|  |TAMS 0x00000000e7b00000| PB 0x00000000e7b00000| Untracked 
| 124|0x00000000e7c00000, 0x00000000e7c00000, 0x00000000e7d00000|  0%| F|  |TAMS 0x00000000e7c00000| PB 0x00000000e7c00000| Untracked 
| 125|0x00000000e7d00000, 0x00000000e7d00000, 0x00000000e7e00000|  0%| F|  |TAMS 0x00000000e7d00000| PB 0x00000000e7d00000| Untracked 
| 126|0x00000000e7e00000, 0x00000000e7e00000, 0x00000000e7f00000|  0%| F|  |TAMS 0x00000000e7e00000| PB 0x00000000e7e00000| Untracked 
| 127|0x00000000e7f00000, 0x00000000e7f00000, 0x00000000e8000000|  0%| F|  |TAMS 0x00000000e7f00000| PB 0x00000000e7f00000| Untracked 
| 128|0x00000000e8000000, 0x00000000e8000000, 0x00000000e8100000|  0%| F|  |TAMS 0x00000000e8000000| PB 0x00000000e8000000| Untracked 
| 129|0x00000000e8100000, 0x00000000e8100000, 0x00000000e8200000|  0%| F|  |TAMS 0x00000000e8100000| PB 0x00000000e8100000| Untracked 
| 130|0x00000000e8200000, 0x00000000e8200000, 0x00000000e8300000|  0%| F|  |TAMS 0x00000000e8200000| PB 0x00000000e8200000| Untracked 
| 131|0x00000000e8300000, 0x00000000e8300000, 0x00000000e8400000|  0%| F|  |TAMS 0x00000000e8300000| PB 0x00000000e8300000| Untracked 
| 132|0x00000000e8400000, 0x00000000e8400000, 0x00000000e8500000|  0%| F|  |TAMS 0x00000000e8400000| PB 0x00000000e8400000| Untracked 
| 133|0x00000000e8500000, 0x00000000e8500000, 0x00000000e8600000|  0%| F|  |TAMS 0x00000000e8500000| PB 0x00000000e8500000| Untracked 
| 134|0x00000000e8600000, 0x00000000e8600000, 0x00000000e8700000|  0%| F|  |TAMS 0x00000000e8600000| PB 0x00000000e8600000| Untracked 
| 135|0x00000000e8700000, 0x00000000e8700000, 0x00000000e8800000|  0%| F|  |TAMS 0x00000000e8700000| PB 0x00000000e8700000| Untracked 
| 136|0x00000000e8800000, 0x00000000e8800000, 0x00000000e8900000|  0%| F|  |TAMS 0x00000000e8800000| PB 0x00000000e8800000| Untracked 
| 137|0x00000000e8900000, 0x00000000e8900000, 0x00000000e8a00000|  0%| F|  |TAMS 0x00000000e8900000| PB 0x00000000e8900000| Untracked 
| 138|0x00000000e8a00000, 0x00000000e8a00000, 0x00000000e8b00000|  0%| F|  |TAMS 0x00000000e8a00000| PB 0x00000000e8a00000| Untracked 
| 139|0x00000000e8b00000, 0x00000000e8b00000, 0x00000000e8c00000|  0%| F|  |TAMS 0x00000000e8b00000| PB 0x00000000e8b00000| Untracked 
| 140|0x00000000e8c00000, 0x00000000e8c00000, 0x00000000e8d00000|  0%| F|  |TAMS 0x00000000e8c00000| PB 0x00000000e8c00000| Untracked 
| 141|0x00000000e8d00000, 0x00000000e8d00000, 0x00000000e8e00000|  0%| F|  |TAMS 0x00000000e8d00000| PB 0x00000000e8d00000| Untracked 
| 142|0x00000000e8e00000, 0x00000000e8e00000, 0x00000000e8f00000|  0%| F|  |TAMS 0x00000000e8e00000| PB 0x00000000e8e00000| Untracked 
| 143|0x00000000e8f00000, 0x00000000e8f00000, 0x00000000e9000000|  0%| F|  |TAMS 0x00000000e8f00000| PB 0x00000000e8f00000| Untracked 
| 144|0x00000000e9000000, 0x00000000e9000000, 0x00000000e9100000|  0%| F|  |TAMS 0x00000000e9000000| PB 0x00000000e9000000| Untracked 
| 145|0x00000000e9100000, 0x00000000e9100000, 0x00000000e9200000|  0%| F|  |TAMS 0x00000000e9100000| PB 0x00000000e9100000| Untracked 
| 146|0x00000000e9200000, 0x00000000e9200000, 0x00000000e9300000|  0%| F|  |TAMS 0x00000000e9200000| PB 0x00000000e9200000| Untracked 
| 147|0x00000000e9300000, 0x00000000e9300000, 0x00000000e9400000|  0%| F|  |TAMS 0x00000000e9300000| PB 0x00000000e9300000| Untracked 
| 148|0x00000000e9400000, 0x00000000e9400000, 0x00000000e9500000|  0%| F|  |TAMS 0x00000000e9400000| PB 0x00000000e9400000| Untracked 
| 149|0x00000000e9500000, 0x00000000e9500000, 0x00000000e9600000|  0%| F|  |TAMS 0x00000000e9500000| PB 0x00000000e9500000| Untracked 
| 150|0x00000000e9600000, 0x00000000e9600000, 0x00000000e9700000|  0%| F|  |TAMS 0x00000000e9600000| PB 0x00000000e9600000| Untracked 
| 151|0x00000000e9700000, 0x00000000e9700000, 0x00000000e9800000|  0%| F|  |TAMS 0x00000000e9700000| PB 0x00000000e9700000| Untracked 
| 152|0x00000000e9800000, 0x00000000e9800000, 0x00000000e9900000|  0%| F|  |TAMS 0x00000000e9800000| PB 0x00000000e9800000| Untracked 
| 153|0x00000000e9900000, 0x00000000e9900000, 0x00000000e9a00000|  0%| F|  |TAMS 0x00000000e9900000| PB 0x00000000e9900000| Untracked 
| 154|0x00000000e9a00000, 0x00000000e9a00000, 0x00000000e9b00000|  0%| F|  |TAMS 0x00000000e9a00000| PB 0x00000000e9a00000| Untracked 
| 155|0x00000000e9b00000, 0x00000000e9b00000, 0x00000000e9c00000|  0%| F|  |TAMS 0x00000000e9b00000| PB 0x00000000e9b00000| Untracked 
| 156|0x00000000e9c00000, 0x00000000e9c00000, 0x00000000e9d00000|  0%| F|  |TAMS 0x00000000e9c00000| PB 0x00000000e9c00000| Untracked 
| 157|0x00000000e9d00000, 0x00000000e9d00000, 0x00000000e9e00000|  0%| F|  |TAMS 0x00000000e9d00000| PB 0x00000000e9d00000| Untracked 
| 158|0x00000000e9e00000, 0x00000000e9e00000, 0x00000000e9f00000|  0%| F|  |TAMS 0x00000000e9e00000| PB 0x00000000e9e00000| Untracked 
| 159|0x00000000e9f00000, 0x00000000e9f00000, 0x00000000ea000000|  0%| F|  |TAMS 0x00000000e9f00000| PB 0x00000000e9f00000| Untracked 
| 160|0x00000000ea000000, 0x00000000ea000000, 0x00000000ea100000|  0%| F|  |TAMS 0x00000000ea000000| PB 0x00000000ea000000| Untracked 
| 161|0x00000000ea100000, 0x00000000ea100000, 0x00000000ea200000|  0%| F|  |TAMS 0x00000000ea100000| PB 0x00000000ea100000| Untracked 
| 162|0x00000000ea200000, 0x00000000ea200000, 0x00000000ea300000|  0%| F|  |TAMS 0x00000000ea200000| PB 0x00000000ea200000| Untracked 
| 163|0x00000000ea300000, 0x00000000ea300000, 0x00000000ea400000|  0%| F|  |TAMS 0x00000000ea300000| PB 0x00000000ea300000| Untracked 
| 164|0x00000000ea400000, 0x00000000ea400000, 0x00000000ea500000|  0%| F|  |TAMS 0x00000000ea400000| PB 0x00000000ea400000| Untracked 
| 165|0x00000000ea500000, 0x00000000ea500000, 0x00000000ea600000|  0%| F|  |TAMS 0x00000000ea500000| PB 0x00000000ea500000| Untracked 
| 166|0x00000000ea600000, 0x00000000ea600000, 0x00000000ea700000|  0%| F|  |TAMS 0x00000000ea600000| PB 0x00000000ea600000| Untracked 
| 167|0x00000000ea700000, 0x00000000ea700000, 0x00000000ea800000|  0%| F|  |TAMS 0x00000000ea700000| PB 0x00000000ea700000| Untracked 
| 168|0x00000000ea800000, 0x00000000ea800000, 0x00000000ea900000|  0%| F|  |TAMS 0x00000000ea800000| PB 0x00000000ea800000| Untracked 
| 169|0x00000000ea900000, 0x00000000ea900000, 0x00000000eaa00000|  0%| F|  |TAMS 0x00000000ea900000| PB 0x00000000ea900000| Untracked 
| 170|0x00000000eaa00000, 0x00000000eaa00000, 0x00000000eab00000|  0%| F|  |TAMS 0x00000000eaa00000| PB 0x00000000eaa00000| Untracked 
| 171|0x00000000eab00000, 0x00000000eab00000, 0x00000000eac00000|  0%| F|  |TAMS 0x00000000eab00000| PB 0x00000000eab00000| Untracked 
| 172|0x00000000eac00000, 0x00000000eac00000, 0x00000000ead00000|  0%| F|  |TAMS 0x00000000eac00000| PB 0x00000000eac00000| Untracked 
| 173|0x00000000ead00000, 0x00000000ead00000, 0x00000000eae00000|  0%| F|  |TAMS 0x00000000ead00000| PB 0x00000000ead00000| Untracked 
| 174|0x00000000eae00000, 0x00000000eae00000, 0x00000000eaf00000|  0%| F|  |TAMS 0x00000000eae00000| PB 0x00000000eae00000| Untracked 
| 175|0x00000000eaf00000, 0x00000000eaf00000, 0x00000000eb000000|  0%| F|  |TAMS 0x00000000eaf00000| PB 0x00000000eaf00000| Untracked 
| 176|0x00000000eb000000, 0x00000000eb000000, 0x00000000eb100000|  0%| F|  |TAMS 0x00000000eb000000| PB 0x00000000eb000000| Untracked 
| 177|0x00000000eb100000, 0x00000000eb100000, 0x00000000eb200000|  0%| F|  |TAMS 0x00000000eb100000| PB 0x00000000eb100000| Untracked 
| 178|0x00000000eb200000, 0x00000000eb200000, 0x00000000eb300000|  0%| F|  |TAMS 0x00000000eb200000| PB 0x00000000eb200000| Untracked 
| 179|0x00000000eb300000, 0x00000000eb300000, 0x00000000eb400000|  0%| F|  |TAMS 0x00000000eb300000| PB 0x00000000eb300000| Untracked 
| 180|0x00000000eb400000, 0x00000000eb400000, 0x00000000eb500000|  0%| F|  |TAMS 0x00000000eb400000| PB 0x00000000eb400000| Untracked 
| 181|0x00000000eb500000, 0x00000000eb500000, 0x00000000eb600000|  0%| F|  |TAMS 0x00000000eb500000| PB 0x00000000eb500000| Untracked 
| 182|0x00000000eb600000, 0x00000000eb600000, 0x00000000eb700000|  0%| F|  |TAMS 0x00000000eb600000| PB 0x00000000eb600000| Untracked 
| 183|0x00000000eb700000, 0x00000000eb700000, 0x00000000eb800000|  0%| F|  |TAMS 0x00000000eb700000| PB 0x00000000eb700000| Untracked 
| 184|0x00000000eb800000, 0x00000000eb800000, 0x00000000eb900000|  0%| F|  |TAMS 0x00000000eb800000| PB 0x00000000eb800000| Untracked 
| 185|0x00000000eb900000, 0x00000000eb900000, 0x00000000eba00000|  0%| F|  |TAMS 0x00000000eb900000| PB 0x00000000eb900000| Untracked 
| 186|0x00000000eba00000, 0x00000000eba00000, 0x00000000ebb00000|  0%| F|  |TAMS 0x00000000eba00000| PB 0x00000000eba00000| Untracked 
| 187|0x00000000ebb00000, 0x00000000ebb00000, 0x00000000ebc00000|  0%| F|  |TAMS 0x00000000ebb00000| PB 0x00000000ebb00000| Untracked 
| 188|0x00000000ebc00000, 0x00000000ebc00000, 0x00000000ebd00000|  0%| F|  |TAMS 0x00000000ebc00000| PB 0x00000000ebc00000| Untracked 
| 189|0x00000000ebd00000, 0x00000000ebd00000, 0x00000000ebe00000|  0%| F|  |TAMS 0x00000000ebd00000| PB 0x00000000ebd00000| Untracked 
| 190|0x00000000ebe00000, 0x00000000ebe00000, 0x00000000ebf00000|  0%| F|  |TAMS 0x00000000ebe00000| PB 0x00000000ebe00000| Untracked 
| 191|0x00000000ebf00000, 0x00000000ebf00000, 0x00000000ec000000|  0%| F|  |TAMS 0x00000000ebf00000| PB 0x00000000ebf00000| Untracked 
| 192|0x00000000ec000000, 0x00000000ec000000, 0x00000000ec100000|  0%| F|  |TAMS 0x00000000ec000000| PB 0x00000000ec000000| Untracked 
| 193|0x00000000ec100000, 0x00000000ec100000, 0x00000000ec200000|  0%| F|  |TAMS 0x00000000ec100000| PB 0x00000000ec100000| Untracked 
| 194|0x00000000ec200000, 0x00000000ec200000, 0x00000000ec300000|  0%| F|  |TAMS 0x00000000ec200000| PB 0x00000000ec200000| Untracked 
| 195|0x00000000ec300000, 0x00000000ec300000, 0x00000000ec400000|  0%| F|  |TAMS 0x00000000ec300000| PB 0x00000000ec300000| Untracked 
| 196|0x00000000ec400000, 0x00000000ec400000, 0x00000000ec500000|  0%| F|  |TAMS 0x00000000ec400000| PB 0x00000000ec400000| Untracked 
| 197|0x00000000ec500000, 0x00000000ec500000, 0x00000000ec600000|  0%| F|  |TAMS 0x00000000ec500000| PB 0x00000000ec500000| Untracked 
| 198|0x00000000ec600000, 0x00000000ec600000, 0x00000000ec700000|  0%| F|  |TAMS 0x00000000ec600000| PB 0x00000000ec600000| Untracked 
| 199|0x00000000ec700000, 0x00000000ec700000, 0x00000000ec800000|  0%| F|  |TAMS 0x00000000ec700000| PB 0x00000000ec700000| Untracked 
| 200|0x00000000ec800000, 0x00000000ec800000, 0x00000000ec900000|  0%| F|  |TAMS 0x00000000ec800000| PB 0x00000000ec800000| Untracked 
| 201|0x00000000ec900000, 0x00000000ec900000, 0x00000000eca00000|  0%| F|  |TAMS 0x00000000ec900000| PB 0x00000000ec900000| Untracked 
| 202|0x00000000eca00000, 0x00000000eca00000, 0x00000000ecb00000|  0%| F|  |TAMS 0x00000000eca00000| PB 0x00000000eca00000| Untracked 
| 203|0x00000000ecb00000, 0x00000000ecb00000, 0x00000000ecc00000|  0%| F|  |TAMS 0x00000000ecb00000| PB 0x00000000ecb00000| Untracked 
| 204|0x00000000ecc00000, 0x00000000ecc00000, 0x00000000ecd00000|  0%| F|  |TAMS 0x00000000ecc00000| PB 0x00000000ecc00000| Untracked 
| 205|0x00000000ecd00000, 0x00000000ecd00000, 0x00000000ece00000|  0%| F|  |TAMS 0x00000000ecd00000| PB 0x00000000ecd00000| Untracked 
| 206|0x00000000ece00000, 0x00000000ece00000, 0x00000000ecf00000|  0%| F|  |TAMS 0x00000000ece00000| PB 0x00000000ece00000| Untracked 
| 207|0x00000000ecf00000, 0x00000000ed000000, 0x00000000ed000000|100%| E|  |TAMS 0x00000000ecf00000| PB 0x00000000ecf00000| Complete 
| 208|0x00000000ed000000, 0x00000000ed100000, 0x00000000ed100000|100%| E|CS|TAMS 0x00000000ed000000| PB 0x00000000ed000000| Complete 
| 209|0x00000000ed100000, 0x00000000ed200000, 0x00000000ed200000|100%| E|CS|TAMS 0x00000000ed100000| PB 0x00000000ed100000| Complete 
| 210|0x00000000ed200000, 0x00000000ed300000, 0x00000000ed300000|100%| E|CS|TAMS 0x00000000ed200000| PB 0x00000000ed200000| Complete 
| 211|0x00000000ed300000, 0x00000000ed400000, 0x00000000ed400000|100%| E|CS|TAMS 0x00000000ed300000| PB 0x00000000ed300000| Complete 
| 212|0x00000000ed400000, 0x00000000ed500000, 0x00000000ed500000|100%| E|CS|TAMS 0x00000000ed400000| PB 0x00000000ed400000| Complete 
| 213|0x00000000ed500000, 0x00000000ed600000, 0x00000000ed600000|100%| E|CS|TAMS 0x00000000ed500000| PB 0x00000000ed500000| Complete 
| 214|0x00000000ed600000, 0x00000000ed700000, 0x00000000ed700000|100%| E|CS|TAMS 0x00000000ed600000| PB 0x00000000ed600000| Complete 
| 215|0x00000000ed700000, 0x00000000ed800000, 0x00000000ed800000|100%| E|CS|TAMS 0x00000000ed700000| PB 0x00000000ed700000| Complete 
| 216|0x00000000ed800000, 0x00000000ed900000, 0x00000000ed900000|100%| E|CS|TAMS 0x00000000ed800000| PB 0x00000000ed800000| Complete 
| 217|0x00000000ed900000, 0x00000000eda00000, 0x00000000eda00000|100%| E|CS|TAMS 0x00000000ed900000| PB 0x00000000ed900000| Complete 
| 218|0x00000000eda00000, 0x00000000edb00000, 0x00000000edb00000|100%| E|CS|TAMS 0x00000000eda00000| PB 0x00000000eda00000| Complete 
| 219|0x00000000edb00000, 0x00000000edc00000, 0x00000000edc00000|100%| E|CS|TAMS 0x00000000edb00000| PB 0x00000000edb00000| Complete 
| 220|0x00000000edc00000, 0x00000000edd00000, 0x00000000edd00000|100%| E|CS|TAMS 0x00000000edc00000| PB 0x00000000edc00000| Complete 
| 221|0x00000000edd00000, 0x00000000ede00000, 0x00000000ede00000|100%| E|CS|TAMS 0x00000000edd00000| PB 0x00000000edd00000| Complete 
| 222|0x00000000ede00000, 0x00000000edf00000, 0x00000000edf00000|100%| E|CS|TAMS 0x00000000ede00000| PB 0x00000000ede00000| Complete 
| 223|0x00000000edf00000, 0x00000000ee000000, 0x00000000ee000000|100%| E|CS|TAMS 0x00000000edf00000| PB 0x00000000edf00000| Complete 
| 224|0x00000000ee000000, 0x00000000ee100000, 0x00000000ee100000|100%| E|CS|TAMS 0x00000000ee000000| PB 0x00000000ee000000| Complete 
| 225|0x00000000ee100000, 0x00000000ee200000, 0x00000000ee200000|100%| E|CS|TAMS 0x00000000ee100000| PB 0x00000000ee100000| Complete 
| 226|0x00000000ee200000, 0x00000000ee300000, 0x00000000ee300000|100%| E|CS|TAMS 0x00000000ee200000| PB 0x00000000ee200000| Complete 
| 227|0x00000000ee300000, 0x00000000ee400000, 0x00000000ee400000|100%| E|CS|TAMS 0x00000000ee300000| PB 0x00000000ee300000| Complete 
| 228|0x00000000ee400000, 0x00000000ee500000, 0x00000000ee500000|100%| E|CS|TAMS 0x00000000ee400000| PB 0x00000000ee400000| Complete 
| 229|0x00000000ee500000, 0x00000000ee600000, 0x00000000ee600000|100%| E|CS|TAMS 0x00000000ee500000| PB 0x00000000ee500000| Complete 
| 230|0x00000000ee600000, 0x00000000ee700000, 0x00000000ee700000|100%| E|  |TAMS 0x00000000ee600000| PB 0x00000000ee600000| Complete 
| 231|0x00000000ee700000, 0x00000000ee800000, 0x00000000ee800000|100%| E|CS|TAMS 0x00000000ee700000| PB 0x00000000ee700000| Complete 
| 232|0x00000000ee800000, 0x00000000ee900000, 0x00000000ee900000|100%| E|CS|TAMS 0x00000000ee800000| PB 0x00000000ee800000| Complete 
| 233|0x00000000ee900000, 0x00000000eea00000, 0x00000000eea00000|100%| E|CS|TAMS 0x00000000ee900000| PB 0x00000000ee900000| Complete 
| 234|0x00000000eea00000, 0x00000000eeb00000, 0x00000000eeb00000|100%| E|CS|TAMS 0x00000000eea00000| PB 0x00000000eea00000| Complete 
| 235|0x00000000eeb00000, 0x00000000eec00000, 0x00000000eec00000|100%| E|CS|TAMS 0x00000000eeb00000| PB 0x00000000eeb00000| Complete 
| 236|0x00000000eec00000, 0x00000000eed00000, 0x00000000eed00000|100%| E|CS|TAMS 0x00000000eec00000| PB 0x00000000eec00000| Complete 
| 237|0x00000000eed00000, 0x00000000eee00000, 0x00000000eee00000|100%| E|CS|TAMS 0x00000000eed00000| PB 0x00000000eed00000| Complete 
| 238|0x00000000eee00000, 0x00000000eef00000, 0x00000000eef00000|100%| E|CS|TAMS 0x00000000eee00000| PB 0x00000000eee00000| Complete 
| 239|0x00000000eef00000, 0x00000000ef000000, 0x00000000ef000000|100%| E|CS|TAMS 0x00000000eef00000| PB 0x00000000eef00000| Complete 
| 240|0x00000000ef000000, 0x00000000ef100000, 0x00000000ef100000|100%| E|CS|TAMS 0x00000000ef000000| PB 0x00000000ef000000| Complete 
| 241|0x00000000ef100000, 0x00000000ef200000, 0x00000000ef200000|100%| E|CS|TAMS 0x00000000ef100000| PB 0x00000000ef100000| Complete 
| 242|0x00000000ef200000, 0x00000000ef300000, 0x00000000ef300000|100%| E|CS|TAMS 0x00000000ef200000| PB 0x00000000ef200000| Complete 
| 243|0x00000000ef300000, 0x00000000ef400000, 0x00000000ef400000|100%| E|CS|TAMS 0x00000000ef300000| PB 0x00000000ef300000| Complete 
| 244|0x00000000ef400000, 0x00000000ef500000, 0x00000000ef500000|100%| E|CS|TAMS 0x00000000ef400000| PB 0x00000000ef400000| Complete 
| 245|0x00000000ef500000, 0x00000000ef600000, 0x00000000ef600000|100%| E|CS|TAMS 0x00000000ef500000| PB 0x00000000ef500000| Complete 
| 246|0x00000000ef600000, 0x00000000ef700000, 0x00000000ef700000|100%| E|CS|TAMS 0x00000000ef600000| PB 0x00000000ef600000| Complete 
| 247|0x00000000ef700000, 0x00000000ef800000, 0x00000000ef800000|100%| E|CS|TAMS 0x00000000ef700000| PB 0x00000000ef700000| Complete 
| 248|0x00000000ef800000, 0x00000000ef900000, 0x00000000ef900000|100%| E|CS|TAMS 0x00000000ef800000| PB 0x00000000ef800000| Complete 
| 249|0x00000000ef900000, 0x00000000efa00000, 0x00000000efa00000|100%| E|CS|TAMS 0x00000000ef900000| PB 0x00000000ef900000| Complete 
| 250|0x00000000efa00000, 0x00000000efb00000, 0x00000000efb00000|100%| E|CS|TAMS 0x00000000efa00000| PB 0x00000000efa00000| Complete 
| 251|0x00000000efb00000, 0x00000000efc00000, 0x00000000efc00000|100%| E|CS|TAMS 0x00000000efb00000| PB 0x00000000efb00000| Complete 
| 252|0x00000000efc00000, 0x00000000efd00000, 0x00000000efd00000|100%| E|CS|TAMS 0x00000000efc00000| PB 0x00000000efc00000| Complete 
| 253|0x00000000efd00000, 0x00000000efdd64a0, 0x00000000efe00000| 83%| S|CS|TAMS 0x00000000efd00000| PB 0x00000000efd00000| Complete 
| 254|0x00000000efe00000, 0x00000000eff00000, 0x00000000eff00000|100%| S|CS|TAMS 0x00000000efe00000| PB 0x00000000efe00000| Complete 
| 255|0x00000000eff00000, 0x00000000f0000000, 0x00000000f0000000|100%| E|CS|TAMS 0x00000000eff00000| PB 0x00000000eff00000| Complete 

Card table byte_map: [0x000001b8ef880000,0x000001b8ef980000] _byte_map_base: 0x000001b8ef180000

Marking Bits: (CMBitMap*) 0x000001b8dd05d5d0
 Bits: [0x000001b8ef980000, 0x000001b8f0180000)

Polling page: 0x000001b8daea0000

Metaspace:

Usage:
  Non-class:     39.51 MB used.
      Class:      6.85 MB used.
       Both:     46.36 MB used.

Virtual space:
  Non-class space:       64.00 MB reserved,      40.31 MB ( 63%) committed,  1 nodes.
      Class space:      320.00 MB reserved,       7.62 MB (  2%) committed,  1 nodes.
             Both:      384.00 MB reserved,      47.94 MB ( 12%) committed. 

Chunk freelists:
   Non-Class:  7.59 MB
       Class:  8.42 MB
        Both:  16.02 MB

MaxMetaspaceSize: 384.00 MB
CompressedClassSpaceSize: 320.00 MB
Initial GC threshold: 21.00 MB
Current GC threshold: 59.69 MB
CDS: on
 - commit_granule_bytes: 65536.
 - commit_granule_words: 8192.
 - virtual_space_node_default_size: 8388608.
 - enlarge_chunks_in_place: 1.
 - use_allocation_guard: 0.


Internal statistics:

num_allocs_failed_limit: 12.
num_arena_births: 2892.
num_arena_deaths: 0.
num_vsnodes_births: 2.
num_vsnodes_deaths: 0.
num_space_committed: 767.
num_space_uncommitted: 0.
num_chunks_returned_to_freelist: 12.
num_chunks_taken_from_freelist: 5130.
num_chunk_merges: 12.
num_chunk_splits: 3337.
num_chunks_enlarged: 2042.
num_inconsistent_stats: 0.

CodeHeap 'non-profiled nmethods': size=120000Kb used=3853Kb max_used=3853Kb free=116146Kb
 bounds [0x000001b8e7d00000, 0x000001b8e80d0000, 0x000001b8ef230000]
CodeHeap 'profiled nmethods': size=120000Kb used=11252Kb max_used=11252Kb free=108748Kb
 bounds [0x000001b8e0230000, 0x000001b8e0d30000, 0x000001b8e7760000]
CodeHeap 'non-nmethods': size=5760Kb used=1855Kb max_used=1899Kb free=3904Kb
 bounds [0x000001b8e7760000, 0x000001b8e79d0000, 0x000001b8e7d00000]
CodeCache: size=245760Kb, used=16960Kb, max_used=17004Kb, free=228798Kb
 total_blobs=6708, nmethods=5982, adapters=630, full_count=0
Compilation: enabled, stopped_count=0, restarted_count=0

Compilation events (20 events):
Event: 963.569 Thread 0x000001b8f2e68770 6542       3       java.lang.invoke.MethodTypeForm::findForm (24 bytes)
Event: 963.569 Thread 0x000001b8f2e68770 nmethod 6542 0x000001b8e0d2a090 code [0x000001b8e0d2a260, 0x000001b8e0d2a4a8]
Event: 963.569 Thread 0x000001b8f2e68770 6545       1       org.gradle.internal.operations.BuildOperationDescriptor$Builder::getParentState (5 bytes)
Event: 963.569 Thread 0x000001b8f2e68770 nmethod 6545 0x000001b8e80c2490 code [0x000001b8e80c2620, 0x000001b8e80c26e8]
Event: 963.569 Thread 0x000001b8f2e68770 6546       1       org.gradle.internal.operations.BuildOperationDescriptor::getMetadata (5 bytes)
Event: 963.569 Thread 0x000001b8f2e68770 nmethod 6546 0x000001b8e80c2790 code [0x000001b8e80c2920, 0x000001b8e80c29e8]
Event: 963.569 Thread 0x000001b8f2e68770 6547       1       org.gradle.internal.operations.BuildOperationDescriptor::getTotalProgress (5 bytes)
Event: 963.570 Thread 0x000001b8f2e68770 nmethod 6547 0x000001b8e80c2a90 code [0x000001b8e80c2c20, 0x000001b8e80c2ce8]
Event: 963.570 Thread 0x000001b8f2e68770 6548       1       org.gradle.internal.operations.BuildOperationCategory::isTopLevelWorkItem (5 bytes)
Event: 963.570 Thread 0x000001b8f2e68770 nmethod 6548 0x000001b8e80c2d90 code [0x000001b8e80c2f20, 0x000001b8e80c2ff0]
Event: 963.570 Thread 0x000001b8f2e68770 6549       1       org.gradle.internal.operations.BuildOperationDescriptor::getProgressDisplayName (5 bytes)
Event: 963.570 Thread 0x000001b8f2e68770 nmethod 6549 0x000001b8e80c3090 code [0x000001b8e80c3220, 0x000001b8e80c32e8]
Event: 963.570 Thread 0x000001b8f2e68770 6550       1       org.gradle.internal.operations.BuildOperationState::getDescription (5 bytes)
Event: 963.570 Thread 0x000001b8f2e68770 nmethod 6550 0x000001b8e80c3390 code [0x000001b8e80c3520, 0x000001b8e80c35e8]
Event: 963.684 Thread 0x000001b8f2e68770 6553       3       org.gradle.internal.logging.sink.OutputEventRenderer::onOutput (82 bytes)
Event: 963.686 Thread 0x000001b8f2e68770 nmethod 6553 0x000001b8e0d2a590 code [0x000001b8e0d2a7e0, 0x000001b8e0d2b420]
Event: 963.686 Thread 0x000001b8f2e68770 6551       3       java.util.concurrent.atomic.AtomicBoolean::set (14 bytes)
Event: 963.686 Thread 0x000001b8f2e68770 nmethod 6551 0x000001b8e0d2b690 code [0x000001b8e0d2b820, 0x000001b8e0d2b988]
Event: 963.686 Thread 0x000001b8f2e68770 6552       3       org.gradle.internal.operations.DefaultBuildOperationRunner::assertParentRunning (47 bytes)
Event: 963.688 Thread 0x000001b8f2e68770 nmethod 6552 0x000001b8e0d2ba10 code [0x000001b8e0d2bcc0, 0x000001b8e0d2cb48]

GC Heap History (18 events):
Event: 1.958 GC heap before
{Heap before GC invocations=0 (full 0):
 garbage-first heap   total 262144K, used 26624K [0x00000000e0000000, 0x0000000100000000)
  region size 1024K, 23 young (23552K), 0 survivors (0K)
 Metaspace       used 1130K, committed 1280K, reserved 393216K
  class space    used 81K, committed 128K, reserved 327680K
}
Event: 1.966 GC heap after
{Heap after GC invocations=1 (full 0):
 garbage-first heap   total 262144K, used 9335K [0x00000000e0000000, 0x0000000100000000)
  region size 1024K, 3 young (3072K), 3 survivors (3072K)
 Metaspace       used 1130K, committed 1280K, reserved 393216K
  class space    used 81K, committed 128K, reserved 327680K
}
Event: 57.461 GC heap before
{Heap before GC invocations=1 (full 0):
 garbage-first heap   total 262144K, used 41079K [0x00000000e0000000, 0x0000000100000000)
  region size 1024K, 34 young (34816K), 3 survivors (3072K)
 Metaspace       used 4337K, committed 4544K, reserved 393216K
  class space    used 544K, committed 640K, reserved 327680K
}
Event: 57.469 GC heap after
{Heap after GC invocations=2 (full 0):
 garbage-first heap   total 262144K, used 12017K [0x00000000e0000000, 0x0000000100000000)
  region size 1024K, 3 young (3072K), 3 survivors (3072K)
 Metaspace       used 4337K, committed 4544K, reserved 393216K
  class space    used 544K, committed 640K, reserved 327680K
}
Event: 109.724 GC heap before
{Heap before GC invocations=2 (full 0):
 garbage-first heap   total 262144K, used 57073K [0x00000000e0000000, 0x0000000100000000)
  region size 1024K, 46 young (47104K), 3 survivors (3072K)
 Metaspace       used 5463K, committed 5696K, reserved 393216K
  class space    used 720K, committed 832K, reserved 327680K
}
Event: 109.736 GC heap after
{Heap after GC invocations=3 (full 0):
 garbage-first heap   total 262144K, used 17439K [0x00000000e0000000, 0x0000000100000000)
  region size 1024K, 6 young (6144K), 6 survivors (6144K)
 Metaspace       used 5463K, committed 5696K, reserved 393216K
  class space    used 720K, committed 832K, reserved 327680K
}
Event: 243.331 GC heap before
{Heap before GC invocations=3 (full 0):
 garbage-first heap   total 262144K, used 108575K [0x00000000e0000000, 0x0000000100000000)
  region size 1024K, 96 young (98304K), 6 survivors (6144K)
 Metaspace       used 20878K, committed 21504K, reserved 393216K
  class space    used 3049K, committed 3328K, reserved 327680K
}
Event: 243.413 GC heap after
{Heap after GC invocations=4 (full 0):
 garbage-first heap   total 262144K, used 24607K [0x00000000e0000000, 0x0000000100000000)
  region size 1024K, 13 young (13312K), 13 survivors (13312K)
 Metaspace       used 20878K, committed 21504K, reserved 393216K
  class space    used 3049K, committed 3328K, reserved 327680K
}
Event: 352.998 GC heap before
{Heap before GC invocations=5 (full 0):
 garbage-first heap   total 262144K, used 134175K [0x00000000e0000000, 0x0000000100000000)
  region size 1024K, 122 young (124928K), 13 survivors (13312K)
 Metaspace       used 34794K, committed 35968K, reserved 393216K
  class space    used 5044K, committed 5632K, reserved 327680K
}
Event: 353.043 GC heap after
{Heap after GC invocations=6 (full 0):
 garbage-first heap   total 262144K, used 33195K [0x00000000e0000000, 0x0000000100000000)
  region size 1024K, 16 young (16384K), 16 survivors (16384K)
 Metaspace       used 34794K, committed 35968K, reserved 393216K
  class space    used 5044K, committed 5632K, reserved 327680K
}
Event: 356.590 GC heap before
{Heap before GC invocations=6 (full 0):
 garbage-first heap   total 262144K, used 35243K [0x00000000e0000000, 0x0000000100000000)
  region size 1024K, 19 young (19456K), 16 survivors (16384K)
 Metaspace       used 35072K, committed 36288K, reserved 393216K
  class space    used 5098K, committed 5696K, reserved 327680K
}
Event: 356.639 GC heap after
{Heap after GC invocations=7 (full 0):
 garbage-first heap   total 262144K, used 32845K [0x00000000e0000000, 0x0000000100000000)
  region size 1024K, 9 young (9216K), 9 survivors (9216K)
 Metaspace       used 35072K, committed 36288K, reserved 393216K
  class space    used 5098K, committed 5696K, reserved 327680K
}
Event: 358.640 GC heap before
{Heap before GC invocations=7 (full 0):
 garbage-first heap   total 262144K, used 34893K [0x00000000e0000000, 0x0000000100000000)
  region size 1024K, 12 young (12288K), 9 survivors (9216K)
 Metaspace       used 35388K, committed 36608K, reserved 393216K
  class space    used 5146K, committed 5760K, reserved 327680K
}
Event: 358.670 GC heap after
{Heap after GC invocations=8 (full 0):
 garbage-first heap   total 262144K, used 32404K [0x00000000e0000000, 0x0000000100000000)
  region size 1024K, 8 young (8192K), 8 survivors (8192K)
 Metaspace       used 35388K, committed 36608K, reserved 393216K
  class space    used 5146K, committed 5760K, reserved 327680K
}
Event: 801.371 GC heap before
{Heap before GC invocations=9 (full 0):
 garbage-first heap   total 262144K, used 181908K [0x00000000e0000000, 0x0000000100000000)
  region size 1024K, 153 young (156672K), 8 survivors (8192K)
 Metaspace       used 46555K, committed 48128K, reserved 393216K
  class space    used 6850K, committed 7616K, reserved 327680K
}
Event: 801.778 GC heap after
{Heap after GC invocations=10 (full 0):
 garbage-first heap   total 262144K, used 37434K [0x00000000e0000000, 0x0000000100000000)
  region size 1024K, 13 young (13312K), 13 survivors (13312K)
 Metaspace       used 46555K, committed 48128K, reserved 393216K
  class space    used 6850K, committed 7616K, reserved 327680K
}
Event: 803.840 GC heap before
{Heap before GC invocations=10 (full 0):
 garbage-first heap   total 262144K, used 38458K [0x00000000e0000000, 0x0000000100000000)
  region size 1024K, 14 young (14336K), 13 survivors (13312K)
 Metaspace       used 46555K, committed 48128K, reserved 393216K
  class space    used 6850K, committed 7616K, reserved 327680K
}
Event: 803.873 GC heap after
{Heap after GC invocations=11 (full 0):
 garbage-first heap   total 262144K, used 38745K [0x00000000e0000000, 0x0000000100000000)
  region size 1024K, 2 young (2048K), 2 survivors (2048K)
 Metaspace       used 46555K, committed 48128K, reserved 393216K
  class space    used 6850K, committed 7616K, reserved 327680K
}

Dll operation events (20 events):
Event: 0.425 Attempting to load shared library C:\Users\Angelina Thennessa\.vscode\extensions\redhat.java-1.56.0-win32-x64\jre\21.0.12.1-win32-x86_64\bin\nio.dll
Event: 0.427 Loaded shared library C:\Users\Angelina Thennessa\.vscode\extensions\redhat.java-1.56.0-win32-x64\jre\21.0.12.1-win32-x86_64\bin\nio.dll
Event: 0.436 Attempting to load shared library C:\Users\Angelina Thennessa\.vscode\extensions\redhat.java-1.56.0-win32-x64\jre\21.0.12.1-win32-x86_64\bin\zip.dll
Event: 0.436 Loaded shared library C:\Users\Angelina Thennessa\.vscode\extensions\redhat.java-1.56.0-win32-x64\jre\21.0.12.1-win32-x86_64\bin\zip.dll
Event: 1.305 Attempting to load shared library C:\Users\Angelina Thennessa\.vscode\extensions\redhat.java-1.56.0-win32-x64\jre\21.0.12.1-win32-x86_64\bin\jimage.dll
Event: 1.305 Loaded shared library C:\Users\Angelina Thennessa\.vscode\extensions\redhat.java-1.56.0-win32-x64\jre\21.0.12.1-win32-x86_64\bin\jimage.dll
Event: 2.090 Attempting to load shared library C:\Users\Angelina Thennessa\.vscode\extensions\redhat.java-1.56.0-win32-x64\jre\21.0.12.1-win32-x86_64\bin\verify.dll
Event: 2.094 Loaded shared library C:\Users\Angelina Thennessa\.vscode\extensions\redhat.java-1.56.0-win32-x64\jre\21.0.12.1-win32-x86_64\bin\verify.dll
Event: 11.341 Attempting to load shared library C:\Users\Angelina Thennessa\.gradle\native\c067742578af261105cb4f569cf0c3c89f3d7b1fecec35dd04571415982c5e48\windows-amd64\native-platform.dll
Event: 11.410 Loaded shared library C:\Users\Angelina Thennessa\.gradle\native\c067742578af261105cb4f569cf0c3c89f3d7b1fecec35dd04571415982c5e48\windows-amd64\native-platform.dll
Event: 11.677 Attempting to load shared library C:\Users\Angelina Thennessa\.gradle\native\100fb08df4bc3b14c8652ba06237920a3bd2aa13389f12d3474272988ae205f9\windows-amd64\native-platform-file-events.dll
Event: 11.766 Loaded shared library C:\Users\Angelina Thennessa\.gradle\native\100fb08df4bc3b14c8652ba06237920a3bd2aa13389f12d3474272988ae205f9\windows-amd64\native-platform-file-events.dll
Event: 120.907 Attempting to load shared library C:\Users\Angelina Thennessa\.vscode\extensions\redhat.java-1.56.0-win32-x64\jre\21.0.12.1-win32-x86_64\bin\management.dll
Event: 120.909 Loaded shared library C:\Users\Angelina Thennessa\.vscode\extensions\redhat.java-1.56.0-win32-x64\jre\21.0.12.1-win32-x86_64\bin\management.dll
Event: 121.387 Attempting to load shared library C:\Users\Angelina Thennessa\.vscode\extensions\redhat.java-1.56.0-win32-x64\jre\21.0.12.1-win32-x86_64\bin\management_ext.dll
Event: 121.521 Loaded shared library C:\Users\Angelina Thennessa\.vscode\extensions\redhat.java-1.56.0-win32-x64\jre\21.0.12.1-win32-x86_64\bin\management_ext.dll
Event: 141.399 Attempting to load shared library C:\Users\Angelina Thennessa\.vscode\extensions\redhat.java-1.56.0-win32-x64\jre\21.0.12.1-win32-x86_64\bin\extnet.dll
Event: 141.400 Loaded shared library C:\Users\Angelina Thennessa\.vscode\extensions\redhat.java-1.56.0-win32-x64\jre\21.0.12.1-win32-x86_64\bin\extnet.dll
Event: 155.878 Attempting to load shared library C:\Users\Angelina Thennessa\.vscode\extensions\redhat.java-1.56.0-win32-x64\jre\21.0.12.1-win32-x86_64\bin\sunmscapi.dll
Event: 156.142 Loaded shared library C:\Users\Angelina Thennessa\.vscode\extensions\redhat.java-1.56.0-win32-x64\jre\21.0.12.1-win32-x86_64\bin\sunmscapi.dll

Deoptimization events (20 events):
Event: 910.042 Thread 0x000001b8fb25eb80 DEOPT PACKING pc=0x000001b8e808f500 sp=0x00000007006fd520
Event: 910.042 Thread 0x000001b8fb25eb80 DEOPT UNPACKING pc=0x000001b8e77b4422 sp=0x00000007006fd578 mode 2
Event: 932.454 Thread 0x000001b8f8565590 Uncommon trap: trap_request=0xffffff45 fr.pc=0x000001b8e8039cd0 relative=0x0000000000000410
Event: 932.454 Thread 0x000001b8f8565590 Uncommon trap: reason=unstable_if action=reinterpret pc=0x000001b8e8039cd0 method=java.util.stream.AbstractPipeline.<init>(Ljava/util/stream/AbstractPipeline;I)V @ 69 c2
Event: 932.454 Thread 0x000001b8f8565590 DEOPT PACKING pc=0x000001b8e8039cd0 sp=0x000000077e9f91c0
Event: 932.454 Thread 0x000001b8f8565590 DEOPT UNPACKING pc=0x000001b8e77b4422 sp=0x000000077e9f9178 mode 2
Event: 959.343 Thread 0x000001b8fb25ff30 DEOPT PACKING pc=0x000001b8e080a1c6 sp=0x00000007008fcc10
Event: 959.343 Thread 0x000001b8fb25ff30 DEOPT UNPACKING pc=0x000001b8e77b4bc2 sp=0x00000007008fc190 mode 0
Event: 962.942 Thread 0x000001b8fb25cab0 Uncommon trap: trap_request=0xffffffde fr.pc=0x000001b8e7f46c10 relative=0x0000000000000070
Event: 962.942 Thread 0x000001b8fb25cab0 Uncommon trap: reason=class_check action=maybe_recompile pc=0x000001b8e7f46c10 method=java.util.stream.StreamOpFlag.fromCharacteristics(Ljava/util/Spliterator;)I @ 14 c2
Event: 962.942 Thread 0x000001b8fb25cab0 DEOPT PACKING pc=0x000001b8e7f46c10 sp=0x0000000700bfd210
Event: 962.942 Thread 0x000001b8fb25cab0 DEOPT UNPACKING pc=0x000001b8e77b4422 sp=0x0000000700bfd1a8 mode 2
Event: 963.329 Thread 0x000001b8fb25ff30 Uncommon trap: trap_request=0xffffff45 fr.pc=0x000001b8e806b970 relative=0x00000000000002d0
Event: 963.329 Thread 0x000001b8fb25ff30 Uncommon trap: reason=unstable_if action=reinterpret pc=0x000001b8e806b970 method=sun.nio.ch.Util$BufferCache.get(I)Ljava/nio/ByteBuffer; @ 47 c2
Event: 963.329 Thread 0x000001b8fb25ff30 DEOPT PACKING pc=0x000001b8e806b970 sp=0x00000007008fd690
Event: 963.329 Thread 0x000001b8fb25ff30 DEOPT UNPACKING pc=0x000001b8e77b4422 sp=0x00000007008fd5e0 mode 2
Event: 963.490 Thread 0x000001b8fb25ff30 Uncommon trap: trap_request=0xffffff54 fr.pc=0x000001b8e7e6ee30 relative=0x00000000000011d0
Event: 963.490 Thread 0x000001b8fb25ff30 Uncommon trap: reason=speculate_null_assert action=make_not_entrant pc=0x000001b8e7e6ee30 method=jdk.internal.util.ReferencedKeyMap.existingKey(Ljdk/internal/util/ReferencedKeyMap;Ljava/lang/Object;)Ljava/lang/Object; @ 18 c2
Event: 963.491 Thread 0x000001b8fb25ff30 DEOPT PACKING pc=0x000001b8e7e6ee30 sp=0x00000007008fd600
Event: 963.491 Thread 0x000001b8fb25ff30 DEOPT UNPACKING pc=0x000001b8e77b4422 sp=0x00000007008fd4e0 mode 2

Classes loaded (20 events):
Event: 943.267 Loading class jdk/internal/reflect/UTF8
Event: 943.369 Loading class jdk/internal/reflect/UTF8 done
Event: 943.546 Loading class jdk/internal/reflect/Label
Event: 943.612 Loading class jdk/internal/reflect/Label done
Event: 943.613 Loading class jdk/internal/reflect/Label$PatchInfo
Event: 943.613 Loading class jdk/internal/reflect/Label$PatchInfo done
Event: 943.613 Loading class jdk/internal/reflect/MethodAccessorGenerator$1
Event: 943.614 Loading class jdk/internal/reflect/MethodAccessorGenerator$1 done
Event: 943.614 Loading class jdk/internal/reflect/ClassDefiner
Event: 943.678 Loading class jdk/internal/reflect/ClassDefiner done
Event: 943.679 Loading class jdk/internal/reflect/ClassDefiner$1
Event: 943.680 Loading class jdk/internal/reflect/ClassDefiner$1 done
Event: 943.961 Loading class jdk/internal/reflect/SerializationConstructorAccessorImpl
Event: 943.962 Loading class jdk/internal/reflect/SerializationConstructorAccessorImpl done
Event: 963.283 Loading class java/nio/channels/Channels
Event: 963.297 Loading class java/nio/channels/Channels done
Event: 963.297 Loading class sun/nio/ch/Streams
Event: 963.299 Loading class sun/nio/ch/Streams done
Event: 963.299 Loading class sun/nio/ch/ChannelInputStream
Event: 963.313 Loading class sun/nio/ch/ChannelInputStream done

Classes unloaded (0 events):
No events

Classes redefined (0 events):
No events

Internal exceptions (20 events):
Event: 507.280 Thread 0x000001b8f8565590 Exception <a 'java/lang/NoSuchMethodError'{0x00000000ea783818}: 'java.lang.Object java.lang.invoke.Invokers$Holder.linkToTargetMethod(java.lang.Object, java.lang.Object, java.lang.Object, java.lang.Object, long, java.lang.Object)'> (0x00000000ea783818) 
thrown [s\src\hotspot\share\interpreter\linkResolver.cpp, line 773]
Event: 508.073 Thread 0x000001b8f8565590 Exception <a 'java/lang/NoSuchMethodError'{0x00000000ea7cc0a8}: 'java.lang.Object java.lang.invoke.DirectMethodHandle$Holder.newInvokeSpecial(java.lang.Object, java.lang.Object, java.lang.Object, long)'> (0x00000000ea7cc0a8) 
thrown [s\src\hotspot\share\interpreter\linkResolver.cpp, line 773]
Event: 508.074 Thread 0x000001b8f8565590 Exception <a 'java/lang/NoSuchMethodError'{0x00000000ea7d0e28}: 'java.lang.Object java.lang.invoke.DirectMethodHandle$Holder.invokeSpecial(java.lang.Object, java.lang.Object, java.lang.Object, java.lang.Object, long)'> (0x00000000ea7d0e28) 
thrown [s\src\hotspot\share\interpreter\linkResolver.cpp, line 773]
Event: 508.134 Thread 0x000001b8f8565590 Exception <a 'java/lang/NoSuchMethodError'{0x00000000ea7d5298}: 'java.lang.Object java.lang.invoke.Invokers$Holder.linkToTargetMethod(java.lang.Object, java.lang.Object, long, java.lang.Object)'> (0x00000000ea7d5298) 
thrown [s\src\hotspot\share\interpreter\linkResolver.cpp, line 773]
Event: 512.786 Thread 0x000001b8f8565590 Exception <a 'java/lang/NoSuchMethodError'{0x00000000ea5ec0c0}: 'java.lang.Object java.lang.invoke.DirectMethodHandle$Holder.newInvokeSpecial(java.lang.Object, java.lang.Object, java.lang.Object, java.lang.Object, java.lang.Object, java.lang.Object, java.lang.Object, java.lang.Object, java.lang.Object, java.lang.Object, java.lang.Object, java.lang.Object, java.lang.Object, java.lang.Object, java.lang.Object, java.lang.Object, java.lang.Object, java.lang.Object, java.lang.Object, java.lang.Object, java.lang
Event: 512.788 Thread 0x000001b8f8565590 Exception <a 'java/lang/NoSuchMethodError'{0x00000000ea5f3ec0}: 'java.lang.Object java.lang.invoke.DirectMethodHandle$Holder.invokeSpecial(java.lang.Object, java.lang.Object, java.lang.Object, java.lang.Object, java.lang.Object, java.lang.Object, java.lang.Object, java.lang.Object, java.lang.Object, java.lang.Object, java.lang.Object, java.lang.Object, java.lang.Object, java.lang.Object, java.lang.Object, java.lang.Object, java.lang.Object, java.lang.Object, java.lang.Object, java.lang.Object, java.lang.Ob
Event: 512.789 Thread 0x000001b8f8565590 Exception <a 'java/lang/NoSuchMethodError'{0x00000000ea5fa400}: 'java.lang.Object java.lang.invoke.DelegatingMethodHandle$Holder.reinvoke_L(java.lang.Object, java.lang.Object, java.lang.Object, java.lang.Object, java.lang.Object, java.lang.Object, java.lang.Object, java.lang.Object, java.lang.Object, java.lang.Object, java.lang.Object, java.lang.Object, java.lang.Object, java.lang.Object, java.lang.Object, java.lang.Object, java.lang.Object, java.lang.Object, java.lang.Object, java.lang.Object, java.lang.O
Event: 525.126 Thread 0x000001b8f8565590 Exception <a 'java/lang/NoSuchMethodError'{0x00000000e9e5a988}: 'java.lang.Object java.lang.invoke.DirectMethodHandle$Holder.newInvokeSpecial(java.lang.Object, java.lang.Object, int, java.lang.Object)'> (0x00000000e9e5a988) 
thrown [s\src\hotspot\share\interpreter\linkResolver.cpp, line 773]
Event: 525.127 Thread 0x000001b8f8565590 Exception <a 'java/lang/NoSuchMethodError'{0x00000000e9e5f438}: 'java.lang.Object java.lang.invoke.DirectMethodHandle$Holder.invokeSpecial(java.lang.Object, java.lang.Object, java.lang.Object, int, java.lang.Object)'> (0x00000000e9e5f438) 
thrown [s\src\hotspot\share\interpreter\linkResolver.cpp, line 773]
Event: 531.463 Thread 0x000001b8f8565590 Exception <a 'java/lang/NoSuchMethodError'{0x00000000e9ba4b28}: 'java.lang.Object java.lang.invoke.DirectMethodHandle$Holder.newInvokeSpecial(java.lang.Object, int, java.lang.Object)'> (0x00000000e9ba4b28) 
thrown [s\src\hotspot\share\interpreter\linkResolver.cpp, line 773]
Event: 545.794 Thread 0x000001b8f8565590 Exception <a 'java/lang/NoSuchMethodError'{0x00000000e942d780}: 'java.lang.Object java.lang.invoke.DirectMethodHandle$Holder.newInvokeSpecial(java.lang.Object, java.lang.Object, java.lang.Object, int)'> (0x00000000e942d780) 
thrown [s\src\hotspot\share\interpreter\linkResolver.cpp, line 773]
Event: 545.818 Thread 0x000001b8f8565590 Exception <a 'java/lang/NoSuchMethodError'{0x00000000e9432510}: 'java.lang.Object java.lang.invoke.DirectMethodHandle$Holder.invokeSpecial(java.lang.Object, java.lang.Object, java.lang.Object, java.lang.Object, int)'> (0x00000000e9432510) 
thrown [s\src\hotspot\share\interpreter\linkResolver.cpp, line 773]
Event: 545.819 Thread 0x000001b8f8565590 Exception <a 'java/lang/NoSuchMethodError'{0x00000000e9436c28}: 'java.lang.Object java.lang.invoke.Invokers$Holder.linkToTargetMethod(java.lang.Object, java.lang.Object, int, java.lang.Object)'> (0x00000000e9436c28) 
thrown [s\src\hotspot\share\interpreter\linkResolver.cpp, line 773]
Event: 551.324 Thread 0x000001b8f8565590 Exception <a 'java/lang/NoSuchMethodError'{0x00000000e92f4b90}: 'int java.lang.invoke.DirectMethodHandle$Holder.invokeSpecialIFC(java.lang.Object, java.lang.Object, java.lang.Object)'> (0x00000000e92f4b90) 
thrown [s\src\hotspot\share\interpreter\linkResolver.cpp, line 773]
Event: 561.741 Thread 0x000001b8f8565590 Exception <a 'java/lang/NoSuchMethodError'{0x00000000e8d0d9b0}: 'java.lang.Object java.lang.invoke.DirectMethodHandle$Holder.invokeSpecial(java.lang.Object, java.lang.Object, java.lang.Object, java.lang.Object, java.lang.Object, long)'> (0x00000000e8d0d9b0) 
thrown [s\src\hotspot\share\interpreter\linkResolver.cpp, line 773]
Event: 562.075 Thread 0x000001b8f8565590 Exception <a 'java/lang/NoSuchMethodError'{0x00000000e8d338a0}: 'void java.lang.invoke.DirectMethodHandle$Holder.invokeStatic(java.lang.Object, java.lang.Object, java.lang.Object, int, java.lang.Object)'> (0x00000000e8d338a0) 
thrown [s\src\hotspot\share\interpreter\linkResolver.cpp, line 773]
Event: 646.826 Thread 0x000001b8f8565590 Exception <a 'java/lang/NoSuchMethodError'{0x00000000e83dc630}: 'java.lang.Object java.lang.invoke.DirectMethodHandle$Holder.invokeSpecial(java.lang.Object, java.lang.Object, long, java.lang.Object, java.lang.Object)'> (0x00000000e83dc630) 
thrown [s\src\hotspot\share\interpreter\linkResolver.cpp, line 773]
Event: 677.894 Thread 0x000001b8f8565590 Implicit null exception at 0x000001b8e8029261 to 0x000001b8e8029410
Event: 944.929 Thread 0x000001b8f8565590 Exception <a 'java/lang/NoSuchMethodError'{0x00000000ed8d4de8}: 'java.lang.Object java.lang.invoke.DirectMethodHandle$Holder.newInvokeSpecial(java.lang.Object, java.lang.Object, java.lang.Object, java.lang.Object, int, java.lang.Object)'> (0x00000000ed8d4de8) 
thrown [s\src\hotspot\share\interpreter\linkResolver.cpp, line 773]
Event: 945.031 Thread 0x000001b8f8565590 Exception <a 'java/lang/NoSuchMethodError'{0x00000000ed8dd6e8}: 'java.lang.Object java.lang.invoke.Invokers$Holder.linkToTargetMethod(java.lang.Object, java.lang.Object, java.lang.Object, int, java.lang.Object, java.lang.Object)'> (0x00000000ed8dd6e8) 
thrown [s\src\hotspot\share\interpreter\linkResolver.cpp, line 773]

ZGC Phase Switch (0 events):
No events

VM Operations (20 events):
Event: 946.878 Executing safepoint VM operation: Cleanup
Event: 946.970 Executing safepoint VM operation: Cleanup done
Event: 949.988 Executing safepoint VM operation: Cleanup
Event: 950.019 Executing safepoint VM operation: Cleanup done
Event: 954.051 Executing safepoint VM operation: Cleanup
Event: 954.097 Executing safepoint VM operation: Cleanup done
Event: 956.115 Executing safepoint VM operation: Cleanup
Event: 956.115 Executing safepoint VM operation: Cleanup done
Event: 957.125 Executing safepoint VM operation: Cleanup
Event: 957.141 Executing safepoint VM operation: Cleanup done
Event: 958.142 Executing safepoint VM operation: Cleanup
Event: 958.142 Executing safepoint VM operation: Cleanup done
Event: 960.160 Executing safepoint VM operation: Cleanup
Event: 960.160 Executing safepoint VM operation: Cleanup done
Event: 962.175 Executing safepoint VM operation: Cleanup
Event: 962.175 Executing safepoint VM operation: Cleanup done
Event: 963.176 Executing safepoint VM operation: Cleanup
Event: 963.192 Executing safepoint VM operation: Cleanup done
Event: 964.204 Executing safepoint VM operation: Cleanup
Event: 964.204 Executing safepoint VM operation: Cleanup done

Memory protections (0 events):
No events

Nmethod flushes (20 events):
Event: 358.716 Thread 0x000001b8f2e2aab0 flushing  nmethod 0x000001b8e05fb010
Event: 358.716 Thread 0x000001b8f2e2aab0 flushing  nmethod 0x000001b8e05fcb90
Event: 358.716 Thread 0x000001b8f2e2aab0 flushing  nmethod 0x000001b8e0618e10
Event: 358.716 Thread 0x000001b8f2e2aab0 flushing  nmethod 0x000001b8e0644110
Event: 358.716 Thread 0x000001b8f2e2aab0 flushing  nmethod 0x000001b8e0644690
Event: 358.716 Thread 0x000001b8f2e2aab0 flushing  nmethod 0x000001b8e066d210
Event: 358.716 Thread 0x000001b8f2e2aab0 flushing  nmethod 0x000001b8e066e610
Event: 358.716 Thread 0x000001b8f2e2aab0 flushing  nmethod 0x000001b8e066e910
Event: 358.716 Thread 0x000001b8f2e2aab0 flushing  nmethod 0x000001b8e066f190
Event: 358.716 Thread 0x000001b8f2e2aab0 flushing  nmethod 0x000001b8e0735910
Event: 358.716 Thread 0x000001b8f2e2aab0 flushing  nmethod 0x000001b8e07a1510
Event: 358.716 Thread 0x000001b8f2e2aab0 flushing  nmethod 0x000001b8e06ae590
Event: 358.716 Thread 0x000001b8f2e2aab0 flushing  nmethod 0x000001b8e06c3790
Event: 358.716 Thread 0x000001b8f2e2aab0 flushing  nmethod 0x000001b8e06c7e10
Event: 358.716 Thread 0x000001b8f2e2aab0 flushing  nmethod 0x000001b8e07dda10
Event: 358.716 Thread 0x000001b8f2e2aab0 flushing  nmethod 0x000001b8e06b1c10
Event: 358.716 Thread 0x000001b8f2e2aab0 flushing  nmethod 0x000001b8e06b2d10
Event: 358.716 Thread 0x000001b8f2e2aab0 flushing  nmethod 0x000001b8e06bd390
Event: 358.716 Thread 0x000001b8f2e2aab0 flushing  nmethod 0x000001b8e06fc210
Event: 358.716 Thread 0x000001b8f2e2aab0 flushing  nmethod 0x000001b8e0752210

Events (20 events):
Event: 867.272 Thread 0x000001b8f8565590 Thread added: 0x000001b8fb25bd90
Event: 867.307 Thread 0x000001b8f8565590 Thread added: 0x000001b8fb25c420
Event: 867.308 Thread 0x000001b8f8565590 Thread added: 0x000001b8fb25d7d0
Event: 867.309 Thread 0x000001b8f8565590 Thread added: 0x000001b8fb25b070
Event: 867.310 Thread 0x000001b8f8565590 Thread added: 0x000001b8fb25a9e0
Event: 867.333 Thread 0x000001b8f8565590 Thread added: 0x000001b8fb25a350
Event: 867.336 Thread 0x000001b8f8565590 Thread added: 0x000001b8fb25e4f0
Event: 867.360 Thread 0x000001b8f8565590 Thread added: 0x000001b8fb25eb80
Event: 867.361 Thread 0x000001b8f8565590 Thread added: 0x000001b8fb25b700
Event: 955.240 Thread 0x000001b8f8565590 Thread added: 0x000001b8fb25ff30
Event: 956.221 Thread 0x000001b8f8565590 Thread added: 0x000001b8fb25d140
Event: 956.290 Thread 0x000001b8f8565590 Thread added: 0x000001b8fb25de60
Event: 956.345 Thread 0x000001b8f8565590 Thread added: 0x000001b8fb25cab0
Event: 956.380 Thread 0x000001b8f8565590 Thread added: 0x000001b8fb2612e0
Event: 956.503 Thread 0x000001b8f8565590 Thread added: 0x000001b8fb260c50
Event: 956.646 Thread 0x000001b8f8565590 Thread added: 0x000001b8fb2605c0
Event: 956.728 Thread 0x000001b8f8565590 Thread added: 0x000001b8fb25f8a0
Event: 956.907 Thread 0x000001b8f8565590 Thread added: 0x000001b8fb261970
Event: 957.003 Thread 0x000001b8f8565590 Thread added: 0x000001b8fb25f210
Event: 957.228 Thread 0x000001b8f8565590 Thread added: 0x000001b8fa9d4830


Dynamic libraries:
0x00007ff64eb40000 - 0x00007ff64eb4e000 	C:\Users\Angelina Thennessa\.vscode\extensions\redhat.java-1.56.0-win32-x64\jre\21.0.12.1-win32-x86_64\bin\java.exe
0x00007ffe5d260000 - 0x00007ffe5d4c6000 	C:\Windows\SYSTEM32\ntdll.dll
0x00007ffe5bcd0000 - 0x00007ffe5bd99000 	C:\Windows\System32\KERNEL32.DLL
0x00007ffe5a720000 - 0x00007ffe5ab1f000 	C:\Windows\System32\KERNELBASE.dll
0x00007ffe5ae30000 - 0x00007ffe5af7c000 	C:\Windows\System32\ucrtbase.dll
0x00007ffe442f0000 - 0x00007ffe4430e000 	C:\Users\Angelina Thennessa\.vscode\extensions\redhat.java-1.56.0-win32-x64\jre\21.0.12.1-win32-x86_64\bin\VCRUNTIME140.dll
0x00007ffe43960000 - 0x00007ffe43978000 	C:\Users\Angelina Thennessa\.vscode\extensions\redhat.java-1.56.0-win32-x64\jre\21.0.12.1-win32-x86_64\bin\jli.dll
0x00007ffe5b640000 - 0x00007ffe5b806000 	C:\Windows\System32\USER32.dll
0x00007ffe38b20000 - 0x00007ffe38db1000 	C:\Windows\WinSxS\amd64_microsoft.windows.common-controls_6595b64144ccf1df_6.0.26100.8972_none_3e0da176e32f9d4b\COMCTL32.dll
0x00007ffe5a6f0000 - 0x00007ffe5a717000 	C:\Windows\System32\win32u.dll
0x00007ffe5bc20000 - 0x00007ffe5bcc9000 	C:\Windows\System32\msvcrt.dll
0x00007ffe5ba70000 - 0x00007ffe5ba9b000 	C:\Windows\System32\GDI32.dll
0x00007ffe5a470000 - 0x00007ffe5a599000 	C:\Windows\System32\gdi32full.dll
0x00007ffe5acc0000 - 0x00007ffe5ad63000 	C:\Windows\System32\msvcp_win.dll
0x00007ffe5b530000 - 0x00007ffe5b562000 	C:\Windows\System32\IMM32.DLL
0x00007ffe442e0000 - 0x00007ffe442ec000 	C:\Users\Angelina Thennessa\.vscode\extensions\redhat.java-1.56.0-win32-x64\jre\21.0.12.1-win32-x86_64\bin\vcruntime140_1.dll
0x00007ffe3d620000 - 0x00007ffe3d6ad000 	C:\Users\Angelina Thennessa\.vscode\extensions\redhat.java-1.56.0-win32-x64\jre\21.0.12.1-win32-x86_64\bin\msvcp140.dll
0x00007ffde1940000 - 0x00007ffde26e2000 	C:\Users\Angelina Thennessa\.vscode\extensions\redhat.java-1.56.0-win32-x64\jre\21.0.12.1-win32-x86_64\bin\server\jvm.dll
0x00007ffe5baa0000 - 0x00007ffe5bb5c000 	C:\Windows\System32\ADVAPI32.dll
0x00007ffe5bb70000 - 0x00007ffe5bc1a000 	C:\Windows\System32\sechost.dll
0x00007ffe5bea0000 - 0x00007ffe5bfb8000 	C:\Windows\System32\RPCRT4.dll
0x00007ffe5cd10000 - 0x00007ffe5cd92000 	C:\Windows\System32\WS2_32.dll
0x00007ffe5a2d0000 - 0x00007ffe5a32e000 	C:\Windows\SYSTEM32\POWRPROF.dll
0x00007ffe4e610000 - 0x00007ffe4e646000 	C:\Windows\SYSTEM32\WINMM.dll
0x00007ffe4d570000 - 0x00007ffe4d57b000 	C:\Windows\SYSTEM32\VERSION.dll
0x00007ffe5a2b0000 - 0x00007ffe5a2c5000 	C:\Windows\SYSTEM32\UMPDC.dll
0x00007ffe59160000 - 0x00007ffe5917b000 	C:\Windows\SYSTEM32\kernel.appcore.dll
0x00007ffe438f0000 - 0x00007ffe438fa000 	C:\Users\Angelina Thennessa\.vscode\extensions\redhat.java-1.56.0-win32-x64\jre\21.0.12.1-win32-x86_64\bin\jimage.dll
0x00007ffe57900000 - 0x00007ffe57b42000 	C:\Windows\SYSTEM32\DBGHELP.DLL
0x00007ffe5af90000 - 0x00007ffe5b315000 	C:\Windows\System32\combase.dll
0x00007ffe5b810000 - 0x00007ffe5b8e9000 	C:\Windows\System32\OLEAUT32.dll
0x00007ffe3aee0000 - 0x00007ffe3af1b000 	C:\Windows\SYSTEM32\dbgcore.DLL
0x00007ffe5a630000 - 0x00007ffe5a6dc000 	C:\Windows\System32\bcryptPrimitives.dll
0x00007ffe438e0000 - 0x00007ffe438ef000 	C:\Users\Angelina Thennessa\.vscode\extensions\redhat.java-1.56.0-win32-x64\jre\21.0.12.1-win32-x86_64\bin\instrument.dll
0x00007ffe43940000 - 0x00007ffe43960000 	C:\Users\Angelina Thennessa\.vscode\extensions\redhat.java-1.56.0-win32-x64\jre\21.0.12.1-win32-x86_64\bin\java.dll
0x00007ffe5bfc0000 - 0x00007ffe5c748000 	C:\Windows\System32\SHELL32.dll
0x00007ffe57f20000 - 0x00007ffe587bb000 	C:\Windows\SYSTEM32\windows.storage.dll
0x00007ffe5bda0000 - 0x00007ffe5be99000 	C:\Windows\System32\SHCORE.dll
0x00007ffe5b320000 - 0x00007ffe5b386000 	C:\Windows\System32\shlwapi.dll
0x00007ffe5a390000 - 0x00007ffe5a3b9000 	C:\Windows\SYSTEM32\profapi.dll
0x00007ffe3e0c0000 - 0x00007ffe3e0d8000 	C:\Users\Angelina Thennessa\.vscode\extensions\redhat.java-1.56.0-win32-x64\jre\21.0.12.1-win32-x86_64\bin\zip.dll
0x00007ffe43900000 - 0x00007ffe43910000 	C:\Users\Angelina Thennessa\.vscode\extensions\redhat.java-1.56.0-win32-x64\jre\21.0.12.1-win32-x86_64\bin\net.dll
0x00007ffe504f0000 - 0x00007ffe50618000 	C:\Windows\SYSTEM32\WINHTTP.dll
0x00007ffe59710000 - 0x00007ffe5977c000 	C:\Windows\system32\mswsock.dll
0x00007ffe3d420000 - 0x00007ffe3d436000 	C:\Users\Angelina Thennessa\.vscode\extensions\redhat.java-1.56.0-win32-x64\jre\21.0.12.1-win32-x86_64\bin\nio.dll
0x00007ffe43910000 - 0x00007ffe43920000 	C:\Users\Angelina Thennessa\.vscode\extensions\redhat.java-1.56.0-win32-x64\jre\21.0.12.1-win32-x86_64\bin\verify.dll
0x00007ffe41d70000 - 0x00007ffe41d97000 	C:\Users\Angelina Thennessa\.gradle\native\c067742578af261105cb4f569cf0c3c89f3d7b1fecec35dd04571415982c5e48\windows-amd64\native-platform.dll
0x00007ffddeff0000 - 0x00007ffddf134000 	C:\Users\Angelina Thennessa\.gradle\native\100fb08df4bc3b14c8652ba06237920a3bd2aa13389f12d3474272988ae205f9\windows-amd64\native-platform-file-events.dll
0x00007ffe3e0e0000 - 0x00007ffe3e0ea000 	C:\Users\Angelina Thennessa\.vscode\extensions\redhat.java-1.56.0-win32-x64\jre\21.0.12.1-win32-x86_64\bin\management.dll
0x00007ffe3dcc0000 - 0x00007ffe3dccc000 	C:\Users\Angelina Thennessa\.vscode\extensions\redhat.java-1.56.0-win32-x64\jre\21.0.12.1-win32-x86_64\bin\management_ext.dll
0x00007ffe5b630000 - 0x00007ffe5b638000 	C:\Windows\System32\PSAPI.DLL
0x00007ffe59a00000 - 0x00007ffe59a1b000 	C:\Windows\SYSTEM32\CRYPTSP.dll
0x00007ffe590c0000 - 0x00007ffe590f9000 	C:\Windows\system32\rsaenh.dll
0x00007ffe597c0000 - 0x00007ffe597f2000 	C:\Windows\SYSTEM32\USERENV.dll
0x00007ffe5a360000 - 0x00007ffe5a38a000 	C:\Windows\SYSTEM32\bcrypt.dll
0x00007ffe59a20000 - 0x00007ffe59a2c000 	C:\Windows\SYSTEM32\CRYPTBASE.dll
0x00007ffe58bc0000 - 0x00007ffe58bf3000 	C:\Windows\SYSTEM32\IPHLPAPI.DLL
0x00007ffe5c750000 - 0x00007ffe5c75a000 	C:\Windows\System32\NSI.dll
0x00007ffe43920000 - 0x00007ffe43929000 	C:\Users\Angelina Thennessa\.vscode\extensions\redhat.java-1.56.0-win32-x64\jre\21.0.12.1-win32-x86_64\bin\extnet.dll
0x00007ffe43930000 - 0x00007ffe4393e000 	C:\Users\Angelina Thennessa\.vscode\extensions\redhat.java-1.56.0-win32-x64\jre\21.0.12.1-win32-x86_64\bin\sunmscapi.dll
0x00007ffe5ab30000 - 0x00007ffe5acae000 	C:\Windows\System32\CRYPT32.dll
0x00007ffe59c40000 - 0x00007ffe59c70000 	C:\Windows\SYSTEM32\ncrypt.dll
0x00007ffe59bf0000 - 0x00007ffe59c2f000 	C:\Windows\SYSTEM32\NTASN1.dll
0x00007ffe12720000 - 0x00007ffe12728000 	C:\Windows\system32\wshunix.dll

JVMTI agents:
C:\Users\Angelina Thennessa\.gradle\wrapper\dists\gradle-8.9-bin\90cnw93cvbtalezasaz0blq0a\gradle-8.9\lib\agents\gradle-instrumentation-agent-8.9.jar path:C:\Users\Angelina Thennessa\.vscode\extensions\redhat.java-1.56.0-win32-x64\jre\21.0.12.1-win32-x86_64\bin\instrument.dll, loaded, initialized, instrumentlib options:none

dbghelp: loaded successfully - version: 4.0.5 - missing functions: none
symbol engine: initialized successfully - sym options: 0x614 - pdb path: .;C:\Users\Angelina Thennessa\.vscode\extensions\redhat.java-1.56.0-win32-x64\jre\21.0.12.1-win32-x86_64\bin;C:\Windows\SYSTEM32;C:\Windows\WinSxS\amd64_microsoft.windows.common-controls_6595b64144ccf1df_6.0.26100.8972_none_3e0da176e32f9d4b;C:\Users\Angelina Thennessa\.vscode\extensions\redhat.java-1.56.0-win32-x64\jre\21.0.12.1-win32-x86_64\bin\server;C:\Users\Angelina Thennessa\.gradle\native\c067742578af261105cb4f569cf0c3c89f3d7b1fecec35dd04571415982c5e48\windows-amd64;C:\Users\Angelina Thennessa\.gradle\native\100fb08df4bc3b14c8652ba06237920a3bd2aa13389f12d3474272988ae205f9\windows-amd64

VM Arguments:
jvm_args: --add-opens=java.base/java.util=ALL-UNNAMED --add-opens=java.base/java.lang=ALL-UNNAMED --add-opens=java.base/java.lang.invoke=ALL-UNNAMED --add-opens=java.prefs/java.util.prefs=ALL-UNNAMED --add-exports=jdk.compiler/com.sun.tools.javac.api=ALL-UNNAMED --add-exports=jdk.compiler/com.sun.tools.javac.util=ALL-UNNAMED --add-opens=java.base/java.nio.charset=ALL-UNNAMED --add-opens=java.base/java.net=ALL-UNNAMED --add-opens=java.base/java.util.concurrent.atomic=ALL-UNNAMED -XX:MaxMetaspaceSize=384m -XX:+HeapDumpOnOutOfMemoryError -Xms256m -Xmx512m -Dfile.encoding=utf8 -Duser.country=US -Duser.language=en -Duser.variant -javaagent:C:\Users\Angelina Thennessa\.gradle\wrapper\dists\gradle-8.9-bin\90cnw93cvbtalezasaz0blq0a\gradle-8.9\lib\agents\gradle-instrumentation-agent-8.9.jar 
java_command: org.gradle.launcher.daemon.bootstrap.GradleDaemon 8.9
java_class_path (initial): C:\Users\Angelina Thennessa\.gradle\wrapper\dists\gradle-8.9-bin\90cnw93cvbtalezasaz0blq0a\gradle-8.9\lib\gradle-daemon-main-8.9.jar
Launcher Type: SUN_STANDARD

[Global flags]
     intx CICompilerCount                          = 4                                         {product} {ergonomic}
   size_t CompressedClassSpaceSize                 = 335544320                                 {product} {ergonomic}
     uint ConcGCThreads                            = 3                                         {product} {ergonomic}
     uint G1ConcRefinementThreads                  = 10                                        {product} {ergonomic}
   size_t G1HeapRegionSize                         = 1048576                                   {product} {ergonomic}
    uintx GCDrainStackTargetSize                   = 64                                        {product} {ergonomic}
     bool HeapDumpOnOutOfMemoryError               = true                                   {manageable} {command line}
   size_t InitialHeapSize                          = 268435456                                 {product} {command line}
   size_t MarkStackSize                            = 4194304                                   {product} {ergonomic}
   size_t MaxHeapSize                              = 536870912                                 {product} {command line}
   size_t MaxMetaspaceSize                         = 402653184                                 {product} {command line}
   size_t MaxNewSize                               = 321912832                                 {product} {ergonomic}
   size_t MinHeapDeltaBytes                        = 1048576                                   {product} {ergonomic}
   size_t MinHeapSize                              = 268435456                                 {product} {command line}
    uintx NonNMethodCodeHeapSize                   = 5839372                                {pd product} {ergonomic}
    uintx NonProfiledCodeHeapSize                  = 122909434                              {pd product} {ergonomic}
    uintx ProfiledCodeHeapSize                     = 122909434                              {pd product} {ergonomic}
    uintx ReservedCodeCacheSize                    = 251658240                              {pd product} {ergonomic}
     bool SegmentedCodeCache                       = true                                      {product} {ergonomic}
   size_t SoftMaxHeapSize                          = 536870912                              {manageable} {ergonomic}
     bool UseCompressedOops                        = true                           {product lp64_product} {ergonomic}
     bool UseG1GC                                  = true                                      {product} {ergonomic}
     bool UseLargePagesIndividualAllocation        = false                                  {pd product} {ergonomic}

Logging:
Log output configuration:
 #0: stdout all=warning uptime,level,tags foldmultilines=false
 #1: stderr all=off uptime,level,tags foldmultilines=false

Release file:
JAVA_VERSION="21.0.12.1" 
MODULES="java.base java.compiler java.datatransfer java.xml java.prefs java.desktop java.instrument java.logging java.management java.security.sasl java.naming java.rmi java.management.rmi java.net.http java.scripting java.security.jgss java.transaction.xa java.sql java.sql.rowset java.xml.crypto java.se java.smartcardio jdk.accessibility jdk.internal.jvmstat jdk.attach jdk.charsets jdk.internal.opt jdk.zipfs jdk.compiler jdk.crypto.ec jdk.crypto.cryptoki jdk.crypto.mscapi jdk.dynalink jdk.internal.ed jdk.editpad jdk.hotspot.agent jdk.httpserver jdk.internal.le jdk.internal.vm.ci jdk.internal.vm.compiler jdk.internal.vm.compiler.management jdk.jartool jdk.javadoc jdk.jcmd jdk.management jdk.management.agent jdk.jconsole jdk.jdeps jdk.jdwp.agent jdk.jdi jdk.jfr jdk.jshell jdk.jsobject jdk.jstatd jdk.localedata jdk.management.jfr jdk.naming.dns jdk.naming.rmi jdk.net jdk.nio.mapmode jdk.random jdk.sctp jdk.security.auth jdk.security.jgss jdk.unsupported jdk.unsupported.desktop jdk.xml.dom" 

Environment Variables:
PATH=C:\laragon\bin\composer;C:\laragon\bin\git\bin;C:\laragon\bin\git\cmd;C:\laragon\bin\git\mingw64\bin;C:\laragon\bin\git\usr\bin;C:\laragon\bin\mysql\mysql-8.4.3-winx64\bin;C:\laragon\bin\ngrok;C:\laragon\bin\nodejs\node-v22;C:\laragon\bin\php\php-8.3.30-Win32-vs16-x64;C:\laragon\bin\python\python-3.13;C:\laragon\bin\python\python-3.13\Scripts;C:\laragon\usr\bin;C:\Users\Angelina Thennessa\AppData\Local\Yarn\config\global\node_modules\.bin;C:\Users\Angelina Thennessa\AppData\Roaming\Composer\vendor\bin;C:\Users\Angelina Thennessa\AppData\Roaming\npm;C:\Users\Angelina Thennessa\.local\bin;C:\Users\Angelina Thennessa\.config\herd-lite\bin;C:\Users\Angelina Thennessa\AppData\Local\Microsoft\WindowsApps;C:\Users\Angelina Thennessa\AppData\Local\Programs\Microsoft VS Code\bin;D:\CollageStuff\Semester 5\MobileProgramming\flutter\bin;C:\Program Files\Git\cmd;C:\Windows\System32;C:\Android\Sdk;C:\laragon\bin\composer;C:\laragon\bin\git\bin;C:\laragon\bin\git\cmd;C:\laragon\bin\git\mingw64\bin;C:\laragon\bin\git\usr\bin;C:\laragon\bin\mysql\mysql-8.4.3-winx64\bin;C:\laragon\bin\ngrok;C:\laragon\bin\nodejs\node-v22;C:\laragon\bin\php\php-8.3.30-Win32-vs16-x64;C:\laragon\bin\python\python-3.13;C:\laragon\bin\python\python-3.13\Scripts;C:\laragon\usr\bin;C:\Users\Angelina Thennessa\AppData\Local\Yarn\config\global\node_modules\.bin;C:\Users\Angelina Thennessa\AppData\Roaming\Composer\vendor\bin;C:\Users\Angelina Thennessa\AppData\Roaming\npm;C:\Users\Angelina Thennessa\.local\bin;C:\Users\Angelina Thennessa\.config\herd-lite\bin;C:\Users\Angelina Thennessa\AppData\Local\Microsoft\WindowsApps;C:\Users\Angelina Thennessa\AppData\Local\Programs\Microsoft VS Code\bin;C:\src\flutter\bin;
USERNAME=Angelina Thennessa
OS=Windows_NT
PROCESSOR_IDENTIFIER=Intel64 Family 6 Model 186 Stepping 2, GenuineIntel
TMP=C:\Users\ANGELI~1\AppData\Local\Temp
TEMP=C:\Users\ANGELI~1\AppData\Local\Temp




Periodic native trim disabled

---------------  S Y S T E M  ---------------

OS:
 Windows 11 , 64 bit Build 26100 (10.0.26100.9168)
OS uptime: 0 days 22:55 hours
Hyper-V role detected

CPU: total 12 (initial active 12) (6 cores per cpu, 2 threads per core) family 6 model 186 stepping 2 microcode 0x5105, cx8, cmov, fxsr, ht, mmx, 3dnowpref, sse, sse2, sse3, ssse3, sse4.1, sse4.2, popcnt, lzcnt, tsc, tscinvbit, avx, avx2, aes, erms, clmul, bmi1, bmi2, adx, sha, fma, vzeroupper, clflush, clflushopt, clwb, hv, serialize, rdtscp, rdpid, fsrm, f16c, cet_ibt, cet_ss
Processor Information for processor 0
  Max Mhz: 2100, Current Mhz: 1453, Mhz Limit: 2100
Processor Information for processor 1
  Max Mhz: 2100, Current Mhz: 1453, Mhz Limit: 2100
Processor Information for processor 2
  Max Mhz: 2100, Current Mhz: 1453, Mhz Limit: 2100
Processor Information for processor 3
  Max Mhz: 2100, Current Mhz: 1453, Mhz Limit: 2100
Processor Information for processor 4
  Max Mhz: 2100, Current Mhz: 1453, Mhz Limit: 2100
Processor Information for processor 5
  Max Mhz: 2100, Current Mhz: 1453, Mhz Limit: 2100
Processor Information for processor 6
  Max Mhz: 2100, Current Mhz: 1453, Mhz Limit: 2100
Processor Information for processor 7
  Max Mhz: 2100, Current Mhz: 1453, Mhz Limit: 2100
Processor Information for processor 8
  Max Mhz: 2100, Current Mhz: 1500, Mhz Limit: 1491
Processor Information for processor 9
  Max Mhz: 2100, Current Mhz: 1500, Mhz Limit: 1491
Processor Information for processor 10
  Max Mhz: 2100, Current Mhz: 1500, Mhz Limit: 1491
Processor Information for processor 11
  Max Mhz: 2100, Current Mhz: 1500, Mhz Limit: 1491

Memory: 4k page, system-wide physical 16046M (231M free)
TotalPageFile size 41497M (AvailPageFile size 9M)
current process WorkingSet (physical memory assigned to process): 162M, peak: 270M
current process commit charge ("private bytes"): 462M, peak: 472M

vm_info: OpenJDK 64-Bit Server VM (21.0.12.1+1-LTS) for windows-amd64 JRE (21.0.12.1+1-LTS), built on 2026-08-18T00:00:00Z by "admin" with MS VC++ 17.12 (VS2022)

END.
